[01m[K/home/pth/pth/model/Go2_simulator/src/controls/go2_controller/src/go2_controller.cpp:[m[K In member function ‘[01m[Kvoid go2_controller::Init()[m[K’:
[01m[K/home/pth/pth/model/Go2_simulator/src/controls/go2_controller/src/go2_controller.cpp:63:99:[m[K [01;31m[Kerror: [m[Kexpected ‘[01m[K;[m[K’ before numeric constant
   63 |     Walk_Pattern << 1.0, 1.0, 1.0, 1.0, 0.0, 1.0, 1.0, 1.0, 1.0, 1.0, 1.0, 1.0, 1.0, 0.0, 1.0, 1.0
      |                                                                                                   [01;31m[K^[m[K
      |                                                                                                   [32m[K;[m[K
   64 |                     [32m[K1.0[m[K, 1.0, 1.0, 1.0, 1.0, 1.0, 0.0, 1.0, 1.0, 1.0, 1.0, 1.0, 1.0, 1.0, 1.0, 0.0;
      |                     [32m[K~~~[m[K                                                                            
[01m[K/home/pth/pth/model/Go2_simulator/src/controls/go2_controller/src/go2_controller.cpp:66:29:[m[K [01;31m[Kerror: [m[Kqualified-id in declaration before ‘[01m[K([m[K’ token
   66 | void go2_controller::Command[01;31m[K([m[Kbool flag)
      |                             [01;31m[K^[m[K
[01m[K/home/pth/pth/model/Go2_simulator/src/controls/go2_controller/src/go2_controller.cpp:113:28:[m[K [01;31m[Kerror: [m[Kqualified-id in declaration before ‘[01m[K([m[K’ token
  113 | void go2_controller::Homing[01;31m[K([m[K) // 초기자세 설정 하는 코드
      |                            [01;31m[K^[m[K
[01m[K/home/pth/pth/model/Go2_simulator/src/controls/go2_controller/src/go2_controller.cpp:177:30:[m[K [01;31m[Kerror: [m[Kqualified-id in declaration before ‘[01m[K([m[K’ token
  177 | void go2_controller::Squating[01;31m[K([m[K)
      |                              [01;31m[K^[m[K
[01m[K/home/pth/pth/model/Go2_simulator/src/controls/go2_controller/src/go2_controller.cpp:315:33:[m[K [01;31m[Kerror: [m[Kqualified-id in declaration before ‘[01m[K([m[K’ token
  315 | void go2_controller::SRBMControl[01;31m[K([m[K)
      |                                 [01;31m[K^[m[K
[01m[K/home/pth/pth/model/Go2_simulator/src/controls/go2_controller/src/go2_controller.cpp:368:41:[m[K [01;31m[Kerror: [m[Kqualified-id in declaration before ‘[01m[K([m[K’ token
  368 | void go2_controller::Reference_Generator[01;31m[K([m[K)
      |                                         [01;31m[K^[m[K
[01m[K/home/pth/pth/model/Go2_simulator/src/controls/go2_controller/src/go2_controller.cpp:375:36:[m[K [01;31m[Kerror: [m[Kqualified-id in declaration before ‘[01m[K([m[K’ token
  375 | void go2_controller::Gait_Scheduler[01;31m[K([m[K)
      |                                    [01;31m[K^[m[K
[01m[K/home/pth/pth/model/Go2_simulator/src/controls/go2_controller/src/go2_controller.cpp:424:35:[m[K [01;31m[Kerror: [m[Kqualified-id in declaration before ‘[01m[K([m[K’ token
  424 | void go2_controller::Swing_Control[01;31m[K([m[K)
      |                                   [01;31m[K^[m[K
[01m[K/home/pth/pth/model/Go2_simulator/src/controls/go2_controller/src/go2_controller.cpp:464:37:[m[K [01;31m[Kerror: [m[Kqualified-id in declaration before ‘[01m[K([m[K’ token
  464 | void go2_controller::Posture_Control[01;31m[K([m[K)
      |                                     [01;31m[K^[m[K
[01m[K/home/pth/pth/model/Go2_simulator/src/controls/go2_controller/src/go2_controller.cpp:495:25:[m[K [01;31m[Kerror: [m[Kqualified-id in declaration before ‘[01m[K([m[K’ token
  495 | void go2_controller::Run[01;31m[K([m[K)
      |                         [01;31m[K^[m[K
[01m[K/home/pth/pth/model/Go2_simulator/src/controls/go2_controller/src/go2_controller.cpp:528:29:[m[K [01;31m[Kerror: [m[Kqualified-id in declaration before ‘[01m[K([m[K’ token
  528 | void go2_controller::CentRun[01;31m[K([m[K)
      |                             [01;31m[K^[m[K
[01m[K/home/pth/pth/model/Go2_simulator/src/controls/go2_controller/src/go2_controller.cpp:561:29:[m[K [01;31m[Kerror: [m[Kqualified-id in declaration before ‘[01m[K([m[K’ token
  561 | void go2_controller::PlotRun[01;31m[K([m[K)
      |                             [01;31m[K^[m[K
[01m[K/home/pth/pth/model/Go2_simulator/src/controls/go2_controller/src/go2_controller.cpp:594:39:[m[K [01;31m[Kerror: [m[Kqualified-id in declaration before ‘[01m[K([m[K’ token
  594 | void go2_controller::StateBodyCallback[01;31m[K([m[Kconst gazebo_msgs::ModelStates::ConstPtr &body)
      |                                       [01;31m[K^[m[K
[01m[K/home/pth/pth/model/Go2_simulator/src/controls/go2_controller/src/go2_controller.cpp:638:38:[m[K [01;31m[Kerror: [m[Kqualified-id in declaration before ‘[01m[K([m[K’ token
  638 | void go2_controller::StateLegCallback[01;31m[K([m[Kconst sensor_msgs::JointState &state)
      |                                      [01;31m[K^[m[K
[01m[K/home/pth/pth/model/Go2_simulator/src/controls/go2_controller/src/go2_controller.cpp:669:41:[m[K [01;31m[Kerror: [m[Kqualified-id in declaration before ‘[01m[K([m[K’ token
  669 | void go2_controller::SendCommandsToRobot[01;31m[K([m[K)
      |                                         [01;31m[K^[m[K
[01m[K/home/pth/pth/model/Go2_simulator/src/controls/go2_controller/src/go2_controller.cpp:689:32:[m[K [01;31m[Kerror: [m[Kqualified-id in declaration before ‘[01m[K([m[K’ token
  689 | void go2_controller::DataStream[01;31m[K([m[K)
      |                                [01;31m[K^[m[K
[01m[K/home/pth/pth/model/Go2_simulator/src/controls/go2_controller/src/go2_controller.cpp:735:39:[m[K [01;31m[Kerror: [m[Kqualified-id in declaration before ‘[01m[K([m[K’ token
  735 | void go2_controller::Set_FK_Kinematics[01;31m[K([m[K)
      |                                       [01;31m[K^[m[K
[01m[K/home/pth/pth/model/Go2_simulator/src/controls/go2_controller/src/go2_controller.cpp:749:36:[m[K [01;31m[Kerror: [m[Kqualified-id in declaration before ‘[01m[K([m[K’ token
  749 | void go2_controller::Set_Kinematics[01;31m[K([m[K)
      |                                    [01;31m[K^[m[K
[01m[K/home/pth/pth/model/Go2_simulator/src/controls/go2_controller/src/go2_controller.cpp:783:1:[m[K [01;31m[Kerror: [m[Kexpected ‘[01m[K}[m[K’ at end of input
  783 | [01;31m[K}[m[K
      | [01;31m[K^[m[K
[01m[K/home/pth/pth/model/Go2_simulator/src/controls/go2_controller/src/go2_controller.cpp:5:1:[m[K [01;36m[Knote: [m[Kto match this ‘[01m[K{[m[K’
    5 | [01;36m[K{[m[K
      | [01;36m[K^[m[K
[01m[K/home/pth/pth/model/Go2_simulator/src/controls/go2_controller/src/go2_controller.cpp:7:11:[m[K [01;35m[Kwarning: [m[Kignoring return value of ‘[01m[Kint system(const char*)[m[K’, declared with attribute warn_unused_result [[01;35m[K-Wunused-result[m[K]
    7 |     [01;35m[Ksystem("clear")[m[K;
      |     [01;35m[K~~~~~~^~~~~~~~~[m[K
make[2]: *** [CMakeFiles/go2_controller.dir/build.make:79: CMakeFiles/go2_controller.dir/src/go2_controller.cpp.o] Error 1
make[1]: *** [CMakeFiles/Makefile2:2775: CMakeFiles/go2_controller.dir/all] Error 2
make: *** [Makefile:146: all] Error 2
