[01m[K/home/pth/pth/model/Go2_simulator/src/controls/go2_controller/src/go2_controller.cpp:[m[K In member function ‘[01m[Kvoid go2_controller::SwingLeg_Control()[m[K’:
[01m[K/home/pth/pth/model/Go2_simulator/src/controls/go2_controller/src/go2_controller.cpp:422:14:[m[K [01;31m[Kerror: [m[K‘[01m[Kleg[m[K’ was not declared in this scope; did you mean ‘[01m[Klog[m[K’?
  422 |     Kp_Swing[[01;31m[Kleg[m[K].diagonal() << 1300.0, 1300.0, 1000.0;
      |              [01;31m[K^~~[m[K
      |              [32m[Klog[m[K
[01m[K/home/pth/pth/model/Go2_simulator/src/controls/go2_controller/src/go2_controller.cpp:430:55:[m[K [01;31m[Kerror: [m[K‘[01m[Kstep_height[m[K’ was not declared in this scope
  430 |     EE_Pose_desired[leg](Z) = Init_Foot_pos[leg](Z) + [01;31m[Kstep_height[m[K * 0.5 * (1 - cos(M_PI * vertical_phase));
      |                                                       [01;31m[K^~~~~~~~~~~[m[K
[01m[K/home/pth/pth/model/Go2_simulator/src/controls/go2_controller/src/go2_controller.cpp:434:30:[m[K [01;31m[Kerror: [m[K‘[01m[KH_STEP[m[K’ was not declared in this scope
  434 |     EE_Vel_desired[leg](Z) = [01;31m[KH_STEP[m[K * 0.5 * M_PI * sin(M_PI * vertical_phase);
      |                              [01;31m[K^~~~~~[m[K
[01m[K/home/pth/pth/model/Go2_simulator/src/controls/go2_controller/src/go2_controller.cpp:[m[K In member function ‘[01m[Kvoid go2_controller::Posture_Control()[m[K’:
[01m[K/home/pth/pth/model/Go2_simulator/src/controls/go2_controller/src/go2_controller.cpp:468:33:[m[K [01;31m[Kerror: [m[Kno matching function for call to ‘[01m[Kgo2_controller::SwingLeg_Control(int&)[m[K’
  468 |             SwingLeg_Control(leg[01;31m[K)[m[K;
      |                                 [01;31m[K^[m[K
[01m[K/home/pth/pth/model/Go2_simulator/src/controls/go2_controller/src/go2_controller.cpp:419:6:[m[K [01;36m[Knote: [m[Kcandidate: ‘[01m[Kvoid go2_controller::SwingLeg_Control()[m[K’
  419 | void [01;36m[Kgo2_controller[m[K::SwingLeg_Control()
      |      [01;36m[K^~~~~~~~~~~~~~[m[K
[01m[K/home/pth/pth/model/Go2_simulator/src/controls/go2_controller/src/go2_controller.cpp:419:6:[m[K [01;36m[Knote: [m[K  candidate expects 0 arguments, 1 provided
[01m[K/home/pth/pth/model/Go2_simulator/src/controls/go2_controller/src/go2_controller.cpp:[m[K In member function ‘[01m[Kvoid go2_controller::Init()[m[K’:
[01m[K/home/pth/pth/model/Go2_simulator/src/controls/go2_controller/src/go2_controller.cpp:6:11:[m[K [01;35m[Kwarning: [m[Kignoring return value of ‘[01m[Kint system(const char*)[m[K’, declared with attribute warn_unused_result [[01;35m[K-Wunused-result[m[K]
    6 |     [01;35m[Ksystem("clear")[m[K;
      |     [01;35m[K~~~~~~^~~~~~~~~[m[K
make[2]: *** [CMakeFiles/go2_controller.dir/build.make:79: CMakeFiles/go2_controller.dir/src/go2_controller.cpp.o] Error 1
make[1]: *** [CMakeFiles/Makefile2:2775: CMakeFiles/go2_controller.dir/all] Error 2
make: *** [Makefile:146: all] Error 2
