[01m[K/home/pth/pth/model/Go2_simulator/src/controls/go2_controller/src/go2_controller.cpp:[m[K In member function ‘[01m[Kvoid go2_controller::SwingLeg_Control()[m[K’:
[01m[K/home/pth/pth/model/Go2_simulator/src/controls/go2_controller/src/go2_controller.cpp:448:58:[m[K [01;31m[Kerror: [m[Kexpected ‘[01m[K([m[K’ before ‘[01m[KHor_Swing_Time[m[K’
  448 |             double horizontal_phase = static_cast<double>[01;31m[KH[m[K[32m[Kor_Swing_Time[m[K / static_cast<double>T_TROT;
      |                                                          [01;31m[K^[m[K[32m[K~~~~~~~~~~~~~[m[K
      |                                                          [32m[K([m[K
[01m[K/home/pth/pth/model/Go2_simulator/src/controls/go2_controller/src/go2_controller.cpp:448:94:[m[K [01;31m[Kerror: [m[Kexpected ‘[01m[K([m[K’ before ‘[01m[KT_TROT[m[K’
  448 |             double horizontal_phase = static_cast<double>Hor_Swing_Time / static_cast<double>[01;31m[KT[m[K[32m[K_TROT[m[K;
      |                                                                                              [01;31m[K^[m[K[32m[K~~~~~[m[K
      |                                                                                              [32m[K([m[K
[01m[K/home/pth/pth/model/Go2_simulator/src/controls/go2_controller/src/go2_controller.cpp:448:100:[m[K [01;31m[Kerror: [m[Kexpected ‘[01m[K)[m[K’ before ‘[01m[K;[m[K’ token
  448 |             double horizontal_phase = static_cast<double>Hor_Swing_Time / static_cast<double>T_TROT[01;31m[K;[m[K
      |                                                                                                    [01;31m[K^[m[K
      |                                                                                                    [32m[K)[m[K
[01m[K/home/pth/pth/model/Go2_simulator/src/controls/go2_controller/src/go2_controller.cpp:448:73:[m[K [01;31m[Kerror: [m[Kinvalid operands of types ‘[01m[Kdouble [4][m[K’ and ‘[01m[Kdouble[m[K’ to binary ‘[01m[Koperator/[m[K’
  448 |             double horizontal_phase = static_cast<double>[32m[KHor_Swing_Time[m[K [01;31m[K/[m[K static_cast<double>T_TROT;
      |                                                          [32m[K~~~~~~~~~~~~~~[m[K [01;31m[K^[m[K
      |                                                          [32m[K|[m[K
      |                                                          [32m[Kdouble [4][m[K
[01m[K/home/pth/pth/model/Go2_simulator/src/controls/go2_controller/src/go2_controller.cpp:448:100:[m[K [01;31m[Kerror: [m[Kexpected ‘[01m[K)[m[K’ before ‘[01m[K;[m[K’ token
  448 |             double horizontal_phase = static_cast<double>Hor_Swing_Time / static_cast<double>T_TROT[01;31m[K;[m[K
      |                                                                                                    [01;31m[K^[m[K
      |                                                                                                    [32m[K)[m[K
[01m[K/home/pth/pth/model/Go2_simulator/src/controls/go2_controller/src/go2_controller.cpp:449:56:[m[K [01;31m[Kerror: [m[Kexpected ‘[01m[K([m[K’ before ‘[01m[KVer_Swing_Time[m[K’
  449 |             double vertical_phase = static_cast<double>[01;31m[KV[m[K[32m[Ker_Swing_Time[m[K / static_cast<double>T_TROT;
      |                                                        [01;31m[K^[m[K[32m[K~~~~~~~~~~~~~[m[K
      |                                                        [32m[K([m[K
[01m[K/home/pth/pth/model/Go2_simulator/src/controls/go2_controller/src/go2_controller.cpp:449:92:[m[K [01;31m[Kerror: [m[Kexpected ‘[01m[K([m[K’ before ‘[01m[KT_TROT[m[K’
  449 |             double vertical_phase = static_cast<double>Ver_Swing_Time / static_cast<double>[01;31m[KT[m[K[32m[K_TROT[m[K;
      |                                                                                            [01;31m[K^[m[K[32m[K~~~~~[m[K
      |                                                                                            [32m[K([m[K
[01m[K/home/pth/pth/model/Go2_simulator/src/controls/go2_controller/src/go2_controller.cpp:449:98:[m[K [01;31m[Kerror: [m[Kexpected ‘[01m[K)[m[K’ before ‘[01m[K;[m[K’ token
  449 |             double vertical_phase = static_cast<double>Ver_Swing_Time / static_cast<double>T_TROT[01;31m[K;[m[K
      |                                                                                                  [01;31m[K^[m[K
      |                                                                                                  [32m[K)[m[K
[01m[K/home/pth/pth/model/Go2_simulator/src/controls/go2_controller/src/go2_controller.cpp:449:71:[m[K [01;31m[Kerror: [m[Kinvalid operands of types ‘[01m[Kdouble [4][m[K’ and ‘[01m[Kdouble[m[K’ to binary ‘[01m[Koperator/[m[K’
  449 |             double vertical_phase = static_cast<double>[32m[KVer_Swing_Time[m[K [01;31m[K/[m[K static_cast<double>T_TROT;
      |                                                        [32m[K~~~~~~~~~~~~~~[m[K [01;31m[K^[m[K
      |                                                        [32m[K|[m[K
      |                                                        [32m[Kdouble [4][m[K
[01m[K/home/pth/pth/model/Go2_simulator/src/controls/go2_controller/src/go2_controller.cpp:449:98:[m[K [01;31m[Kerror: [m[Kexpected ‘[01m[K)[m[K’ before ‘[01m[K;[m[K’ token
  449 |             double vertical_phase = static_cast<double>Ver_Swing_Time / static_cast<double>T_TROT[01;31m[K;[m[K
      |                                                                                                  [01;31m[K^[m[K
      |                                                                                                  [32m[K)[m[K
[01m[K/home/pth/pth/model/Go2_simulator/src/controls/go2_controller/src/go2_controller.cpp:463:23:[m[K [01;31m[Kerror: [m[Kincompatible types in assignment of ‘[01m[Kint[m[K’ to ‘[01m[Kdouble [4][m[K’
  463 |     Hor_Swing_Time += [01;31m[K1[m[K;
      |                       [01;31m[K^[m[K
[01m[K/home/pth/pth/model/Go2_simulator/src/controls/go2_controller/src/go2_controller.cpp:464:23:[m[K [01;31m[Kerror: [m[Kincompatible types in assignment of ‘[01m[Kint[m[K’ to ‘[01m[Kdouble [4][m[K’
  464 |     Ver_Swing_Time += [01;31m[K1[m[K;
      |                       [01;31m[K^[m[K
[01m[K/home/pth/pth/model/Go2_simulator/src/controls/go2_controller/src/go2_controller.cpp:[m[K In member function ‘[01m[Kvoid go2_controller::Init()[m[K’:
[01m[K/home/pth/pth/model/Go2_simulator/src/controls/go2_controller/src/go2_controller.cpp:6:11:[m[K [01;35m[Kwarning: [m[Kignoring return value of ‘[01m[Kint system(const char*)[m[K’, declared with attribute warn_unused_result [[01;35m[K-Wunused-result[m[K]
    6 |     [01;35m[Ksystem("clear")[m[K;
      |     [01;35m[K~~~~~~^~~~~~~~~[m[K
make[2]: *** [CMakeFiles/go2_controller.dir/build.make:79: CMakeFiles/go2_controller.dir/src/go2_controller.cpp.o] Error 1
make[1]: *** [CMakeFiles/Makefile2:2775: CMakeFiles/go2_controller.dir/all] Error 2
make: *** [Makefile:146: all] Error 2
