In file included from [01m[K/home/pth/pth/model/Go2_simulator/src/controls/go2_controller/include/Tools/SingleRigidBody.cpp:1[m[K:
[01m[K/home/pth/pth/model/Go2_simulator/src/controls/go2_controller/include/Tools/SingleRigidBody.hpp:58:5:[m[K [01;31m[Kerror: [m[Kinvalid use of template-name ‘[01m[KEigen::Matrix[m[K’ without an argument list
   58 |     [01;31m[KEigen[m[K::Matrix Q;
      |     [01;31m[K^~~~~[m[K
[01m[K/home/pth/pth/model/Go2_simulator/src/controls/go2_controller/include/Tools/SingleRigidBody.hpp:58:5:[m[K [01;36m[Knote: [m[Kclass template argument deduction is only available with ‘[01m[K-std=c++17[m[K’ or ‘[01m[K-std=gnu++17[m[K’
In file included from [01m[K/usr/include/eigen3/Eigen/Core:365[m[K,
                 from [01m[K/usr/include/eigen3/Eigen/Dense:1[m[K,
                 from [01m[K/home/pth/pth/model/Go2_simulator/src/controls/go2_controller/include/Tools/SingleRigidBody.hpp:8[m[K,
                 from [01m[K/home/pth/pth/model/Go2_simulator/src/controls/go2_controller/include/Tools/SingleRigidBody.cpp:1[m[K:
[01m[K/usr/include/eigen3/Eigen/src/Core/util/ForwardDeclarations.h:74:9:[m[K [01;36m[Knote: [m[K‘[01m[Ktemplate<class _Scalar, int _Rows, int _Cols, int _Options, int _MaxRows, int _MaxCols> class Eigen::Matrix[m[K’ declared here
   74 | > class [01;36m[KMatrix[m[K;
      |         [01;36m[K^~~~~~[m[K
[01m[K/home/pth/pth/model/Go2_simulator/src/controls/go2_controller/include/Tools/SingleRigidBody.cpp:[m[K In constructor ‘[01m[KSingleRigidBody::SingleRigidBody()[m[K’:
[01m[K/home/pth/pth/model/Go2_simulator/src/controls/go2_controller/include/Tools/SingleRigidBody.cpp:26:5:[m[K [01;31m[Kerror: [m[K‘[01m[KQ[m[K’ was not declared in this scope
   26 |     [01;31m[KQ[m[K.setIdentity(12,12);
      |     [01;31m[K^[m[K
[01m[K/home/pth/pth/model/Go2_simulator/src/controls/go2_controller/include/Tools/SingleRigidBody.cpp:[m[K In member function ‘[01m[Kvoid SingleRigidBody::Solve_QP()[m[K’:
[01m[K/home/pth/pth/model/Go2_simulator/src/controls/go2_controller/include/Tools/SingleRigidBody.cpp:110:66:[m[K [01;31m[Kerror: [m[K‘[01m[KQ[m[K’ was not declared in this scope
  110 |     Eigen::MatrixXd H_dense = 2.0 * (A_mat.transpose() * A_mat + [01;31m[KQ[m[K);
      |                                                                  [01;31m[K^[m[K
make[2]: *** [include/Tools/CMakeFiles/Tools.dir/build.make:79: include/Tools/CMakeFiles/Tools.dir/SingleRigidBody.cpp.o] Error 1
make[2]: *** Waiting for unfinished jobs....
In file included from [01m[K/home/pth/pth/model/Go2_simulator/src/controls/go2_controller/include/go2_controller.h:39[m[K,
                 from [01m[K/home/pth/pth/model/Go2_simulator/src/controls/go2_controller/include/Tools/TaskSpacePDControl.cpp:1[m[K:
[01m[K/home/pth/pth/model/Go2_simulator/src/controls/go2_controller/include/Tools/SingleRigidBody.hpp:58:5:[m[K [01;31m[Kerror: [m[Kinvalid use of template-name ‘[01m[KEigen::Matrix[m[K’ without an argument list
   58 |     [01;31m[KEigen[m[K::Matrix Q;
      |     [01;31m[K^~~~~[m[K
[01m[K/home/pth/pth/model/Go2_simulator/src/controls/go2_controller/include/Tools/SingleRigidBody.hpp:58:5:[m[K [01;36m[Knote: [m[Kclass template argument deduction is only available with ‘[01m[K-std=c++17[m[K’ or ‘[01m[K-std=gnu++17[m[K’
In file included from [01m[K/usr/include/eigen3/Eigen/Core:365[m[K,
                 from [01m[K/usr/include/eigen3/Eigen/Dense:1[m[K,
                 from [01m[K/home/pth/pth/model/Go2_simulator/src/controls/go2_controller/include/go2_controller.h:37[m[K,
                 from [01m[K/home/pth/pth/model/Go2_simulator/src/controls/go2_controller/include/Tools/TaskSpacePDControl.cpp:1[m[K:
[01m[K/usr/include/eigen3/Eigen/src/Core/util/ForwardDeclarations.h:74:9:[m[K [01;36m[Knote: [m[K‘[01m[Ktemplate<class _Scalar, int _Rows, int _Cols, int _Options, int _MaxRows, int _MaxCols> class Eigen::Matrix[m[K’ declared here
   74 | > class [01;36m[KMatrix[m[K;
      |         [01;36m[K^~~~~~[m[K
make[2]: *** [include/Tools/CMakeFiles/Tools.dir/build.make:121: include/Tools/CMakeFiles/Tools.dir/TaskSpacePDControl.cpp.o] Error 1
make[1]: *** [CMakeFiles/Makefile2:3113: include/Tools/CMakeFiles/Tools.dir/all] Error 2
make: *** [Makefile:146: all] Error 2
