[01m[Kc++:[m[K [01;31m[Kerror: [m[K/home/pth/pth/model/Go2_simulator/src/controls/go2_controller/src/Kinematics.cpp: No such file or directory
[01m[Kc++:[m[K [01;31m[Kfatal error: [m[Kno input files
compilation terminated.
make[2]: *** [CMakeFiles/go2_controller.dir/build.make:93: CMakeFiles/go2_controller.dir/src/Kinematics.cpp.o] Error 1
make[2]: *** Waiting for unfinished jobs....
In file included from [01m[K/home/pth/pth/model/Go2_simulator/src/controls/go2_controller/include/go2_controller.h:39[m[K,
                 from [01m[K/home/pth/pth/model/Go2_simulator/src/controls/go2_controller/src/go2_controller.cpp:1[m[K:
[01m[K/home/pth/pth/model/Go2_simulator/src/controls/go2_controller/include/Tools/SingleRigidBody.hpp:67:2:[m[K [01;31m[Kerror: [m[Kexpected ‘[01m[K;[m[K’ after class definition
   67 | }
      |  [01;31m[K^[m[K
      |  [32m[K;[m[K
In file included from [01m[K/home/pth/pth/model/Go2_simulator/src/controls/go2_controller/include/go2_controller.h:40[m[K,
                 from [01m[K/home/pth/pth/model/Go2_simulator/src/controls/go2_controller/src/go2_controller.cpp:1[m[K:
[01m[K/home/pth/pth/model/Go2_simulator/src/controls/go2_controller/include/Tools/Kinematics.hpp:55:80:[m[K [01;31m[Kerror: [m[Kexpected ‘[01m[K;[m[K’ at end of member declaration
   55 |     void Forward_Kinematics(const Eigen::Vector3d& q, const Eigen::Vector3d& dq[01;31m[K)[m[K
      |                                                                                [01;31m[K^[m[K
      |                                                                                 [32m[K;[m[K
[01m[K/home/pth/pth/model/Go2_simulator/src/controls/go2_controller/include/Tools/Kinematics.hpp:56:43:[m[K [01;31m[Kerror: [m[Kexpected ‘[01m[K;[m[K’ at end of member declaration
   56 |     void Jacobian(const Eigen::VectorXd& q[01;31m[K)[m[K
      |                                           [01;31m[K^[m[K
      |                                            [32m[K;[m[K
[01m[K/home/pth/pth/model/Go2_simulator/src/controls/go2_controller/include/Tools/Kinematics.hpp:59:2:[m[K [01;31m[Kerror: [m[Kexpected ‘[01m[K;[m[K’ after class definition
   59 | }
      |  [01;31m[K^[m[K
      |  [32m[K;[m[K
In file included from [01m[K/home/pth/pth/model/Go2_simulator/src/controls/go2_controller/src/go2_controller.cpp:1[m[K:
[01m[K/home/pth/pth/model/Go2_simulator/src/controls/go2_controller/include/go2_controller.h:60:5:[m[K [01;31m[Kerror: [m[K‘[01m[KFL[m[K’ conflicts with a previous declaration
   60 |     [01;31m[KFL[m[K,
      |     [01;31m[K^~[m[K
In file included from [01m[K/home/pth/pth/model/Go2_simulator/src/controls/go2_controller/include/go2_controller.h:40[m[K,
                 from [01m[K/home/pth/pth/model/Go2_simulator/src/controls/go2_controller/src/go2_controller.cpp:1[m[K:
[01m[K/home/pth/pth/model/Go2_simulator/src/controls/go2_controller/include/Tools/Kinematics.hpp:10:5:[m[K [01;36m[Knote: [m[Kprevious declaration ‘[01m[KLegs FL[m[K’
   10 |     [01;36m[KFL[m[K,
      |     [01;36m[K^~[m[K
In file included from [01m[K/home/pth/pth/model/Go2_simulator/src/controls/go2_controller/src/go2_controller.cpp:1[m[K:
[01m[K/home/pth/pth/model/Go2_simulator/src/controls/go2_controller/include/go2_controller.h:61:5:[m[K [01;31m[Kerror: [m[K‘[01m[KFR[m[K’ conflicts with a previous declaration
   61 |     [01;31m[KFR[m[K,
      |     [01;31m[K^~[m[K
In file included from [01m[K/home/pth/pth/model/Go2_simulator/src/controls/go2_controller/include/go2_controller.h:40[m[K,
                 from [01m[K/home/pth/pth/model/Go2_simulator/src/controls/go2_controller/src/go2_controller.cpp:1[m[K:
[01m[K/home/pth/pth/model/Go2_simulator/src/controls/go2_controller/include/Tools/Kinematics.hpp:11:5:[m[K [01;36m[Knote: [m[Kprevious declaration ‘[01m[KLegs FR[m[K’
   11 |     [01;36m[KFR[m[K,
      |     [01;36m[K^~[m[K
In file included from [01m[K/home/pth/pth/model/Go2_simulator/src/controls/go2_controller/src/go2_controller.cpp:1[m[K:
[01m[K/home/pth/pth/model/Go2_simulator/src/controls/go2_controller/include/go2_controller.h:62:5:[m[K [01;31m[Kerror: [m[K‘[01m[KRL[m[K’ conflicts with a previous declaration
   62 |     [01;31m[KRL[m[K,
      |     [01;31m[K^~[m[K
In file included from [01m[K/home/pth/pth/model/Go2_simulator/src/controls/go2_controller/include/go2_controller.h:40[m[K,
                 from [01m[K/home/pth/pth/model/Go2_simulator/src/controls/go2_controller/src/go2_controller.cpp:1[m[K:
[01m[K/home/pth/pth/model/Go2_simulator/src/controls/go2_controller/include/Tools/Kinematics.hpp:12:5:[m[K [01;36m[Knote: [m[Kprevious declaration ‘[01m[KLegs RL[m[K’
   12 |     [01;36m[KRL[m[K,
      |     [01;36m[K^~[m[K
In file included from [01m[K/home/pth/pth/model/Go2_simulator/src/controls/go2_controller/src/go2_controller.cpp:1[m[K:
[01m[K/home/pth/pth/model/Go2_simulator/src/controls/go2_controller/include/go2_controller.h:63:5:[m[K [01;31m[Kerror: [m[K‘[01m[KRR[m[K’ conflicts with a previous declaration
   63 |     [01;31m[KRR[m[K,
      |     [01;31m[K^~[m[K
In file included from [01m[K/home/pth/pth/model/Go2_simulator/src/controls/go2_controller/include/go2_controller.h:40[m[K,
                 from [01m[K/home/pth/pth/model/Go2_simulator/src/controls/go2_controller/src/go2_controller.cpp:1[m[K:
[01m[K/home/pth/pth/model/Go2_simulator/src/controls/go2_controller/include/Tools/Kinematics.hpp:13:5:[m[K [01;36m[Knote: [m[Kprevious declaration ‘[01m[KLegs RR[m[K’
   13 |     [01;36m[KRR[m[K,
      |     [01;36m[K^~[m[K
In file included from [01m[K/home/pth/pth/model/Go2_simulator/src/controls/go2_controller/src/go2_controller.cpp:1[m[K:
[01m[K/home/pth/pth/model/Go2_simulator/src/controls/go2_controller/include/go2_controller.h:64:15:[m[K [01;31m[Kerror: [m[K‘[01m[KNUM_LEG[m[K’ conflicts with a previous declaration
   64 |     NUM_LEG = [01;31m[K4[m[K,
      |               [01;31m[K^[m[K
In file included from [01m[K/home/pth/pth/model/Go2_simulator/src/controls/go2_controller/include/go2_controller.h:40[m[K,
                 from [01m[K/home/pth/pth/model/Go2_simulator/src/controls/go2_controller/src/go2_controller.cpp:1[m[K:
[01m[K/home/pth/pth/model/Go2_simulator/src/controls/go2_controller/include/Tools/Kinematics.hpp:14:5:[m[K [01;36m[Knote: [m[Kprevious declaration ‘[01m[KLegs NUM_LEG[m[K’
   14 |     [01;36m[KNUM_LEG[m[K = 4,
      |     [01;36m[K^~~~~~~[m[K
[01m[K/home/pth/pth/model/Go2_simulator/src/controls/go2_controller/src/go2_controller.cpp:[m[K In member function ‘[01m[Kvoid go2_controller::Command(bool)[m[K’:
[01m[K/home/pth/pth/model/Go2_simulator/src/controls/go2_controller/src/go2_controller.cpp:67:31:[m[K [01;31m[Kerror: [m[K‘[01m[KSRBM_CONTROL[m[K’ was not declared in this scope
   67 |                 controlmode = [01;31m[KSRBM_CONTROL[m[K;
      |                               [01;31m[K^~~~~~~~~~~~[m[K
[01m[K/home/pth/pth/model/Go2_simulator/src/controls/go2_controller/src/go2_controller.cpp:76:14:[m[K [01;31m[Kerror: [m[K‘[01m[KSRBM_CONTROL[m[K’ was not declared in this scope
   76 |         case [01;31m[KSRBM_CONTROL[m[K:
      |              [01;31m[K^~~~~~~~~~~~[m[K
[01m[K/home/pth/pth/model/Go2_simulator/src/controls/go2_controller/src/go2_controller.cpp:[m[K In member function ‘[01m[Kvoid go2_controller::Init()[m[K’:
[01m[K/home/pth/pth/model/Go2_simulator/src/controls/go2_controller/src/go2_controller.cpp:6:11:[m[K [01;35m[Kwarning: [m[Kignoring return value of ‘[01m[Kint system(const char*)[m[K’, declared with attribute warn_unused_result [[01;35m[K-Wunused-result[m[K]
    6 |     [01;35m[Ksystem("clear")[m[K;
      |     [01;35m[K~~~~~~^~~~~~~~~[m[K
make[2]: *** [CMakeFiles/go2_controller.dir/build.make:79: CMakeFiles/go2_controller.dir/src/go2_controller.cpp.o] Error 1
make[1]: *** [CMakeFiles/Makefile2:2729: CMakeFiles/go2_controller.dir/all] Error 2
make: *** [Makefile:146: all] Error 2
