In file included from [01m[K/home/pth/pth/model/Go2_simulator/src/controls/go2_controller/include/Tools/Kinematics.hpp:9[m[K,
                 from [01m[K/home/pth/pth/model/Go2_simulator/src/controls/go2_controller/include/Tools/Kinematics.cpp:1[m[K:
[01m[K/home/pth/pth/model/Go2_simulator/src/controls/go2_controller/include/Enum_Shared.hpp:27:1:[m[K [01;31m[Kerror: [m[Kmultiple types in one declaration
   27 | [01;31m[K}[m[K;
      | [01;31m[K^[m[K
In file included from [01m[K/home/pth/pth/model/Go2_simulator/src/controls/go2_controller/include/Tools/SingleRigidBody.hpp:13[m[K,
                 from [01m[K/home/pth/pth/model/Go2_simulator/src/controls/go2_controller/include/Tools/SingleRigidBody.cpp:1[m[K:
[01m[K/home/pth/pth/model/Go2_simulator/src/controls/go2_controller/include/Enum_Shared.hpp:27:1:[m[K [01;31m[Kerror: [m[Kmultiple types in one declaration
   27 | [01;31m[K}[m[K;
      | [01;31m[K^[m[K
make[2]: *** [include/Tools/CMakeFiles/Tools.dir/build.make:93: include/Tools/CMakeFiles/Tools.dir/Kinematics.cpp.o] Error 1
make[2]: *** Waiting for unfinished jobs....
In file included from [01m[K/home/pth/pth/model/Go2_simulator/src/controls/go2_controller/include/Tools/Kinematics.hpp:9[m[K,
                 from [01m[K/home/pth/pth/model/Go2_simulator/src/controls/go2_controller/include/Tools/Trajectories.hpp:7[m[K,
                 from [01m[K/home/pth/pth/model/Go2_simulator/src/controls/go2_controller/include/Tools/Trajectories.cpp:1[m[K:
[01m[K/home/pth/pth/model/Go2_simulator/src/controls/go2_controller/include/Enum_Shared.hpp:27:1:[m[K [01;31m[Kerror: [m[Kmultiple types in one declaration
   27 | [01;31m[K}[m[K;
      | [01;31m[K^[m[K
In file included from [01m[K/home/pth/pth/model/Go2_simulator/src/controls/go2_controller/include/Tools/Trajectories.cpp:1[m[K:
[01m[K/home/pth/pth/model/Go2_simulator/src/controls/go2_controller/include/Tools/Trajectories.hpp:85:21:[m[K [01;31m[Kerror: [m[Kextra qualification ‘[01m[KTrajectories::[m[K’ on member ‘[01m[KSet_M_Matrix[m[K’ [[01;31m[K-fpermissive[m[K]
   85 |     Eigen::MatrixXd [01;31m[KTrajectories[m[K::Set_M_Matrix(double T)
      |                     [01;31m[K^~~~~~~~~~~~[m[K
[01m[K/home/pth/pth/model/Go2_simulator/src/controls/go2_controller/include/Tools/Trajectories.cpp:[m[K In constructor ‘[01m[KTrajectories::Trajectories()[m[K’:
[01m[K/home/pth/pth/model/Go2_simulator/src/controls/go2_controller/include/Tools/Trajectories.cpp:7:5:[m[K [01;31m[Kerror: [m[K‘[01m[KB_Matrix_Task[m[K’ was not declared in this scope; did you mean ‘[01m[KM_Matrix_Task[m[K’?
    7 |     [01;31m[KB_Matrix_Task[m[K.resize(6,1);
      |     [01;31m[K^~~~~~~~~~~~~[m[K
      |     [32m[KM_Matrix_Task[m[K
[01m[K/home/pth/pth/model/Go2_simulator/src/controls/go2_controller/include/Tools/Trajectories.cpp:[m[K In member function ‘[01m[Kdouble Trajectories::Quintic(double, double, double, double)[m[K’:
[01m[K/home/pth/pth/model/Go2_simulator/src/controls/go2_controller/include/Tools/Trajectories.cpp:255:31:[m[K [01;31m[Kerror: [m[Kcannot convert ‘[01m[Kconst Eigen::Product<Eigen::Matrix<double, -1, 1>, Eigen::Matrix<double, -1, -1>, 0>[m[K’ to ‘[01m[Kdouble[m[K’ in initialization
  255 |     double quintic = [01;31m[Kt_vector * A_Matrix_Task[m[K;
      |                      [01;31m[K~~~~~~~~~^~~~~~~~~~~~~~~[m[K
      |                               [01;31m[K|[m[K
      |                               [01;31m[Kconst Eigen::Product<Eigen::Matrix<double, -1, 1>, Eigen::Matrix<double, -1, -1>, 0>[m[K
[01m[K/home/pth/pth/model/Go2_simulator/src/controls/go2_controller/include/Tools/Trajectories.cpp:[m[K In member function ‘[01m[Kdouble Trajectories::QuinticD(double, double, double, double)[m[K’:
[01m[K/home/pth/pth/model/Go2_simulator/src/controls/go2_controller/include/Tools/Trajectories.cpp:272:32:[m[K [01;31m[Kerror: [m[Kcannot convert ‘[01m[Kconst Eigen::Product<Eigen::Matrix<double, -1, 1>, Eigen::Matrix<double, -1, -1>, 0>[m[K’ to ‘[01m[Kdouble[m[K’ in initialization
  272 |     double quinticd = [01;31m[Kt_vector * A_Matrix_Task[m[K;
      |                       [01;31m[K~~~~~~~~~^~~~~~~~~~~~~~~[m[K
      |                                [01;31m[K|[m[K
      |                                [01;31m[Kconst Eigen::Product<Eigen::Matrix<double, -1, 1>, Eigen::Matrix<double, -1, -1>, 0>[m[K
make[2]: *** [include/Tools/CMakeFiles/Tools.dir/build.make:79: include/Tools/CMakeFiles/Tools.dir/SingleRigidBody.cpp.o] Error 1
make[2]: *** [include/Tools/CMakeFiles/Tools.dir/build.make:107: include/Tools/CMakeFiles/Tools.dir/Trajectories.cpp.o] Error 1
In file included from [01m[K/home/pth/pth/model/Go2_simulator/src/controls/go2_controller/include/Tools/Pinocchio_Interface.hpp:26[m[K,
                 from [01m[K/home/pth/pth/model/Go2_simulator/src/controls/go2_controller/include/go2_controller.h:4[m[K,
                 from [01m[K/home/pth/pth/model/Go2_simulator/src/controls/go2_controller/include/Tools/TaskSpacePDControl.cpp:1[m[K:
[01m[K/home/pth/pth/model/Go2_simulator/src/controls/go2_controller/include/Enum_Shared.hpp:27:1:[m[K [01;31m[Kerror: [m[Kmultiple types in one declaration
   27 | [01;31m[K}[m[K;
      | [01;31m[K^[m[K
In file included from [01m[K/home/pth/pth/model/Go2_simulator/src/controls/go2_controller/include/go2_controller.h:45[m[K,
                 from [01m[K/home/pth/pth/model/Go2_simulator/src/controls/go2_controller/include/Tools/TaskSpacePDControl.cpp:1[m[K:
[01m[K/home/pth/pth/model/Go2_simulator/src/controls/go2_controller/include/Tools/Trajectories.hpp:85:21:[m[K [01;31m[Kerror: [m[Kextra qualification ‘[01m[KTrajectories::[m[K’ on member ‘[01m[KSet_M_Matrix[m[K’ [[01;31m[K-fpermissive[m[K]
   85 |     Eigen::MatrixXd [01;31m[KTrajectories[m[K::Set_M_Matrix(double T)
      |                     [01;31m[K^~~~~~~~~~~~[m[K
make[2]: *** [include/Tools/CMakeFiles/Tools.dir/build.make:121: include/Tools/CMakeFiles/Tools.dir/TaskSpacePDControl.cpp.o] Error 1
make[1]: *** [CMakeFiles/Makefile2:3113: include/Tools/CMakeFiles/Tools.dir/all] Error 2
make: *** [Makefile:146: all] Error 2
