[  0%] [0mBuilt target go2_controller_xacro_generated_to_devel_space_[0m
[ 72%] [0mBuilt target osqpeigen[0m
[ 72%] [0mBuilt target geometry_msgs_generate_messages_cpp[0m
[ 72%] [0mBuilt target geometry_msgs_generate_messages_eus[0m
[ 72%] [0mBuilt target geometry_msgs_generate_messages_lisp[0m
[ 72%] [0mBuilt target geometry_msgs_generate_messages_nodejs[0m
[ 72%] [0mBuilt target geometry_msgs_generate_messages_py[0m
[ 72%] [0mBuilt target std_msgs_generate_messages_cpp[0m
[ 72%] [0mBuilt target std_msgs_generate_messages_eus[0m
[ 72%] [0mBuilt target std_msgs_generate_messages_lisp[0m
[ 72%] [0mBuilt target std_msgs_generate_messages_nodejs[0m
[ 72%] [0mBuilt target std_msgs_generate_messages_py[0m
[ 72%] [0mBuilt target roscpp_generate_messages_cpp[0m
[ 72%] [0mBuilt target roscpp_generate_messages_eus[0m
[ 72%] [0mBuilt target roscpp_generate_messages_nodejs[0m
[ 72%] [0mBuilt target roscpp_generate_messages_lisp[0m
[ 72%] [0mBuilt target roscpp_generate_messages_py[0m
[ 72%] [0mBuilt target rosgraph_msgs_generate_messages_cpp[0m
[ 72%] [0mBuilt target rosgraph_msgs_generate_messages_eus[0m
[ 72%] [0mBuilt target rosgraph_msgs_generate_messages_lisp[0m
[ 72%] [0mBuilt target rosgraph_msgs_generate_messages_nodejs[0m
[ 72%] [0mBuilt target sensor_msgs_generate_messages_cpp[0m
[ 72%] [0mBuilt target rosgraph_msgs_generate_messages_py[0m
[ 72%] [0mBuilt target sensor_msgs_generate_messages_lisp[0m
[ 72%] [0mBuilt target sensor_msgs_generate_messages_eus[0m
[ 72%] [0mBuilt target sensor_msgs_generate_messages_nodejs[0m
[ 72%] [0mBuilt target sensor_msgs_generate_messages_py[0m
[ 72%] [0mBuilt target tf_generate_messages_eus[0m
[ 72%] [0mBuilt target tf_generate_messages_cpp[0m
[ 72%] [0mBuilt target tf_generate_messages_lisp[0m
[ 72%] [0mBuilt target tf_generate_messages_py[0m
[ 72%] [0mBuilt target tf_generate_messages_nodejs[0m
[ 72%] [0mBuilt target actionlib_generate_messages_cpp[0m
[ 72%] [0mBuilt target actionlib_generate_messages_eus[0m
[ 72%] [0mBuilt target actionlib_generate_messages_lisp[0m
[ 72%] [0mBuilt target actionlib_generate_messages_py[0m
[ 72%] [0mBuilt target actionlib_generate_messages_nodejs[0m
[ 72%] [0mBuilt target actionlib_msgs_generate_messages_cpp[0m
[ 72%] [0mBuilt target actionlib_msgs_generate_messages_eus[0m
[ 72%] [0mBuilt target actionlib_msgs_generate_messages_lisp[0m
[ 72%] [0mBuilt target actionlib_msgs_generate_messages_nodejs[0m
[ 72%] [0mBuilt target actionlib_msgs_generate_messages_py[0m
[ 72%] [0mBuilt target tf2_msgs_generate_messages_cpp[0m
[ 72%] [0mBuilt target tf2_msgs_generate_messages_eus[0m
[ 72%] [0mBuilt target tf2_msgs_generate_messages_lisp[0m
[ 72%] [0mBuilt target tf2_msgs_generate_messages_nodejs[0m
[ 72%] [0mBuilt target tf2_msgs_generate_messages_py[0m
[ 72%] [0mBuilt target gazebo_ros_gencfg[0m
[ 72%] [0mBuilt target std_srvs_generate_messages_cpp[0m
[ 72%] [0mBuilt target std_srvs_generate_messages_eus[0m
[ 72%] [0mBuilt target std_srvs_generate_messages_lisp[0m
[ 72%] [0mBuilt target std_srvs_generate_messages_nodejs[0m
[ 72%] [0mBuilt target dynamic_reconfigure_generate_messages_cpp[0m
[ 72%] [0mBuilt target std_srvs_generate_messages_py[0m
[ 72%] [0mBuilt target dynamic_reconfigure_generate_messages_eus[0m
[ 72%] [0mBuilt target dynamic_reconfigure_generate_messages_lisp[0m
[ 72%] [0mBuilt target dynamic_reconfigure_generate_messages_nodejs[0m
[ 72%] [0mBuilt target dynamic_reconfigure_generate_messages_py[0m
[ 72%] [0mBuilt target dynamic_reconfigure_gencfg[0m
[ 72%] [0mBuilt target gazebo_msgs_generate_messages_cpp[0m
[ 72%] [0mBuilt target gazebo_msgs_generate_messages_eus[0m
[ 72%] [0mBuilt target gazebo_msgs_generate_messages_lisp[0m
[ 72%] [0mBuilt target gazebo_msgs_generate_messages_nodejs[0m
[ 72%] [0mBuilt target gazebo_msgs_generate_messages_py[0m
[ 72%] [0mBuilt target trajectory_msgs_generate_messages_eus[0m
[ 72%] [0mBuilt target trajectory_msgs_generate_messages_cpp[0m
[ 72%] [0mBuilt target trajectory_msgs_generate_messages_lisp[0m
[ 72%] [0mBuilt target trajectory_msgs_generate_messages_py[0m
[ 72%] [0mBuilt target trajectory_msgs_generate_messages_nodejs[0m
[ 72%] [0mBuilt target controller_manager_msgs_generate_messages_cpp[0m
[ 72%] [0mBuilt target controller_manager_msgs_generate_messages_lisp[0m
[ 72%] [0mBuilt target controller_manager_msgs_generate_messages_eus[0m
[ 72%] [0mBuilt target controller_manager_msgs_generate_messages_nodejs[0m
[ 72%] [0mBuilt target controller_manager_msgs_generate_messages_py[0m
[ 74%] [32mBuilding CXX object include/Tools/CMakeFiles/Tools.dir/Kinematics.cpp.o[0m
[ 76%] [32mBuilding CXX object include/Tools/CMakeFiles/Tools.dir/SingleRigidBody.cpp.o[0m
[ 78%] [32mBuilding CXX object include/Tools/CMakeFiles/Tools.dir/Trajectories.cpp.o[0m
[ 80%] [32mBuilding CXX object include/Tools/CMakeFiles/Tools.dir/TaskSpacePDControl.cpp.o[0m
[ 82%] [32mBuilding CXX object include/Tools/CMakeFiles/Tools.dir/Centroidal_Dynamics.cpp.o[0m
[ 85%] [32mBuilding CXX object include/Tools/CMakeFiles/Tools.dir/Pinocchio_Interface.cpp.o[0m
[ 87%] [32mBuilding CXX object include/Tools/CMakeFiles/Tools.dir/Gait_Generator.cpp.o[0m
[ 89%] [32mBuilding CXX object include/Tools/CMakeFiles/Tools.dir/Trajectory_Generator.cpp.o[0m
[ 91%] [1m[32mLinking CXX shared library /home/pth/pth/model/Go2_simulator/devel/.private/go2_controller/lib/libTools.so[0m
[ 91%] [0mBuilt target Tools[0m
[ 93%] [32mBuilding CXX object CMakeFiles/go2_controller.dir/src/go2_controller.cpp.o[0m
[01m[K/home/pth/pth/model/Go2_simulator/src/controls/go2_controller/src/go2_controller.cpp:[m[K In member function ‘[01m[Kvoid go2_controller::SwingLeg_Control()[m[K’:
[01m[K/home/pth/pth/model/Go2_simulator/src/controls/go2_controller/src/go2_controller.cpp:422:14:[m[K [01;31m[Kerror: [m[K‘[01m[Kleg[m[K’ was not declared in this scope; did you mean ‘[01m[Klog[m[K’?
  422 |     Kp_Swing[[01;31m[Kleg[m[K].diagonal() << 1300.0, 1300.0, 1000.0;
      |              [01;31m[K^~~[m[K
      |              [32m[Klog[m[K
[01m[K/home/pth/pth/model/Go2_simulator/src/controls/go2_controller/src/go2_controller.cpp:430:55:[m[K [01;31m[Kerror: [m[K‘[01m[Kstep_height[m[K’ was not declared in this scope
  430 |     EE_Pose_desired[leg](Z) = Init_Foot_pos[leg](Z) + [01;31m[Kstep_height[m[K * 0.5 * (1 - cos(M_PI * vertical_phase));
      |                                                       [01;31m[K^~~~~~~~~~~[m[K
[01m[K/home/pth/pth/model/Go2_simulator/src/controls/go2_controller/src/go2_controller.cpp:434:30:[m[K [01;31m[Kerror: [m[K‘[01m[KH_STEP[m[K’ was not declared in this scope
  434 |     EE_Vel_desired[leg](Z) = [01;31m[KH_STEP[m[K * 0.5 * M_PI * sin(M_PI * vertical_phase);
      |                              [01;31m[K^~~~~~[m[K
[01m[K/home/pth/pth/model/Go2_simulator/src/controls/go2_controller/src/go2_controller.cpp:[m[K In member function ‘[01m[Kvoid go2_controller::Posture_Control()[m[K’:
[01m[K/home/pth/pth/model/Go2_simulator/src/controls/go2_controller/src/go2_controller.cpp:468:33:[m[K [01;31m[Kerror: [m[Kno matching function for call to ‘[01m[Kgo2_controller::SwingLeg_Control(int&)[m[K’
  468 |             SwingLeg_Control(leg[01;31m[K)[m[K;
      |                                 [01;31m[K^[m[K
[01m[K/home/pth/pth/model/Go2_simulator/src/controls/go2_controller/src/go2_controller.cpp:419:6:[m[K [01;36m[Knote: [m[Kcandidate: ‘[01m[Kvoid go2_controller::SwingLeg_Control()[m[K’
  419 | void [01;36m[Kgo2_controller[m[K::SwingLeg_Control()
      |      [01;36m[K^~~~~~~~~~~~~~[m[K
[01m[K/home/pth/pth/model/Go2_simulator/src/controls/go2_controller/src/go2_controller.cpp:419:6:[m[K [01;36m[Knote: [m[K  candidate expects 0 arguments, 1 provided
[01m[K/home/pth/pth/model/Go2_simulator/src/controls/go2_controller/src/go2_controller.cpp:[m[K In member function ‘[01m[Kvoid go2_controller::Init()[m[K’:
[01m[K/home/pth/pth/model/Go2_simulator/src/controls/go2_controller/src/go2_controller.cpp:6:11:[m[K [01;35m[Kwarning: [m[Kignoring return value of ‘[01m[Kint system(const char*)[m[K’, declared with attribute warn_unused_result [[01;35m[K-Wunused-result[m[K]
    6 |     [01;35m[Ksystem("clear")[m[K;
      |     [01;35m[K~~~~~~^~~~~~~~~[m[K
make[2]: *** [CMakeFiles/go2_controller.dir/build.make:79: CMakeFiles/go2_controller.dir/src/go2_controller.cpp.o] Error 1
make[1]: *** [CMakeFiles/Makefile2:2775: CMakeFiles/go2_controller.dir/all] Error 2
make: *** [Makefile:146: all] Error 2
