[  0%] [0mBuilt target go2_controller_xacro_generated_to_devel_space_[0m
[ 79%] [0mBuilt target osqpeigen[0m
[ 79%] [0mBuilt target geometry_msgs_generate_messages_cpp[0m
[ 79%] [0mBuilt target geometry_msgs_generate_messages_eus[0m
[ 79%] [0mBuilt target geometry_msgs_generate_messages_lisp[0m
[ 79%] [0mBuilt target geometry_msgs_generate_messages_nodejs[0m
[ 79%] [0mBuilt target geometry_msgs_generate_messages_py[0m
[ 79%] [0mBuilt target std_msgs_generate_messages_cpp[0m
[ 79%] [0mBuilt target std_msgs_generate_messages_eus[0m
[ 79%] [0mBuilt target std_msgs_generate_messages_lisp[0m
[ 79%] [0mBuilt target std_msgs_generate_messages_nodejs[0m
[ 79%] [0mBuilt target std_msgs_generate_messages_py[0m
[ 79%] [0mBuilt target roscpp_generate_messages_cpp[0m
[ 79%] [0mBuilt target roscpp_generate_messages_eus[0m
[ 79%] [0mBuilt target roscpp_generate_messages_lisp[0m
[ 79%] [0mBuilt target roscpp_generate_messages_nodejs[0m
[ 79%] [0mBuilt target rosgraph_msgs_generate_messages_cpp[0m
[ 79%] [0mBuilt target roscpp_generate_messages_py[0m
[ 79%] [0mBuilt target rosgraph_msgs_generate_messages_eus[0m
[ 79%] [0mBuilt target rosgraph_msgs_generate_messages_lisp[0m
[ 79%] [0mBuilt target rosgraph_msgs_generate_messages_nodejs[0m
[ 79%] [0mBuilt target rosgraph_msgs_generate_messages_py[0m
[ 79%] [0mBuilt target sensor_msgs_generate_messages_eus[0m
[ 79%] [0mBuilt target sensor_msgs_generate_messages_cpp[0m
[ 79%] [0mBuilt target sensor_msgs_generate_messages_lisp[0m
[ 79%] [0mBuilt target sensor_msgs_generate_messages_nodejs[0m
[ 79%] [0mBuilt target tf_generate_messages_cpp[0m
[ 79%] [0mBuilt target sensor_msgs_generate_messages_py[0m
[ 79%] [0mBuilt target tf_generate_messages_lisp[0m
[ 79%] [0mBuilt target tf_generate_messages_eus[0m
[ 79%] [0mBuilt target tf_generate_messages_nodejs[0m
[ 79%] [0mBuilt target tf_generate_messages_py[0m
[ 79%] [0mBuilt target actionlib_generate_messages_cpp[0m
[ 79%] [0mBuilt target actionlib_generate_messages_lisp[0m
[ 79%] [0mBuilt target actionlib_generate_messages_eus[0m
[ 79%] [0mBuilt target actionlib_generate_messages_nodejs[0m
[ 79%] [0mBuilt target actionlib_generate_messages_py[0m
[ 79%] [0mBuilt target actionlib_msgs_generate_messages_cpp[0m
[ 79%] [0mBuilt target actionlib_msgs_generate_messages_eus[0m
[ 79%] [0mBuilt target actionlib_msgs_generate_messages_lisp[0m
[ 79%] [0mBuilt target actionlib_msgs_generate_messages_nodejs[0m
[ 79%] [0mBuilt target actionlib_msgs_generate_messages_py[0m
[ 79%] [0mBuilt target tf2_msgs_generate_messages_cpp[0m
[ 79%] [0mBuilt target tf2_msgs_generate_messages_eus[0m
[ 79%] [0mBuilt target tf2_msgs_generate_messages_lisp[0m
[ 79%] [0mBuilt target tf2_msgs_generate_messages_nodejs[0m
[ 79%] [0mBuilt target tf2_msgs_generate_messages_py[0m
[ 79%] [0mBuilt target gazebo_ros_gencfg[0m
[ 79%] [0mBuilt target std_srvs_generate_messages_cpp[0m
[ 79%] [0mBuilt target std_srvs_generate_messages_eus[0m
[ 79%] [0mBuilt target std_srvs_generate_messages_lisp[0m
[ 79%] [0mBuilt target std_srvs_generate_messages_nodejs[0m
[ 79%] [0mBuilt target std_srvs_generate_messages_py[0m
[ 79%] [0mBuilt target dynamic_reconfigure_generate_messages_cpp[0m
[ 79%] [0mBuilt target dynamic_reconfigure_generate_messages_eus[0m
[ 79%] [0mBuilt target dynamic_reconfigure_generate_messages_lisp[0m
[ 79%] [0mBuilt target dynamic_reconfigure_generate_messages_nodejs[0m
[ 79%] [0mBuilt target dynamic_reconfigure_generate_messages_py[0m
[ 79%] [0mBuilt target dynamic_reconfigure_gencfg[0m
[ 79%] [0mBuilt target gazebo_msgs_generate_messages_eus[0m
[ 79%] [0mBuilt target gazebo_msgs_generate_messages_cpp[0m
[ 79%] [0mBuilt target gazebo_msgs_generate_messages_lisp[0m
[ 79%] [0mBuilt target gazebo_msgs_generate_messages_py[0m
[ 79%] [0mBuilt target gazebo_msgs_generate_messages_nodejs[0m
[ 79%] [0mBuilt target trajectory_msgs_generate_messages_cpp[0m
[ 79%] [0mBuilt target trajectory_msgs_generate_messages_lisp[0m
[ 79%] [0mBuilt target trajectory_msgs_generate_messages_eus[0m
[ 79%] [0mBuilt target trajectory_msgs_generate_messages_nodejs[0m
[ 79%] [0mBuilt target trajectory_msgs_generate_messages_py[0m
[ 79%] [0mBuilt target controller_manager_msgs_generate_messages_cpp[0m
[ 79%] [0mBuilt target controller_manager_msgs_generate_messages_eus[0m
[ 79%] [0mBuilt target controller_manager_msgs_generate_messages_lisp[0m
[ 79%] [0mBuilt target controller_manager_msgs_generate_messages_nodejs[0m
[ 79%] [0mBuilt target controller_manager_msgs_generate_messages_py[0m
[ 90%] [0mBuilt target Tools[0m
[ 93%] [32mBuilding CXX object CMakeFiles/go2_controller.dir/src/go2_controller.cpp.o[0m
[01m[K/home/pth/pth/model/Go2_simulator/src/controls/go2_controller/src/go2_controller.cpp:[m[K In member function ‘[01m[Kvoid go2_controller::SRBMControl()[m[K’:
[01m[K/home/pth/pth/model/Go2_simulator/src/controls/go2_controller/src/go2_controller.cpp:289:52:[m[K [01;31m[Kerror: [m[Kcannot convert ‘[01m[Kdouble[m[K’ to ‘[01m[KEigen::Matrix3d[m[K’ {aka ‘[01m[KEigen::Matrix<double, 3, 3>[m[K’}
  289 |     SRBM.Compute_b_Vector(gazebo_body_pos, R_des_, [01;31m[KKp_lin[m[K, Kd_lin, Kp_rot, Kd_rot);
      |                                                    [01;31m[K^~~~~~[m[K
      |                                                    [01;31m[K|[m[K
      |                                                    [01;31m[Kdouble[m[K
In file included from [01m[K/home/pth/pth/model/Go2_simulator/src/controls/go2_controller/include/go2_controller.h:39[m[K,
                 from [01m[K/home/pth/pth/model/Go2_simulator/src/controls/go2_controller/src/go2_controller.cpp:1[m[K:
[01m[K/home/pth/pth/model/Go2_simulator/src/controls/go2_controller/include/Tools/SingleRigidBody.hpp:85:43:[m[K [01;36m[Knote: [m[K  initializing argument 3 of ‘[01m[Kvoid SingleRigidBody::Compute_b_Vector(const Vector3d&, const Matrix3d&, Eigen::Matrix3d, Eigen::Matrix3d, Eigen::Matrix3d, Eigen::Matrix3d)[m[K’
   85 |                           [01;36m[KEigen::Matrix3d Kp_pos[m[K, Eigen::Matrix3d Kd_pos, Eigen::Matrix3d Kp_ori, Eigen::Matrix3d Kd_ori);
      |                           [01;36m[K~~~~~~~~~~~~~~~~^~~~~~[m[K
[01m[K/home/pth/pth/model/Go2_simulator/src/controls/go2_controller/src/go2_controller.cpp:[m[K In member function ‘[01m[Kvoid go2_controller::Init()[m[K’:
[01m[K/home/pth/pth/model/Go2_simulator/src/controls/go2_controller/src/go2_controller.cpp:6:11:[m[K [01;35m[Kwarning: [m[Kignoring return value of ‘[01m[Kint system(const char*)[m[K’, declared with attribute warn_unused_result [[01;35m[K-Wunused-result[m[K]
    6 |     [01;35m[Ksystem("clear")[m[K;
      |     [01;35m[K~~~~~~^~~~~~~~~[m[K
make[2]: *** [CMakeFiles/go2_controller.dir/build.make:79: CMakeFiles/go2_controller.dir/src/go2_controller.cpp.o] Error 1
make[1]: *** [CMakeFiles/Makefile2:2775: CMakeFiles/go2_controller.dir/all] Error 2
make: *** [Makefile:146: all] Error 2
