[01m[K/home/pth/pth/model/Go2_simulator/src/controls/go2_controller/src/go2_controller.cpp:[m[K In member function ‘[01m[Kvoid go2_controller::SRBMControl()[m[K’:
[01m[K/home/pth/pth/model/Go2_simulator/src/controls/go2_controller/src/go2_controller.cpp:283:58:[m[K [01;31m[Kerror: [m[Kcannot convert ‘[01m[KEigen::VectorXd[m[K’ {aka ‘[01m[KEigen::Matrix<double, -1, 1>[m[K’} to ‘[01m[Kconst Quaterniond&[m[K’ {aka ‘[01m[Kconst Eigen::Quaternion<double>&[m[K’}
  283 |     SRBM.SetRobotState(gazebo_body_pos, gazebo_body_vel, [01;31m[Kgazebo_quat[m[K, gazebo_rpy, gazebo_rpy_dot);
      |                                                          [01;31m[K^~~~~~~~~~~[m[K
      |                                                          [01;31m[K|[m[K
      |                                                          [01;31m[KEigen::VectorXd {aka Eigen::Matrix<double, -1, 1>}[m[K
In file included from [01m[K/home/pth/pth/model/Go2_simulator/src/controls/go2_controller/include/go2_controller.h:39[m[K,
                 from [01m[K/home/pth/pth/model/Go2_simulator/src/controls/go2_controller/src/go2_controller.cpp:1[m[K:
[01m[K/home/pth/pth/model/Go2_simulator/src/controls/go2_controller/include/Tools/SingleRigidBody.hpp:67:106:[m[K [01;36m[Knote: [m[K  initializing argument 3 of ‘[01m[Kvoid SingleRigidBody::SetRobotState(const VectorXd&, const VectorXd&, const Quaterniond&, const VectorXd&, const VectorXd&)[m[K’
   67 |     void SetRobotState(const Eigen::VectorXd &p, const Eigen::VectorXd &p_dot, [01;36m[Kconst Eigen::Quaterniond &quat[m[K, const Eigen::VectorXd &rpy, const Eigen::VectorXd &rpy_dot);
      |                                                                                [01;36m[K~~~~~~~~~~~~~~~~~~~~~~~~~~^~~~[m[K
[01m[K/home/pth/pth/model/Go2_simulator/src/controls/go2_controller/src/go2_controller.cpp:287:36:[m[K [01;31m[Kerror: [m[Kcannot bind non-const lvalue reference of type ‘[01m[KEigen::Vector3d&[m[K’ {aka ‘[01m[KEigen::Matrix<double, 3, 1>&[m[K’} to an rvalue of type ‘[01m[KEigen::Vector3d[m[K’ {aka ‘[01m[KEigen::Matrix<double, 3, 1>[m[K’}
  287 |     SRBM.SetFootPosition(feet_pos, [01;31m[Kgazebo_body_pos[m[K);
      |                                    [01;31m[K^~~~~~~~~~~~~~~[m[K
In file included from [01m[K/usr/include/eigen3/Eigen/Core:458[m[K,
                 from [01m[K/usr/include/eigen3/Eigen/Dense:1[m[K,
                 from [01m[K/home/pth/pth/model/Go2_simulator/src/controls/go2_controller/include/go2_controller.h:37[m[K,
                 from [01m[K/home/pth/pth/model/Go2_simulator/src/controls/go2_controller/src/go2_controller.cpp:1[m[K:
[01m[K/usr/include/eigen3/Eigen/src/Core/Matrix.h:376:25:[m[K [01;36m[Knote: [m[K  after user-defined conversion: ‘[01m[KEigen::Matrix<_Scalar, _Rows, _Cols, _Options, _MaxRows, _MaxCols>::Matrix(const Eigen::EigenBase<OtherDerived>&) [with OtherDerived = Eigen::Matrix<double, -1, 1>; _Scalar = double; int _Rows = 3; int _Cols = 1; int _Options = 0; int _MaxRows = 3; int _MaxCols = 1][m[K’
  376 |     EIGEN_STRONG_INLINE [01;36m[KMatrix[m[K(const EigenBase<OtherDerived> &other)
      |                         [01;36m[K^~~~~~[m[K
In file included from [01m[K/home/pth/pth/model/Go2_simulator/src/controls/go2_controller/include/go2_controller.h:39[m[K,
                 from [01m[K/home/pth/pth/model/Go2_simulator/src/controls/go2_controller/src/go2_controller.cpp:1[m[K:
[01m[K/home/pth/pth/model/Go2_simulator/src/controls/go2_controller/include/Tools/SingleRigidBody.hpp:69:91:[m[K [01;36m[Knote: [m[K  initializing argument 2 of ‘[01m[Kvoid SingleRigidBody::SetFootPosition(const std::array<Eigen::Matrix<double, 3, 1>, 4>&, Eigen::Vector3d&)[m[K’
   69 |     void SetFootPosition(const std::array<Eigen::Vector3d, 4> &feet_pos, [01;36m[KEigen::Vector3d &p_com[m[K);
      |                                                                          [01;36m[K~~~~~~~~~~~~~~~~~^~~~~[m[K
[01m[K/home/pth/pth/model/Go2_simulator/src/controls/go2_controller/src/go2_controller.cpp:308:5:[m[K [01;31m[Kerror: [m[Kexpected ‘[01m[K,[m[K’ or ‘[01m[K;[m[K’ before ‘[01m[Kfor[m[K’
  308 |     [01;31m[Kfor[m[K (int i = 0; i < 4; i++)
      |     [01;31m[K^~~[m[K
[01m[K/home/pth/pth/model/Go2_simulator/src/controls/go2_controller/src/go2_controller.cpp:308:21:[m[K [01;31m[Kerror: [m[K‘[01m[Ki[m[K’ was not declared in this scope
  308 |     for (int i = 0; [01;31m[Ki[m[K < 4; i++)
      |                     [01;31m[K^[m[K
In file included from [01m[K/usr/include/eigen3/Eigen/Geometry:42[m[K,
                 from [01m[K/usr/include/eigen3/Eigen/Dense:6[m[K,
                 from [01m[K/home/pth/pth/model/Go2_simulator/src/controls/go2_controller/include/go2_controller.h:37[m[K,
                 from [01m[K/home/pth/pth/model/Go2_simulator/src/controls/go2_controller/src/go2_controller.cpp:1[m[K:
/usr/include/eigen3/Eigen/src/Geometry/Quaternion.h: In instantiation of ‘[01m[KDerived& Eigen::QuaternionBase<Derived>::operator=(const Eigen::MatrixBase<OtherDerived>&) [with OtherDerived = Eigen::Matrix<double, -1, 1>; Derived = Eigen::Quaternion<double>][m[K’:
[01m[K/usr/include/eigen3/Eigen/src/Geometry/Quaternion.h:275:90:[m[K   required from ‘[01m[KEigen::Quaternion<Scalar, Options>::Quaternion(const Eigen::MatrixBase<OtherDerived>&) [with Derived = Eigen::Matrix<double, -1, 1>; _Scalar = double; int _Options = 0][m[K’
[01m[K/home/pth/pth/model/Go2_simulator/src/controls/go2_controller/src/go2_controller.cpp:306:40:[m[K   required from here
[01m[K/usr/include/eigen3/Eigen/src/Geometry/Quaternion.h:530:59:[m[K [01;31m[Kerror: [m[Kincomplete type ‘[01m[KEigen::internal::quaternionbase_assign_impl<Eigen::Matrix<double, -1, 1>, -1, 1>[m[K’ used in nested name specifier
  530 |   [01;31m[Kinternal::quaternionbase_assign_impl<MatrixDerived>::run(*this, xpr.derived())[m[K;
      |   [01;31m[K~~~~~~~~~~~~~~~~~~~~~~~~~~~~~~~~~~~~~~~~~~~~~~~~~~~~~~~~^~~~~~~~~~~~~~~~~~~~~~[m[K
[01m[K/home/pth/pth/model/Go2_simulator/src/controls/go2_controller/src/go2_controller.cpp:[m[K In member function ‘[01m[Kvoid go2_controller::Init()[m[K’:
[01m[K/home/pth/pth/model/Go2_simulator/src/controls/go2_controller/src/go2_controller.cpp:6:11:[m[K [01;35m[Kwarning: [m[Kignoring return value of ‘[01m[Kint system(const char*)[m[K’, declared with attribute warn_unused_result [[01;35m[K-Wunused-result[m[K]
    6 |     [01;35m[Ksystem("clear")[m[K;
      |     [01;35m[K~~~~~~^~~~~~~~~[m[K
make[2]: *** [CMakeFiles/go2_controller.dir/build.make:79: CMakeFiles/go2_controller.dir/src/go2_controller.cpp.o] Error 1
make[1]: *** [CMakeFiles/Makefile2:2775: CMakeFiles/go2_controller.dir/all] Error 2
make: *** [Makefile:146: all] Error 2
