[01m[K/home/pth/pth/model/Go2_simulator/src/controls/go2_controller/include/Tools/SingleRigidBody.cpp:58:17:[m[K [01;31m[Kerror: [m[Kno declaration matches ‘[01m[KEigen::Vector3d SingleRigidBody::MakeMatrix2Skew(const Matrix3d&, const Matrix3d&)[m[K’
   58 | Eigen::Vector3d [01;31m[KSingleRigidBody[m[K::MakeMatrix2Skew(const Eigen::Matrix3d &R1, const Eigen::Matrix3d &R2)
      |                 [01;31m[K^~~~~~~~~~~~~~~[m[K
In file included from [01m[K/home/pth/pth/model/Go2_simulator/src/controls/go2_controller/include/Tools/SingleRigidBody.cpp:1[m[K:
[01m[K/home/pth/pth/model/Go2_simulator/src/controls/go2_controller/include/Tools/SingleRigidBody.hpp:54:21:[m[K [01;36m[Knote: [m[Kcandidate is: ‘[01m[KEigen::Matrix3d SingleRigidBody::MakeMatrix2Skew(const Matrix3d&, const Matrix3d&)[m[K’
   54 |     Eigen::Matrix3d [01;36m[KMakeMatrix2Skew[m[K(const Eigen::Matrix3d &R1, const Eigen::Matrix3d &R2);
      |                     [01;36m[K^~~~~~~~~~~~~~~[m[K
In file included from [01m[K/home/pth/pth/model/Go2_simulator/src/controls/go2_controller/include/Tools/SingleRigidBody.cpp:1[m[K:
[01m[K/home/pth/pth/model/Go2_simulator/src/controls/go2_controller/include/Tools/SingleRigidBody.hpp:11:7:[m[K [01;36m[Knote: [m[K‘[01m[Kclass SingleRigidBody[m[K’ defined here
   11 | class [01;36m[KSingleRigidBody[m[K
      |       [01;36m[K^~~~~~~~~~~~~~~[m[K
[01m[K/home/pth/pth/model/Go2_simulator/src/controls/go2_controller/include/Tools/SingleRigidBody.cpp:135:6:[m[K [01;31m[Kerror: [m[Kdefault argument given for parameter 1 of ‘[01m[Kvoid SingleRigidBody::Compute_LinearMatrix(double)[m[K’ [[01;31m[K-fpermissive[m[K]
  135 | void [01;31m[KSingleRigidBody[m[K::Compute_LinearMatrix(double friction_mu = 0.7)
      |      [01;31m[K^~~~~~~~~~~~~~~[m[K
In file included from [01m[K/home/pth/pth/model/Go2_simulator/src/controls/go2_controller/include/Tools/SingleRigidBody.cpp:1[m[K:
[01m[K/home/pth/pth/model/Go2_simulator/src/controls/go2_controller/include/Tools/SingleRigidBody.hpp:72:10:[m[K [01;36m[Knote: [m[Kprevious specification in ‘[01m[Kvoid SingleRigidBody::Compute_LinearMatrix(double)[m[K’ here
   72 |     void [01;36m[KCompute_LinearMatrix[m[K(double friction_mu = 0.7);
      |          [01;36m[K^~~~~~~~~~~~~~~~~~~~[m[K
[01m[K/home/pth/pth/model/Go2_simulator/src/controls/go2_controller/include/Tools/SingleRigidBody.cpp:157:6:[m[K [01;31m[Kerror: [m[Kdefault argument given for parameter 1 of ‘[01m[Kvoid SingleRigidBody::Compute_Constraint(double)[m[K’ [[01;31m[K-fpermissive[m[K]
  157 | void [01;31m[KSingleRigidBody[m[K::Compute_Constraint(double f_z_max = 200)
      |      [01;31m[K^~~~~~~~~~~~~~~[m[K
In file included from [01m[K/home/pth/pth/model/Go2_simulator/src/controls/go2_controller/include/Tools/SingleRigidBody.cpp:1[m[K:
[01m[K/home/pth/pth/model/Go2_simulator/src/controls/go2_controller/include/Tools/SingleRigidBody.hpp:73:10:[m[K [01;36m[Knote: [m[Kprevious specification in ‘[01m[Kvoid SingleRigidBody::Compute_Constraint(double)[m[K’ here
   73 |     void [01;36m[KCompute_Constraint[m[K(double f_z_max = 200);
      |          [01;36m[K^~~~~~~~~~~~~~~~~~[m[K
In file included from [01m[K/usr/include/eigen3/Eigen/Core:366[m[K,
                 from [01m[K/usr/include/eigen3/Eigen/Dense:1[m[K,
                 from [01m[K/home/pth/pth/model/Go2_simulator/src/controls/go2_controller/include/Tools/SingleRigidBody.hpp:5[m[K,
                 from [01m[K/home/pth/pth/model/Go2_simulator/src/controls/go2_controller/include/Tools/SingleRigidBody.cpp:1[m[K:
/usr/include/eigen3/Eigen/src/Core/CwiseBinaryOp.h: In instantiation of ‘[01m[KEigen::CwiseBinaryOp<BinaryOp, Lhs, Rhs>::CwiseBinaryOp(const Lhs&, const Rhs&, const BinaryOp&) [with BinaryOp = Eigen::internal::scalar_difference_op<double, double>; LhsType = const Eigen::CwiseBinaryOp<Eigen::internal::scalar_product_op<double, double>, const Eigen::CwiseNullaryOp<Eigen::internal::scalar_constant_op<double>, const Eigen::Matrix<double, 3, 3> >, const Eigen::Matrix<double, 3, 3> >; RhsType = const Eigen::CwiseBinaryOp<Eigen::internal::scalar_product_op<double, double>, const Eigen::CwiseNullaryOp<Eigen::internal::scalar_constant_op<double>, const Eigen::Matrix<double, 3, 1> >, const Eigen::Matrix<double, 3, 1> >; Eigen::CwiseBinaryOp<BinaryOp, Lhs, Rhs>::Lhs = Eigen::CwiseBinaryOp<Eigen::internal::scalar_product_op<double, double>, const Eigen::CwiseNullaryOp<Eigen::internal::scalar_constant_op<double>, const Eigen::Matrix<double, 3, 3> >, const Eigen::Matrix<double, 3, 3> >; Eigen::CwiseBinaryOp<BinaryOp, Lhs, Rhs>::Rhs = Eigen::CwiseBinaryOp<Eigen::internal::scalar_product_op<double, double>, const Eigen::CwiseNullaryOp<Eigen::internal::scalar_constant_op<double>, const Eigen::Matrix<double, 3, 1> >, const Eigen::Matrix<double, 3, 1> >][m[K’:
[01m[K/usr/include/eigen3/Eigen/src/Core/../plugins/CommonCwiseBinaryOps.h:19:1:[m[K   required from ‘[01m[Kconst Eigen::CwiseBinaryOp<Eigen::internal::scalar_difference_op<typename Eigen::internal::traits<T>::Scalar, typename Eigen::internal::traits<OtherDerived>::Scalar>, const Derived, const OtherDerived> Eigen::MatrixBase<Derived>::operator-(const Eigen::MatrixBase<OtherDerived>&) const [with OtherDerived = Eigen::CwiseBinaryOp<Eigen::internal::scalar_product_op<double, double>, const Eigen::CwiseNullaryOp<Eigen::internal::scalar_constant_op<double>, const Eigen::Matrix<double, 3, 1> >, const Eigen::Matrix<double, 3, 1> >; Derived = Eigen::CwiseBinaryOp<Eigen::internal::scalar_product_op<double, double>, const Eigen::CwiseNullaryOp<Eigen::internal::scalar_constant_op<double>, const Eigen::Matrix<double, 3, 3> >, const Eigen::Matrix<double, 3, 3> >; typename Eigen::internal::traits<OtherDerived>::Scalar = double; typename Eigen::internal::traits<T>::Scalar = double][m[K’
[01m[K/home/pth/pth/model/Go2_simulator/src/controls/go2_controller/include/Tools/SingleRigidBody.cpp:93:98:[m[K   required from here
[01m[K/usr/include/eigen3/Eigen/src/Core/util/StaticAssert.h:174:5:[m[K [01;31m[Kerror: [m[Kstatic assertion failed: YOU_MIXED_MATRICES_OF_DIFFERENT_SIZES
  172 |      [01;31m[K( \[m[K
      |      [01;31m[K~~~[m[K
  173 | [01;31m[K        (int(Eigen::internal::size_of_xpr_at_compile_time<TYPE0>::ret)==0 && int(Eigen::internal::size_of_xpr_at_compile_time<TYPE1>::ret)==0) \[m[K
      |         [01;31m[K~~~~~~~~~~~~~~~~~~~~~~~~~~~~~~~~~~~~~~~~~~~~~~~~~~~~~~~~~~~~~~~~~~~~~~~~~~~~~~~~~~~~~~~~~~~~~~~~~~~~~~~~~~~~~~~~~~~~~~~~~~~~~~~~~~~~~~~~[m[K
  174 | [01;31m[K    || (\[m[K
      |     [01;31m[K^~~~~[m[K
  175 | [01;31m[K          (int(TYPE0::RowsAtCompileTime)==Eigen::Dynamic \[m[K
      |           [01;31m[K~~~~~~~~~~~~~~~~~~~~~~~~~~~~~~~~~~~~~~~~~~~~~~~~[m[K
  176 | [01;31m[K        || int(TYPE1::RowsAtCompileTime)==Eigen::Dynamic \[m[K
      |         [01;31m[K~~~~~~~~~~~~~~~~~~~~~~~~~~~~~~~~~~~~~~~~~~~~~~~~~~[m[K
  177 | [01;31m[K        || int(TYPE0::RowsAtCompileTime)==int(TYPE1::RowsAtCompileTime)) \[m[K
      |         [01;31m[K~~~~~~~~~~~~~~~~~~~~~~~~~~~~~~~~~~~~~~~~~~~~~~~~~~~~~~~~~~~~~~~~~~[m[K
  178 | [01;31m[K      &&  (int(TYPE0::ColsAtCompileTime)==Eigen::Dynamic \[m[K
      |       [01;31m[K~~~~~~~~~~~~~~~~~~~~~~~~~~~~~~~~~~~~~~~~~~~~~~~~~~~~[m[K
  179 | [01;31m[K        || int(TYPE1::ColsAtCompileTime)==Eigen::Dynamic \[m[K
      |         [01;31m[K~~~~~~~~~~~~~~~~~~~~~~~~~~~~~~~~~~~~~~~~~~~~~~~~~~[m[K
  180 | [01;31m[K        || int(TYPE0::ColsAtCompileTime)==int(TYPE1::ColsAtCompileTime))\[m[K
      |         [01;31m[K~~~~~~~~~~~~~~~~~~~~~~~~~~~~~~~~~~~~~~~~~~~~~~~~~~~~~~~~~~~~~~~~~[m[K
  181 | [01;31m[K       ) \[m[K
      |        [01;31m[K~~~[m[K
  182 | [01;31m[K     )[m[K
      |      [01;31m[K~[m[K
[01m[K/usr/include/eigen3/Eigen/src/Core/util/StaticAssert.h:33:54:[m[K [01;36m[Knote: [m[Kin definition of macro ‘[01m[KEIGEN_STATIC_ASSERT[m[K’
   33 |     #define EIGEN_STATIC_ASSERT(X,MSG) static_assert([01;36m[KX[m[K,#MSG);
      |                                                      [01;36m[K^[m[K
[01m[K/usr/include/eigen3/Eigen/src/Core/util/StaticAssert.h:191:6:[m[K [01;36m[Knote: [m[Kin expansion of macro ‘[01m[KEIGEN_PREDICATE_SAME_MATRIX_SIZE[m[K’
  191 |      [01;36m[KEIGEN_PREDICATE_SAME_MATRIX_SIZE[m[K(TYPE0,TYPE1),\
      |      [01;36m[K^~~~~~~~~~~~~~~~~~~~~~~~~~~~~~~~[m[K
[01m[K/usr/include/eigen3/Eigen/src/Core/CwiseBinaryOp.h:109:7:[m[K [01;36m[Knote: [m[Kin expansion of macro ‘[01m[KEIGEN_STATIC_ASSERT_SAME_MATRIX_SIZE[m[K’
  109 |       [01;36m[KEIGEN_STATIC_ASSERT_SAME_MATRIX_SIZE[m[K(Lhs, Rhs)
      |       [01;36m[K^~~~~~~~~~~~~~~~~~~~~~~~~~~~~~~~~~~~[m[K
/usr/include/eigen3/Eigen/src/Core/AssignEvaluator.h: In instantiation of ‘[01m[Kvoid Eigen::internal::call_assignment_no_alias(Dst&, const Src&, const Func&) [with Dst = Eigen::Block<Eigen::Matrix<double, -1, 1>, 3, 1, false>; Src = Eigen::Matrix<double, 3, 3>; Func = Eigen::internal::assign_op<double, double>][m[K’:
[01m[K/usr/include/eigen3/Eigen/src/Core/AssignEvaluator.h:797:27:[m[K   required from ‘[01m[Kvoid Eigen::internal::call_assignment(Dst&, const Src&, const Func&, typename Eigen::internal::enable_if<Eigen::internal::evaluator_assume_aliasing<Src>::value, void*>::type) [with Dst = Eigen::Block<Eigen::Matrix<double, -1, 1>, 3, 1, false>; Src = Eigen::Product<Eigen::Matrix<double, 3, 3>, Eigen::CwiseBinaryOp<Eigen::internal::scalar_difference_op<double, double>, const Eigen::CwiseBinaryOp<Eigen::internal::scalar_product_op<double, double>, const Eigen::CwiseNullaryOp<Eigen::internal::scalar_constant_op<double>, const Eigen::Matrix<double, 3, 3> >, const Eigen::Matrix<double, 3, 3> >, const Eigen::CwiseBinaryOp<Eigen::internal::scalar_product_op<double, double>, const Eigen::CwiseNullaryOp<Eigen::internal::scalar_constant_op<double>, const Eigen::Matrix<double, 3, 1> >, const Eigen::Matrix<double, 3, 1> > >, 0>; Func = Eigen::internal::assign_op<double, double>; typename Eigen::internal::enable_if<Eigen::internal::evaluator_assume_aliasing<Src>::value, void*>::type = void*][m[K’
[01m[K/usr/include/eigen3/Eigen/src/Core/AssignEvaluator.h:782:18:[m[K   required from ‘[01m[Kvoid Eigen::internal::call_assignment(Dst&, const Src&) [with Dst = Eigen::Block<Eigen::Matrix<double, -1, 1>, 3, 1, false>; Src = Eigen::Product<Eigen::Matrix<double, 3, 3>, Eigen::CwiseBinaryOp<Eigen::internal::scalar_difference_op<double, double>, const Eigen::CwiseBinaryOp<Eigen::internal::scalar_product_op<double, double>, const Eigen::CwiseNullaryOp<Eigen::internal::scalar_constant_op<double>, const Eigen::Matrix<double, 3, 3> >, const Eigen::Matrix<double, 3, 3> >, const Eigen::CwiseBinaryOp<Eigen::internal::scalar_product_op<double, double>, const Eigen::CwiseNullaryOp<Eigen::internal::scalar_constant_op<double>, const Eigen::Matrix<double, 3, 1> >, const Eigen::Matrix<double, 3, 1> > >, 0>][m[K’
[01m[K/usr/include/eigen3/Eigen/src/Core/Assign.h:66:28:[m[K   required from ‘[01m[KDerived& Eigen::MatrixBase<Derived>::operator=(const Eigen::DenseBase<OtherDerived>&) [with OtherDerived = Eigen::Product<Eigen::Matrix<double, 3, 3>, Eigen::CwiseBinaryOp<Eigen::internal::scalar_difference_op<double, double>, const Eigen::CwiseBinaryOp<Eigen::internal::scalar_product_op<double, double>, const Eigen::CwiseNullaryOp<Eigen::internal::scalar_constant_op<double>, const Eigen::Matrix<double, 3, 3> >, const Eigen::Matrix<double, 3, 3> >, const Eigen::CwiseBinaryOp<Eigen::internal::scalar_product_op<double, double>, const Eigen::CwiseNullaryOp<Eigen::internal::scalar_constant_op<double>, const Eigen::Matrix<double, 3, 1> >, const Eigen::Matrix<double, 3, 1> > >, 0>; Derived = Eigen::Block<Eigen::Matrix<double, -1, 1>, 3, 1, false>][m[K’
[01m[K/home/pth/pth/model/Go2_simulator/src/controls/go2_controller/include/Tools/SingleRigidBody.cpp:93:108:[m[K   required from here
[01m[K/usr/include/eigen3/Eigen/src/Core/util/StaticAssert.h:174:5:[m[K [01;31m[Kerror: [m[Kstatic assertion failed: YOU_MIXED_MATRICES_OF_DIFFERENT_SIZES
  172 |      [01;31m[K( \[m[K
      |      [01;31m[K~~~[m[K
  173 | [01;31m[K        (int(Eigen::internal::size_of_xpr_at_compile_time<TYPE0>::ret)==0 && int(Eigen::internal::size_of_xpr_at_compile_time<TYPE1>::ret)==0) \[m[K
      |         [01;31m[K~~~~~~~~~~~~~~~~~~~~~~~~~~~~~~~~~~~~~~~~~~~~~~~~~~~~~~~~~~~~~~~~~~~~~~~~~~~~~~~~~~~~~~~~~~~~~~~~~~~~~~~~~~~~~~~~~~~~~~~~~~~~~~~~~~~~~~~~[m[K
  174 | [01;31m[K    || (\[m[K
      |     [01;31m[K^~~~~[m[K
  175 | [01;31m[K          (int(TYPE0::RowsAtCompileTime)==Eigen::Dynamic \[m[K
      |           [01;31m[K~~~~~~~~~~~~~~~~~~~~~~~~~~~~~~~~~~~~~~~~~~~~~~~~[m[K
  176 | [01;31m[K        || int(TYPE1::RowsAtCompileTime)==Eigen::Dynamic \[m[K
      |         [01;31m[K~~~~~~~~~~~~~~~~~~~~~~~~~~~~~~~~~~~~~~~~~~~~~~~~~~[m[K
  177 | [01;31m[K        || int(TYPE0::RowsAtCompileTime)==int(TYPE1::RowsAtCompileTime)) \[m[K
      |         [01;31m[K~~~~~~~~~~~~~~~~~~~~~~~~~~~~~~~~~~~~~~~~~~~~~~~~~~~~~~~~~~~~~~~~~~[m[K
  178 | [01;31m[K      &&  (int(TYPE0::ColsAtCompileTime)==Eigen::Dynamic \[m[K
      |       [01;31m[K~~~~~~~~~~~~~~~~~~~~~~~~~~~~~~~~~~~~~~~~~~~~~~~~~~~~[m[K
  179 | [01;31m[K        || int(TYPE1::ColsAtCompileTime)==Eigen::Dynamic \[m[K
      |         [01;31m[K~~~~~~~~~~~~~~~~~~~~~~~~~~~~~~~~~~~~~~~~~~~~~~~~~~[m[K
  180 | [01;31m[K        || int(TYPE0::ColsAtCompileTime)==int(TYPE1::ColsAtCompileTime))\[m[K
      |         [01;31m[K~~~~~~~~~~~~~~~~~~~~~~~~~~~~~~~~~~~~~~~~~~~~~~~~~~~~~~~~~~~~~~~~~[m[K
  181 | [01;31m[K       ) \[m[K
      |        [01;31m[K~~~[m[K
  182 | [01;31m[K     )[m[K
      |      [01;31m[K~[m[K
[01m[K/usr/include/eigen3/Eigen/src/Core/util/StaticAssert.h:33:54:[m[K [01;36m[Knote: [m[Kin definition of macro ‘[01m[KEIGEN_STATIC_ASSERT[m[K’
   33 |     #define EIGEN_STATIC_ASSERT(X,MSG) static_assert([01;36m[KX[m[K,#MSG);
      |                                                      [01;36m[K^[m[K
[01m[K/usr/include/eigen3/Eigen/src/Core/util/StaticAssert.h:191:6:[m[K [01;36m[Knote: [m[Kin expansion of macro ‘[01m[KEIGEN_PREDICATE_SAME_MATRIX_SIZE[m[K’
  191 |      [01;36m[KEIGEN_PREDICATE_SAME_MATRIX_SIZE[m[K(TYPE0,TYPE1),\
      |      [01;36m[K^~~~~~~~~~~~~~~~~~~~~~~~~~~~~~~~[m[K
[01m[K/usr/include/eigen3/Eigen/src/Core/AssignEvaluator.h:833:3:[m[K [01;36m[Knote: [m[Kin expansion of macro ‘[01m[KEIGEN_STATIC_ASSERT_SAME_MATRIX_SIZE[m[K’
  833 |   [01;36m[KEIGEN_STATIC_ASSERT_SAME_MATRIX_SIZE[m[K(ActualDstTypeCleaned,Src)
      |   [01;36m[K^~~~~~~~~~~~~~~~~~~~~~~~~~~~~~~~~~~~[m[K
/usr/include/eigen3/Eigen/src/Core/DenseBase.h: In instantiation of ‘[01m[Kvoid Eigen::DenseBase<Derived>::evalTo(Dest&) const [with Dest = Eigen::SparseMatrix<double, 0, int>; Derived = Eigen::Product<Eigen::CwiseBinaryOp<Eigen::internal::scalar_product_op<double, double>, const Eigen::CwiseNullaryOp<Eigen::internal::scalar_constant_op<double>, const Eigen::Matrix<double, 12, 6, 1, 12, 6> >, const Eigen::Transpose<Eigen::Matrix<double, 6, 12> > >, Eigen::Matrix<double, 6, 12>, 0>][m[K’:
[01m[K/usr/include/eigen3/Eigen/src/Core/AssignEvaluator.h:899:5:[m[K   required from ‘[01m[Kstatic void Eigen::internal::Assignment<DstXprType, SrcXprType, Functor, Eigen::internal::EigenBase2EigenBase, Weak>::run(DstXprType&, const SrcXprType&, const Eigen::internal::assign_op<typename DstXprType::Scalar, typename SrcXprType::Scalar>&) [with DstXprType = Eigen::SparseMatrix<double, 0, int>; SrcXprType = Eigen::Product<Eigen::CwiseBinaryOp<Eigen::internal::scalar_product_op<double, double>, const Eigen::CwiseNullaryOp<Eigen::internal::scalar_constant_op<double>, const Eigen::Matrix<double, 12, 6, 1, 12, 6> >, const Eigen::Transpose<Eigen::Matrix<double, 6, 12> > >, Eigen::Matrix<double, 6, 12>, 0>; Functor = Eigen::internal::assign_op<double, double>; Weak = void; typename SrcXprType::Scalar = double; typename DstXprType::Scalar = double][m[K’
[01m[K/usr/include/eigen3/Eigen/src/Core/AssignEvaluator.h:836:49:[m[K   required from ‘[01m[Kvoid Eigen::internal::call_assignment_no_alias(Dst&, const Src&, const Func&) [with Dst = Eigen::SparseMatrix<double, 0, int>; Src = Eigen::Product<Eigen::CwiseBinaryOp<Eigen::internal::scalar_product_op<double, double>, const Eigen::CwiseNullaryOp<Eigen::internal::scalar_constant_op<double>, const Eigen::Matrix<double, 12, 6, 1, 12, 6> >, const Eigen::Transpose<Eigen::Matrix<double, 6, 12> > >, Eigen::Matrix<double, 6, 12>, 0>; Func = Eigen::internal::assign_op<double, double>][m[K’
[01m[K/usr/include/eigen3/Eigen/src/Core/AssignEvaluator.h:842:27:[m[K   required from ‘[01m[Kvoid Eigen::internal::call_assignment_no_alias(Dst&, const Src&) [with Dst = Eigen::SparseMatrix<double, 0, int>; Src = Eigen::Product<Eigen::CwiseBinaryOp<Eigen::internal::scalar_product_op<double, double>, const Eigen::CwiseNullaryOp<Eigen::internal::scalar_constant_op<double>, const Eigen::Matrix<double, 12, 6, 1, 12, 6> >, const Eigen::Transpose<Eigen::Matrix<double, 6, 12> > >, Eigen::Matrix<double, 6, 12>, 0>][m[K’
[01m[K/usr/include/eigen3/Eigen/src/SparseCore/SparseAssign.h:19:37:[m[K   required from ‘[01m[KDerived& Eigen::SparseMatrixBase<Derived>::operator=(const Eigen::EigenBase<OtherDerived>&) [with OtherDerived = Eigen::Product<Eigen::CwiseBinaryOp<Eigen::internal::scalar_product_op<double, double>, const Eigen::CwiseNullaryOp<Eigen::internal::scalar_constant_op<double>, const Eigen::Matrix<double, 12, 6, 1, 12, 6> >, const Eigen::Transpose<Eigen::Matrix<double, 6, 12> > >, Eigen::Matrix<double, 6, 12>, 0>; Derived = Eigen::SparseMatrix<double, 0, int>][m[K’
[01m[K/usr/include/eigen3/Eigen/src/SparseCore/SparseMatrix.h:782:29:[m[K   required from ‘[01m[KEigen::SparseMatrix<_Scalar, _Flags, _StorageIndex>& Eigen::SparseMatrix<_Scalar, _Flags, _StorageIndex>::operator=(const Eigen::EigenBase<OtherDerived>&) [with OtherDerived = Eigen::Product<Eigen::CwiseBinaryOp<Eigen::internal::scalar_product_op<double, double>, const Eigen::CwiseNullaryOp<Eigen::internal::scalar_constant_op<double>, const Eigen::Matrix<double, 12, 6, 1, 12, 6> >, const Eigen::Transpose<Eigen::Matrix<double, 6, 12> > >, Eigen::Matrix<double, 6, 12>, 0>; _Scalar = double; int _Options = 0; _StorageIndex = int][m[K’
[01m[K/home/pth/pth/model/Go2_simulator/src/controls/go2_controller/include/Tools/SingleRigidBody.cpp:98:39:[m[K   required from here
[01m[K/usr/include/eigen3/Eigen/src/Core/DenseBase.h:586:58:[m[K [01;31m[Kerror: [m[Kstatic assertion failed: THE_EVAL_EVALTO_FUNCTION_SHOULD_NEVER_BE_CALLED_FOR_DENSE_OBJECTS
  586 |       EIGEN_STATIC_ASSERT([01;31m[K(internal::is_same<Dest,void>::value)[m[K,THE_EVAL_EVALTO_FUNCTION_SHOULD_NEVER_BE_CALLED_FOR_DENSE_OBJECTS);
      |                           [01;31m[K~~~~~~~~~~~~~~~~~~~~~~~~~~~~~~~^~~~~~[m[K
[01m[K/usr/include/eigen3/Eigen/src/Core/util/StaticAssert.h:33:54:[m[K [01;36m[Knote: [m[Kin definition of macro ‘[01m[KEIGEN_STATIC_ASSERT[m[K’
   33 |     #define EIGEN_STATIC_ASSERT(X,MSG) static_assert([01;36m[KX[m[K,#MSG);
      |                                                      [01;36m[K^[m[K
make[2]: *** [include/Tools/CMakeFiles/Tools.dir/build.make:79: include/Tools/CMakeFiles/Tools.dir/SingleRigidBody.cpp.o] Error 1
make[2]: *** Waiting for unfinished jobs....
[01m[K/home/pth/pth/model/Go2_simulator/src/controls/go2_controller/include/Tools/Trajectories.cpp:[m[K In member function ‘[01m[KTrajectoryPoint Trajectories::Quintic_Task(ros::Time&, double, const Vector3d&, const Vector3d&)[m[K’:
[01m[K/home/pth/pth/model/Go2_simulator/src/controls/go2_controller/include/Tools/Trajectories.cpp:71:41:[m[K [01;31m[Kerror: [m[K‘[01m[KEE_Pose_FL_desired[m[K’ was not declared in this scope
   71 |         Eigen::Vector3d initial_error = [01;31m[KEE_Pose_FL_desired[m[K - EE_Pose_FL;
      |                                         [01;31m[K^~~~~~~~~~~~~~~~~~[m[K
[01m[K/home/pth/pth/model/Go2_simulator/src/controls/go2_controller/include/Tools/Trajectories.cpp:71:62:[m[K [01;31m[Kerror: [m[K‘[01m[KEE_Pose_FL[m[K’ was not declared in this scope
   71 |         Eigen::Vector3d initial_error = EE_Pose_FL_desired - [01;31m[KEE_Pose_FL[m[K;
      |                                                              [01;31m[K^~~~~~~~~~[m[K
[01m[K/home/pth/pth/model/Go2_simulator/src/controls/go2_controller/include/Tools/Trajectories.cpp:[m[K At global scope:
[01m[K/home/pth/pth/model/Go2_simulator/src/controls/go2_controller/include/Tools/Trajectories.cpp:99:17:[m[K [01;31m[Kerror: [m[K‘[01m[Kgo2_controller[m[K’ has not been declared
   99 | TrajectoryPoint [01;31m[Kgo2_controller[m[K::Sinusoidal_Task(ros::Time &start_time, double period,
      |                 [01;31m[K^~~~~~~~~~~~~~[m[K
[01m[K/home/pth/pth/model/Go2_simulator/src/controls/go2_controller/include/Tools/Trajectories.cpp:[m[K In member function ‘[01m[KEigen::VectorXd Trajectories::Quintic_Joint(ros::Time&, double, const VectorXd&, const VectorXd&)[m[K’:
[01m[K/home/pth/pth/model/Go2_simulator/src/controls/go2_controller/include/Tools/Trajectories.cpp:159:9:[m[K [01;31m[Kerror: [m[K‘[01m[Kq_desired[m[K’ was not declared in this scope
  159 |         [01;31m[Kq_desired[m[K = q;
      |         [01;31m[K^~~~~~~~~[m[K
[01m[K/home/pth/pth/model/Go2_simulator/src/controls/go2_controller/include/Tools/Trajectories.cpp:172:9:[m[K [01;31m[Kerror: [m[K‘[01m[Kq_desired[m[K’ was not declared in this scope
  172 |         [01;31m[Kq_desired[m[K = (T_vec * A).transpose(); // 12 x 1 열벡터가 된다.
      |         [01;31m[K^~~~~~~~~[m[K
[01m[K/home/pth/pth/model/Go2_simulator/src/controls/go2_controller/include/Tools/Trajectories.cpp:[m[K At global scope:
[01m[K/home/pth/pth/model/Go2_simulator/src/controls/go2_controller/include/Tools/Trajectories.cpp:177:17:[m[K [01;31m[Kerror: [m[Kno declaration matches ‘[01m[KTrajectoryPoint Trajectories::Sinusoidal_Task()[m[K’
  177 | TrajectoryPoint [01;31m[KTrajectories[m[K::Sinusoidal_Task()
      |                 [01;31m[K^~~~~~~~~~~~[m[K
In file included from [01m[K/home/pth/pth/model/Go2_simulator/src/controls/go2_controller/include/Tools/Trajectories.cpp:1[m[K:
[01m[K/home/pth/pth/model/Go2_simulator/src/controls/go2_controller/include/Tools/Trajectories.hpp:47:21:[m[K [01;36m[Knote: [m[Kcandidate is: ‘[01m[KTrajectoryPoint Trajectories::Sinusoidal_Task(ros::Time&, double, const Vector3d&, const Vector3d&)[m[K’
   47 |     TrajectoryPoint [01;36m[KSinusoidal_Task[m[K(ros::Time &start_time, double period,
      |                     [01;36m[K^~~~~~~~~~~~~~~[m[K
In file included from [01m[K/home/pth/pth/model/Go2_simulator/src/controls/go2_controller/include/Tools/Trajectories.cpp:1[m[K:
[01m[K/home/pth/pth/model/Go2_simulator/src/controls/go2_controller/include/Tools/Trajectories.hpp:15:7:[m[K [01;36m[Knote: [m[K‘[01m[Kclass Trajectories[m[K’ defined here
   15 | class [01;36m[KTrajectories[m[K
      |       [01;36m[K^~~~~~~~~~~~[m[K
[01m[K/home/pth/pth/model/Go2_simulator/src/controls/go2_controller/include/Tools/Trajectories.cpp:[m[K In member function ‘[01m[KEigen::VectorXd Trajectories::Sinusoidal_Joint()[m[K’:
[01m[K/home/pth/pth/model/Go2_simulator/src/controls/go2_controller/include/Tools/Trajectories.cpp:184:5:[m[K [01;31m[Kerror: [m[Kreturn-statement with no value, in function returning ‘[01m[KEigen::VectorXd[m[K’ {aka ‘[01m[KEigen::Matrix<double, -1, 1>[m[K’} [[01;31m[K-fpermissive[m[K]
  184 |     [01;31m[Kreturn[m[K;
      |     [01;31m[K^~~~~~[m[K
make[2]: *** [include/Tools/CMakeFiles/Tools.dir/build.make:107: include/Tools/CMakeFiles/Tools.dir/Trajectories.cpp.o] Error 1
make[1]: *** [CMakeFiles/Makefile2:3113: include/Tools/CMakeFiles/Tools.dir/all] Error 2
make: *** [Makefile:146: all] Error 2
