[01m[K/home/pth/pth/model/Go2_simulator/src/controls/go2_controller/src/go2_controller.cpp:[m[K In member function ‘[01m[Kvoid go2_controller::SwingLeg_Control(int)[m[K’:
[01m[K/home/pth/pth/model/Go2_simulator/src/controls/go2_controller/src/go2_controller.cpp:487:5:[m[K [01;31m[Kerror: [m[K‘[01m[KddX_CTC[m[K’ was not declared in this scope
  487 |     [01;31m[KddX_CTC[m[K[leg] = EE_Acc_desired[leg] +  Kp_Swing[leg] * (EE_Pose_desired[leg] - Foot_Pos[leg]) + Kd_Swing[leg] * (EE_Vel_desired[leg] - Foot_Vel[leg]);
      |     [01;31m[K^~~~~~~[m[K
[01m[K/home/pth/pth/model/Go2_simulator/src/controls/go2_controller/src/go2_controller.cpp:488:5:[m[K [01;31m[Kerror: [m[K‘[01m[Kddq_CTC[m[K’ was not declared in this scope
  488 |     [01;31m[Kddq_CTC[m[K[leg] = Foot_J[leg].inverse() * (ddX_CTC[leg] - Foot_dJ[leg] * dq_.segment<3>(3 * leg));  // 3x1
      |     [01;31m[K^~~~~~~[m[K
[01m[K/home/pth/pth/model/Go2_simulator/src/controls/go2_controller/src/go2_controller.cpp:491:25:[m[K [01;31m[Kerror: [m[K‘[01m[KM_Matirx[m[K’ was not declared in this scope; did you mean ‘[01m[KM_Matrix[m[K’?
  491 |     Swing_Torque[leg] = [01;31m[KM_Matirx[m[K.block<3,3>(3 * leg, 3 * leg) * ddq_CTC[leg] + B_Matrix.segment<3>(3 * leg);
      |                         [01;31m[K^~~~~~~~[m[K
      |                         [32m[KM_Matrix[m[K
[01m[K/home/pth/pth/model/Go2_simulator/src/controls/go2_controller/src/go2_controller.cpp:[m[K In member function ‘[01m[Kvoid go2_controller::Set_Dynamics()[m[K’:
[01m[K/home/pth/pth/model/Go2_simulator/src/controls/go2_controller/src/go2_controller.cpp:943:16:[m[K [01;31m[Kerror: [m[K‘[01m[KPino[m[K’ was not declared in this scope
  943 |     M_Matrix = [01;31m[KPino[m[K.GetCRBA();
      |                [01;31m[K^~~~[m[K
[01m[K/home/pth/pth/model/Go2_simulator/src/controls/go2_controller/src/go2_controller.cpp:[m[K In member function ‘[01m[Kvoid go2_controller::Init()[m[K’:
[01m[K/home/pth/pth/model/Go2_simulator/src/controls/go2_controller/src/go2_controller.cpp:6:11:[m[K [01;35m[Kwarning: [m[Kignoring return value of ‘[01m[Kint system(const char*)[m[K’, declared with attribute warn_unused_result [[01;35m[K-Wunused-result[m[K]
    6 |     [01;35m[Ksystem("clear")[m[K;
      |     [01;35m[K~~~~~~^~~~~~~~~[m[K
make[2]: *** [CMakeFiles/go2_controller.dir/build.make:79: CMakeFiles/go2_controller.dir/src/go2_controller.cpp.o] Error 1
make[1]: *** [CMakeFiles/Makefile2:2775: CMakeFiles/go2_controller.dir/all] Error 2
make: *** [Makefile:146: all] Error 2
