In file included from [01m[K/home/pth/pth/model/Go2_simulator/src/controls/go2_controller/include/go2_controller.h:39[m[K,
                 from [01m[K/home/pth/pth/model/Go2_simulator/src/controls/go2_controller/src/Kinematics.cpp:1[m[K:
[01m[K/home/pth/pth/model/Go2_simulator/src/controls/go2_controller/include/SingleRigidBody.h:19:12:[m[K [01;31m[Kerror: [m[K‘[01m[KMatirx3d[m[K’ in namespace ‘[01m[KEigen[m[K’ does not name a type; did you mean ‘[01m[KMatrix3d[m[K’?
   19 |     Eigen::[01;31m[KMatirx3d[m[K R_world_to_body; // world -> body 변환행렬
      |            [01;31m[K^~~~~~~~[m[K
      |            [32m[KMatrix3d[m[K
[01m[K/home/pth/pth/model/Go2_simulator/src/controls/go2_controller/include/SingleRigidBody.h:31:80:[m[K [01;31m[Kerror: [m[Kexpected ‘[01m[K;[m[K’ at end of member declaration
   31 |     Eigen::Matrix<double, 6, 12> A_Matirx_b {Eigen::Matrix<double,6,12>::Zero()[01;31m[K}[m[K
      |                                                                                [01;31m[K^[m[K
      |                                                                                 [32m[K;[m[K
[01m[K/home/pth/pth/model/Go2_simulator/src/controls/go2_controller/include/SingleRigidBody.h:38:26:[m[K [01;31m[Kerror: [m[Kexpected ‘[01m[K;[m[K’ at end of member declaration
   38 |     void Update_A_Matrix([01;31m[K)[m[K
      |                          [01;31m[K^[m[K
      |                           [32m[K;[m[K
[01m[K/home/pth/pth/model/Go2_simulator/src/controls/go2_controller/include/SingleRigidBody.h:39:27:[m[K [01;31m[Kerror: [m[Kexpected ‘[01m[K;[m[K’ at end of member declaration
   39 |     void Solve_SRBM_Force([01;31m[K)[m[K
      |                           [01;31m[K^[m[K
      |                            [32m[K;[m[K
[01m[K/home/pth/pth/model/Go2_simulator/src/controls/go2_controller/include/SingleRigidBody.h:40:31:[m[K [01;31m[Kerror: [m[Kexpected ‘[01m[K;[m[K’ at end of member declaration
   40 |     void ComputeDesiredWrench([01;31m[K)[m[K
      |                               [01;31m[K^[m[K
      |                                [32m[K;[m[K
[01m[K/home/pth/pth/model/Go2_simulator/src/controls/go2_controller/include/SingleRigidBody.h:44:12:[m[K [01;31m[Kerror: [m[K‘[01m[KMatirx3d[m[K’ in namespace ‘[01m[KEigen[m[K’ does not name a type; did you mean ‘[01m[KMatrix3d[m[K’?
   44 |     Eigen::[01;31m[KMatirx3d[m[K MakeCross2Skew(const Eigen::Vector3d& p) // 선언만 진행함.
      |            [01;31m[K^~~~~~~~[m[K
      |            [32m[KMatrix3d[m[K
[01m[K/home/pth/pth/model/Go2_simulator/src/controls/go2_controller/include/SingleRigidBody.h:49:2:[m[K [01;31m[Kerror: [m[Kexpected ‘[01m[K;[m[K’ after class definition
   49 | }
      |  [01;31m[K^[m[K
      |  [32m[K;[m[K
In file included from [01m[K/home/pth/pth/model/Go2_simulator/src/controls/go2_controller/include/go2_controller.h:39[m[K,
                 from [01m[K/home/pth/pth/model/Go2_simulator/src/controls/go2_controller/src/go2_controller.cpp:1[m[K:
[01m[K/home/pth/pth/model/Go2_simulator/src/controls/go2_controller/include/SingleRigidBody.h:19:12:[m[K [01;31m[Kerror: [m[K‘[01m[KMatirx3d[m[K’ in namespace ‘[01m[KEigen[m[K’ does not name a type; did you mean ‘[01m[KMatrix3d[m[K’?
   19 |     Eigen::[01;31m[KMatirx3d[m[K R_world_to_body; // world -> body 변환행렬
      |            [01;31m[K^~~~~~~~[m[K
      |            [32m[KMatrix3d[m[K
[01m[K/home/pth/pth/model/Go2_simulator/src/controls/go2_controller/include/SingleRigidBody.h:31:80:[m[K [01;31m[Kerror: [m[Kexpected ‘[01m[K;[m[K’ at end of member declaration
   31 |     Eigen::Matrix<double, 6, 12> A_Matirx_b {Eigen::Matrix<double,6,12>::Zero()[01;31m[K}[m[K
      |                                                                                [01;31m[K^[m[K
      |                                                                                 [32m[K;[m[K
[01m[K/home/pth/pth/model/Go2_simulator/src/controls/go2_controller/include/SingleRigidBody.h:38:26:[m[K [01;31m[Kerror: [m[Kexpected ‘[01m[K;[m[K’ at end of member declaration
   38 |     void Update_A_Matrix([01;31m[K)[m[K
      |                          [01;31m[K^[m[K
      |                           [32m[K;[m[K
[01m[K/home/pth/pth/model/Go2_simulator/src/controls/go2_controller/include/SingleRigidBody.h:39:27:[m[K [01;31m[Kerror: [m[Kexpected ‘[01m[K;[m[K’ at end of member declaration
   39 |     void Solve_SRBM_Force([01;31m[K)[m[K
      |                           [01;31m[K^[m[K
      |                            [32m[K;[m[K
[01m[K/home/pth/pth/model/Go2_simulator/src/controls/go2_controller/include/SingleRigidBody.h:40:31:[m[K [01;31m[Kerror: [m[Kexpected ‘[01m[K;[m[K’ at end of member declaration
   40 |     void ComputeDesiredWrench([01;31m[K)[m[K
      |                               [01;31m[K^[m[K
      |                                [32m[K;[m[K
[01m[K/home/pth/pth/model/Go2_simulator/src/controls/go2_controller/include/SingleRigidBody.h:44:12:[m[K [01;31m[Kerror: [m[K‘[01m[KMatirx3d[m[K’ in namespace ‘[01m[KEigen[m[K’ does not name a type; did you mean ‘[01m[KMatrix3d[m[K’?
   44 |     Eigen::[01;31m[KMatirx3d[m[K MakeCross2Skew(const Eigen::Vector3d& p) // 선언만 진행함.
      |            [01;31m[K^~~~~~~~[m[K
      |            [32m[KMatrix3d[m[K
[01m[K/home/pth/pth/model/Go2_simulator/src/controls/go2_controller/include/SingleRigidBody.h:49:2:[m[K [01;31m[Kerror: [m[Kexpected ‘[01m[K;[m[K’ after class definition
   49 | }
      |  [01;31m[K^[m[K
      |  [32m[K;[m[K
In file included from [01m[K/home/pth/pth/model/Go2_simulator/src/controls/go2_controller/include/go2_controller.h:39[m[K,
                 from [01m[K/home/pth/pth/model/Go2_simulator/src/controls/go2_controller/src/Jacobians.cpp:1[m[K:
[01m[K/home/pth/pth/model/Go2_simulator/src/controls/go2_controller/include/SingleRigidBody.h:19:12:[m[K [01;31m[Kerror: [m[K‘[01m[KMatirx3d[m[K’ in namespace ‘[01m[KEigen[m[K’ does not name a type; did you mean ‘[01m[KMatrix3d[m[K’?
   19 |     Eigen::[01;31m[KMatirx3d[m[K R_world_to_body; // world -> body 변환행렬
      |            [01;31m[K^~~~~~~~[m[K
      |            [32m[KMatrix3d[m[K
[01m[K/home/pth/pth/model/Go2_simulator/src/controls/go2_controller/src/go2_controller.cpp:[m[K In member function ‘[01m[Kvoid go2_controller::Command(bool)[m[K’:
[01m[K/home/pth/pth/model/Go2_simulator/src/controls/go2_controller/src/go2_controller.cpp:68:31:[m[K [01;31m[Kerror: [m[Kcannot convert ‘[01m[KSingleRigidBody[m[K’ to ‘[01m[KControlMode[m[K’ in assignment
   68 |                 controlmode = [01;31m[KSRBM[m[K;
      |                               [01;31m[K^~~~[m[K
      |                               [01;31m[K|[m[K
      |                               [01;31m[KSingleRigidBody[m[K
[01m[K/home/pth/pth/model/Go2_simulator/src/controls/go2_controller/src/go2_controller.cpp:77:14:[m[K [01;31m[Kerror: [m[Kuse of ‘[01m[Kthis[m[K’ in a constant expression
   77 |         case [01;31m[KSRBM[m[K:
      |              [01;31m[K^~~~[m[K
[01m[K/home/pth/pth/model/Go2_simulator/src/controls/go2_controller/src/go2_controller.cpp:77:14:[m[K [01;31m[Kerror: [m[Kcould not convert ‘[01m[K((go2_controller*)this)->go2_controller::SRBM[m[K’ from ‘[01m[KSingleRigidBody[m[K’ to ‘[01m[Kint[m[K’
[01m[K/home/pth/pth/model/Go2_simulator/src/controls/go2_controller/include/SingleRigidBody.h:31:80:[m[K [01;31m[Kerror: [m[Kexpected ‘[01m[K;[m[K’ at end of member declaration
   31 |     Eigen::Matrix<double, 6, 12> A_Matirx_b {Eigen::Matrix<double,6,12>::Zero()[01;31m[K}[m[K
      |                                                                                [01;31m[K^[m[K
      |                                                                                 [32m[K;[m[K
[01m[K/home/pth/pth/model/Go2_simulator/src/controls/go2_controller/include/SingleRigidBody.h:38:26:[m[K [01;31m[Kerror: [m[Kexpected ‘[01m[K;[m[K’ at end of member declaration
   38 |     void Update_A_Matrix([01;31m[K)[m[K
      |                          [01;31m[K^[m[K
      |                           [32m[K;[m[K
[01m[K/home/pth/pth/model/Go2_simulator/src/controls/go2_controller/include/SingleRigidBody.h:39:27:[m[K [01;31m[Kerror: [m[Kexpected ‘[01m[K;[m[K’ at end of member declaration
   39 |     void Solve_SRBM_Force([01;31m[K)[m[K
      |                           [01;31m[K^[m[K
      |                            [32m[K;[m[K
[01m[K/home/pth/pth/model/Go2_simulator/src/controls/go2_controller/include/SingleRigidBody.h:40:31:[m[K [01;31m[Kerror: [m[Kexpected ‘[01m[K;[m[K’ at end of member declaration
   40 |     void ComputeDesiredWrench([01;31m[K)[m[K
      |                               [01;31m[K^[m[K
      |                                [32m[K;[m[K
[01m[K/home/pth/pth/model/Go2_simulator/src/controls/go2_controller/include/SingleRigidBody.h:44:12:[m[K [01;31m[Kerror: [m[K‘[01m[KMatirx3d[m[K’ in namespace ‘[01m[KEigen[m[K’ does not name a type; did you mean ‘[01m[KMatrix3d[m[K’?
   44 |     Eigen::[01;31m[KMatirx3d[m[K MakeCross2Skew(const Eigen::Vector3d& p) // 선언만 진행함.
      |            [01;31m[K^~~~~~~~[m[K
      |            [32m[KMatrix3d[m[K
[01m[K/home/pth/pth/model/Go2_simulator/src/controls/go2_controller/include/SingleRigidBody.h:49:2:[m[K [01;31m[Kerror: [m[Kexpected ‘[01m[K;[m[K’ after class definition
   49 | }
      |  [01;31m[K^[m[K
      |  [32m[K;[m[K
In file included from [01m[K/home/pth/pth/model/Go2_simulator/src/controls/go2_controller/include/go2_controller.h:39[m[K,
                 from [01m[K/home/pth/pth/model/Go2_simulator/src/controls/go2_controller/src/Inverse_Kinematics.cpp:1[m[K:
[01m[K/home/pth/pth/model/Go2_simulator/src/controls/go2_controller/include/SingleRigidBody.h:19:12:[m[K [01;31m[Kerror: [m[K‘[01m[KMatirx3d[m[K’ in namespace ‘[01m[KEigen[m[K’ does not name a type; did you mean ‘[01m[KMatrix3d[m[K’?
   19 |     Eigen::[01;31m[KMatirx3d[m[K R_world_to_body; // world -> body 변환행렬
      |            [01;31m[K^~~~~~~~[m[K
      |            [32m[KMatrix3d[m[K
[01m[K/home/pth/pth/model/Go2_simulator/src/controls/go2_controller/include/SingleRigidBody.h:31:80:[m[K [01;31m[Kerror: [m[Kexpected ‘[01m[K;[m[K’ at end of member declaration
   31 |     Eigen::Matrix<double, 6, 12> A_Matirx_b {Eigen::Matrix<double,6,12>::Zero()[01;31m[K}[m[K
      |                                                                                [01;31m[K^[m[K
      |                                                                                 [32m[K;[m[K
[01m[K/home/pth/pth/model/Go2_simulator/src/controls/go2_controller/include/SingleRigidBody.h:38:26:[m[K [01;31m[Kerror: [m[Kexpected ‘[01m[K;[m[K’ at end of member declaration
   38 |     void Update_A_Matrix([01;31m[K)[m[K
      |                          [01;31m[K^[m[K
      |                           [32m[K;[m[K
[01m[K/home/pth/pth/model/Go2_simulator/src/controls/go2_controller/include/SingleRigidBody.h:39:27:[m[K [01;31m[Kerror: [m[Kexpected ‘[01m[K;[m[K’ at end of member declaration
   39 |     void Solve_SRBM_Force([01;31m[K)[m[K
      |                           [01;31m[K^[m[K
      |                            [32m[K;[m[K
[01m[K/home/pth/pth/model/Go2_simulator/src/controls/go2_controller/include/SingleRigidBody.h:40:31:[m[K [01;31m[Kerror: [m[Kexpected ‘[01m[K;[m[K’ at end of member declaration
   40 |     void ComputeDesiredWrench([01;31m[K)[m[K
      |                               [01;31m[K^[m[K
      |                                [32m[K;[m[K
[01m[K/home/pth/pth/model/Go2_simulator/src/controls/go2_controller/include/SingleRigidBody.h:44:12:[m[K [01;31m[Kerror: [m[K‘[01m[KMatirx3d[m[K’ in namespace ‘[01m[KEigen[m[K’ does not name a type; did you mean ‘[01m[KMatrix3d[m[K’?
   44 |     Eigen::[01;31m[KMatirx3d[m[K MakeCross2Skew(const Eigen::Vector3d& p) // 선언만 진행함.
      |            [01;31m[K^~~~~~~~[m[K
      |            [32m[KMatrix3d[m[K
[01m[K/home/pth/pth/model/Go2_simulator/src/controls/go2_controller/include/SingleRigidBody.h:49:2:[m[K [01;31m[Kerror: [m[Kexpected ‘[01m[K;[m[K’ after class definition
   49 | }
      |  [01;31m[K^[m[K
      |  [32m[K;[m[K
make[2]: *** [CMakeFiles/go2_controller.dir/build.make:121: CMakeFiles/go2_controller.dir/src/Jacobians.cpp.o] Error 1
make[2]: *** Waiting for unfinished jobs....
make[2]: *** [CMakeFiles/go2_controller.dir/build.make:107: CMakeFiles/go2_controller.dir/src/Inverse_Kinematics.cpp.o] Error 1
make[2]: *** [CMakeFiles/go2_controller.dir/build.make:93: CMakeFiles/go2_controller.dir/src/Kinematics.cpp.o] Error 1
[01m[K/home/pth/pth/model/Go2_simulator/src/controls/go2_controller/src/go2_controller.cpp:[m[K In member function ‘[01m[Kvoid go2_controller::Init()[m[K’:
[01m[K/home/pth/pth/model/Go2_simulator/src/controls/go2_controller/src/go2_controller.cpp:6:11:[m[K [01;35m[Kwarning: [m[Kignoring return value of ‘[01m[Kint system(const char*)[m[K’, declared with attribute warn_unused_result [[01;35m[K-Wunused-result[m[K]
    6 |     [01;35m[Ksystem("clear")[m[K;
      |     [01;35m[K~~~~~~^~~~~~~~~[m[K
make[2]: *** [CMakeFiles/go2_controller.dir/build.make:79: CMakeFiles/go2_controller.dir/src/go2_controller.cpp.o] Error 1
make[1]: *** [CMakeFiles/Makefile2:2729: CMakeFiles/go2_controller.dir/all] Error 2
make: *** [Makefile:146: all] Error 2
