[  0%] [0mBuilt target go2_controller_xacro_generated_to_devel_space_[0m
[  0%] [0mBuilt target geometry_msgs_generate_messages_cpp[0m
[  0%] [0mBuilt target geometry_msgs_generate_messages_eus[0m
[  0%] [0mBuilt target geometry_msgs_generate_messages_lisp[0m
[  0%] [0mBuilt target geometry_msgs_generate_messages_py[0m
[  0%] [0mBuilt target geometry_msgs_generate_messages_nodejs[0m
[  0%] [0mBuilt target std_msgs_generate_messages_cpp[0m
[  0%] [0mBuilt target std_msgs_generate_messages_eus[0m
[  0%] [0mBuilt target std_msgs_generate_messages_lisp[0m
[  0%] [0mBuilt target std_msgs_generate_messages_nodejs[0m
[  0%] [0mBuilt target std_msgs_generate_messages_py[0m
[  0%] [0mBuilt target roscpp_generate_messages_cpp[0m
[  0%] [0mBuilt target roscpp_generate_messages_eus[0m
[  0%] [0mBuilt target roscpp_generate_messages_lisp[0m
[  0%] [0mBuilt target roscpp_generate_messages_nodejs[0m
[  0%] [0mBuilt target roscpp_generate_messages_py[0m
[  0%] [0mBuilt target rosgraph_msgs_generate_messages_cpp[0m
[  0%] [0mBuilt target rosgraph_msgs_generate_messages_eus[0m
[  0%] [0mBuilt target rosgraph_msgs_generate_messages_lisp[0m
[  0%] [0mBuilt target rosgraph_msgs_generate_messages_nodejs[0m
[  0%] [0mBuilt target rosgraph_msgs_generate_messages_py[0m
[  0%] [0mBuilt target sensor_msgs_generate_messages_cpp[0m
[  0%] [0mBuilt target sensor_msgs_generate_messages_eus[0m
[  0%] [0mBuilt target sensor_msgs_generate_messages_lisp[0m
[  0%] [0mBuilt target sensor_msgs_generate_messages_nodejs[0m
[ 11%] [32mBuilding CXX object CMakeFiles/go2_controller.dir/src/Kinematics.cpp.o[0m
[ 11%] [0mBuilt target tf_generate_messages_cpp[0m
[ 11%] [0mBuilt target sensor_msgs_generate_messages_py[0m
[ 11%] [0mBuilt target tf_generate_messages_eus[0m
[ 11%] [0mBuilt target tf_generate_messages_lisp[0m
[ 11%] [0mBuilt target tf_generate_messages_nodejs[0m
[ 11%] [0mBuilt target tf_generate_messages_py[0m
[ 11%] [0mBuilt target actionlib_generate_messages_cpp[0m
[ 11%] [0mBuilt target actionlib_generate_messages_lisp[0m
[ 11%] [0mBuilt target actionlib_generate_messages_eus[0m
[ 11%] [0mBuilt target actionlib_generate_messages_nodejs[0m
[ 11%] [0mBuilt target actionlib_generate_messages_py[0m
[ 11%] [0mBuilt target actionlib_msgs_generate_messages_cpp[0m
[ 11%] [0mBuilt target actionlib_msgs_generate_messages_eus[0m
[ 11%] [0mBuilt target actionlib_msgs_generate_messages_lisp[0m
[ 11%] [0mBuilt target actionlib_msgs_generate_messages_py[0m
[ 11%] [0mBuilt target actionlib_msgs_generate_messages_nodejs[0m
[ 11%] [0mBuilt target tf2_msgs_generate_messages_cpp[0m
[ 11%] [0mBuilt target tf2_msgs_generate_messages_nodejs[0m
[ 11%] [0mBuilt target tf2_msgs_generate_messages_eus[0m
[ 11%] [0mBuilt target tf2_msgs_generate_messages_lisp[0m
[ 11%] [0mBuilt target tf2_msgs_generate_messages_py[0m
[ 11%] [0mBuilt target std_srvs_generate_messages_cpp[0m
[ 11%] [0mBuilt target gazebo_ros_gencfg[0m
[ 11%] [0mBuilt target std_srvs_generate_messages_eus[0m
[ 11%] [0mBuilt target std_srvs_generate_messages_nodejs[0m
[ 11%] [0mBuilt target std_srvs_generate_messages_py[0m
[ 11%] [0mBuilt target std_srvs_generate_messages_lisp[0m
[ 11%] [0mBuilt target dynamic_reconfigure_generate_messages_cpp[0m
[ 11%] [0mBuilt target dynamic_reconfigure_generate_messages_lisp[0m
[ 11%] [0mBuilt target dynamic_reconfigure_generate_messages_eus[0m
[ 11%] [0mBuilt target dynamic_reconfigure_generate_messages_nodejs[0m
[ 11%] [0mBuilt target dynamic_reconfigure_generate_messages_py[0m
[ 11%] [0mBuilt target dynamic_reconfigure_gencfg[0m
[ 11%] [0mBuilt target gazebo_msgs_generate_messages_cpp[0m
[ 11%] [0mBuilt target gazebo_msgs_generate_messages_eus[0m
[ 11%] [0mBuilt target gazebo_msgs_generate_messages_lisp[0m
[ 11%] [0mBuilt target gazebo_msgs_generate_messages_py[0m
[ 11%] [0mBuilt target gazebo_msgs_generate_messages_nodejs[0m
[ 11%] [0mBuilt target trajectory_msgs_generate_messages_cpp[0m
[ 11%] [0mBuilt target trajectory_msgs_generate_messages_eus[0m
[ 11%] [0mBuilt target trajectory_msgs_generate_messages_nodejs[0m
[ 11%] [0mBuilt target trajectory_msgs_generate_messages_lisp[0m
[ 11%] [0mBuilt target trajectory_msgs_generate_messages_py[0m
[ 11%] [0mBuilt target controller_manager_msgs_generate_messages_cpp[0m
[ 11%] [0mBuilt target controller_manager_msgs_generate_messages_eus[0m
[ 11%] [0mBuilt target controller_manager_msgs_generate_messages_lisp[0m
[ 11%] [0mBuilt target controller_manager_msgs_generate_messages_nodejs[0m
[ 11%] [0mBuilt target controller_manager_msgs_generate_messages_py[0m
[ 22%] [1m[32mLinking CXX shared library /home/pth/pth/model/Go2_simulator/devel/.private/go2_controller/lib/libgo2_controller.so[0m
/usr/bin/ld: CMakeFiles/go2_controller.dir/src/Jacobians.cpp.o: in function `A_Matrix(double, double, double, double)':
Jacobians.cpp:(.text+0x0): multiple definition of `A_Matrix(double, double, double, double)'; CMakeFiles/go2_controller.dir/src/Kinematics.cpp.o:Kinematics.cpp:(.text+0xc0): first defined here
collect2: error: ld returned 1 exit status
make[2]: *** [CMakeFiles/go2_controller.dir/build.make:277: /home/pth/pth/model/Go2_simulator/devel/.private/go2_controller/lib/libgo2_controller.so] Error 1
make[1]: *** [CMakeFiles/Makefile2:2729: CMakeFiles/go2_controller.dir/all] Error 2
make: *** [Makefile:146: all] Error 2
