[01m[K/home/pth/pth/model/Go2_simulator/src/controls/go2_controller/src/go2_controller.cpp:[m[K In member function ‘[01m[Kvoid go2_controller::SRBMControl()[m[K’:
[01m[K/home/pth/pth/model/Go2_simulator/src/controls/go2_controller/src/go2_controller.cpp:313:35:[m[K [01;31m[Kerror: [m[Kno matching function for call to ‘[01m[KCentroidal_Dynamics::Set_FootPosition(std::array<Eigen::Matrix<double, 3, 1>, 4>&)[m[K’
  313 |     CENT.Set_FootPosition(EE_Pose_[01;31m[K)[m[K;
      |                                   [01;31m[K^[m[K
In file included from [01m[K/home/pth/pth/model/Go2_simulator/src/controls/go2_controller/include/go2_controller.h:44[m[K,
                 from [01m[K/home/pth/pth/model/Go2_simulator/src/controls/go2_controller/src/go2_controller.cpp:1[m[K:
[01m[K/home/pth/pth/model/Go2_simulator/src/controls/go2_controller/include/Tools/Centroidal_Dynamics.hpp:78:10:[m[K [01;36m[Knote: [m[Kcandidate: ‘[01m[Kvoid Centroidal_Dynamics::Set_FootPosition(Eigen::Vector3d, Eigen::Vector3d, Eigen::Vector3d, Eigen::Vector3d)[m[K’
   78 |     void [01;36m[KSet_FootPosition[m[K(Eigen::Vector3d Pino_FL_, Eigen::Vector3d Pino_FR_, Eigen::Vector3d Pino_RL_, Eigen::Vector3d Pino_RR_);
      |          [01;36m[K^~~~~~~~~~~~~~~~[m[K
[01m[K/home/pth/pth/model/Go2_simulator/src/controls/go2_controller/include/Tools/Centroidal_Dynamics.hpp:78:10:[m[K [01;36m[Knote: [m[K  candidate expects 4 arguments, 1 provided
[01m[K/home/pth/pth/model/Go2_simulator/src/controls/go2_controller/src/go2_controller.cpp:[m[K In member function ‘[01m[Kvoid go2_controller::DataStream()[m[K’:
[01m[K/home/pth/pth/model/Go2_simulator/src/controls/go2_controller/src/go2_controller.cpp:538:37:[m[K [01;31m[Kerror: [m[K‘[01m[Kclass Centroidal_Dynamics[m[K’ has no member named ‘[01m[KGet_Error_Ori[m[K’; did you mean ‘[01m[KGet_Error_R[m[K’?
  538 |     Eigen::Vector3d Err_Ori_ = CENT.[01;31m[KGet_Error_Ori[m[K();
      |                                     [01;31m[K^~~~~~~~~~~~~[m[K
      |                                     [32m[KGet_Error_R[m[K
[01m[K/home/pth/pth/model/Go2_simulator/src/controls/go2_controller/src/go2_controller.cpp:[m[K In member function ‘[01m[Kvoid go2_controller::Init()[m[K’:
[01m[K/home/pth/pth/model/Go2_simulator/src/controls/go2_controller/src/go2_controller.cpp:6:11:[m[K [01;35m[Kwarning: [m[Kignoring return value of ‘[01m[Kint system(const char*)[m[K’, declared with attribute warn_unused_result [[01;35m[K-Wunused-result[m[K]
    6 |     [01;35m[Ksystem("clear")[m[K;
      |     [01;35m[K~~~~~~^~~~~~~~~[m[K
make[2]: *** [CMakeFiles/go2_controller.dir/build.make:79: CMakeFiles/go2_controller.dir/src/go2_controller.cpp.o] Error 1
make[1]: *** [CMakeFiles/Makefile2:2775: CMakeFiles/go2_controller.dir/all] Error 2
make: *** [Makefile:146: all] Error 2
