[01m[K/home/pth/pth/model/Go2_simulator/src/controls/go2_controller/include/Tools/Trajectories.cpp:242:8:[m[K [01;31m[Kerror: [m[Kno declaration matches ‘[01m[Kdouble Trajectories::Raibert_Heuristic_X(int, double, double, double)[m[K’
  242 | double [01;31m[KTrajectories[m[K::Raibert_Heuristic_X(int leg, double p_com, double v_com, double T_Gait)
      |        [01;31m[K^~~~~~~~~~~~[m[K
[01m[K/home/pth/pth/model/Go2_simulator/src/controls/go2_controller/include/Tools/Trajectories.cpp:242:8:[m[K [01;36m[Knote: [m[Kno functions named ‘[01m[Kdouble Trajectories::Raibert_Heuristic_X(int, double, double, double)[m[K’
In file included from [01m[K/home/pth/pth/model/Go2_simulator/src/controls/go2_controller/include/Tools/Trajectories.cpp:1[m[K:
[01m[K/home/pth/pth/model/Go2_simulator/src/controls/go2_controller/include/Tools/Trajectories.hpp:30:7:[m[K [01;36m[Knote: [m[K‘[01m[Kclass Trajectories[m[K’ defined here
   30 | class [01;36m[KTrajectories[m[K
      |       [01;36m[K^~~~~~~~~~~~[m[K
[01m[K/home/pth/pth/model/Go2_simulator/src/controls/go2_controller/include/Tools/Trajectories.cpp:251:8:[m[K [01;31m[Kerror: [m[Kno declaration matches ‘[01m[Kdouble Trajectories::Raibert_Heuristic_Y(int, double, double, double)[m[K’
  251 | double [01;31m[KTrajectories[m[K::Raibert_Heuristic_Y(int leg, double p_com, double v_com, double T_Gait)
      |        [01;31m[K^~~~~~~~~~~~[m[K
[01m[K/home/pth/pth/model/Go2_simulator/src/controls/go2_controller/include/Tools/Trajectories.cpp:251:8:[m[K [01;36m[Knote: [m[Kno functions named ‘[01m[Kdouble Trajectories::Raibert_Heuristic_Y(int, double, double, double)[m[K’
In file included from [01m[K/home/pth/pth/model/Go2_simulator/src/controls/go2_controller/include/Tools/Trajectories.cpp:1[m[K:
[01m[K/home/pth/pth/model/Go2_simulator/src/controls/go2_controller/include/Tools/Trajectories.hpp:30:7:[m[K [01;36m[Knote: [m[K‘[01m[Kclass Trajectories[m[K’ defined here
   30 | class [01;36m[KTrajectories[m[K
      |       [01;36m[K^~~~~~~~~~~~[m[K
make[2]: *** [include/Tools/CMakeFiles/Tools.dir/build.make:107: include/Tools/CMakeFiles/Tools.dir/Trajectories.cpp.o] Error 1
make[2]: *** Waiting for unfinished jobs....
make[1]: *** [CMakeFiles/Makefile2:3113: include/Tools/CMakeFiles/Tools.dir/all] Error 2
make: *** [Makefile:146: all] Error 2
