[  0%] [0mBuilt target go2_controller_xacro_generated_to_devel_space_[0m
[ 75%] [0mBuilt target osqpeigen[0m
[ 75%] [0mBuilt target geometry_msgs_generate_messages_cpp[0m
[ 75%] [0mBuilt target geometry_msgs_generate_messages_eus[0m
[ 75%] [0mBuilt target geometry_msgs_generate_messages_lisp[0m
[ 75%] [0mBuilt target geometry_msgs_generate_messages_nodejs[0m
[ 75%] [0mBuilt target geometry_msgs_generate_messages_py[0m
[ 75%] [0mBuilt target std_msgs_generate_messages_cpp[0m
[ 75%] [0mBuilt target std_msgs_generate_messages_eus[0m
[ 75%] [0mBuilt target std_msgs_generate_messages_lisp[0m
[ 75%] [0mBuilt target std_msgs_generate_messages_nodejs[0m
[ 75%] [0mBuilt target std_msgs_generate_messages_py[0m
[ 75%] [0mBuilt target roscpp_generate_messages_cpp[0m
[ 75%] [0mBuilt target roscpp_generate_messages_eus[0m
[ 75%] [0mBuilt target roscpp_generate_messages_lisp[0m
[ 75%] [0mBuilt target roscpp_generate_messages_nodejs[0m
[ 75%] [0mBuilt target roscpp_generate_messages_py[0m
[ 75%] [0mBuilt target rosgraph_msgs_generate_messages_cpp[0m
[ 75%] [0mBuilt target rosgraph_msgs_generate_messages_eus[0m
[ 75%] [0mBuilt target rosgraph_msgs_generate_messages_lisp[0m
[ 75%] [0mBuilt target rosgraph_msgs_generate_messages_py[0m
[ 75%] [0mBuilt target rosgraph_msgs_generate_messages_nodejs[0m
[ 75%] [0mBuilt target sensor_msgs_generate_messages_cpp[0m
[ 75%] [0mBuilt target sensor_msgs_generate_messages_eus[0m
[ 75%] [0mBuilt target sensor_msgs_generate_messages_nodejs[0m
[ 75%] [0mBuilt target sensor_msgs_generate_messages_lisp[0m
[ 75%] [0mBuilt target sensor_msgs_generate_messages_py[0m
[ 75%] [0mBuilt target tf_generate_messages_cpp[0m
[ 75%] [0mBuilt target tf_generate_messages_lisp[0m
[ 75%] [0mBuilt target tf_generate_messages_eus[0m
[ 75%] [0mBuilt target tf_generate_messages_nodejs[0m
[ 75%] [0mBuilt target tf_generate_messages_py[0m
[ 75%] [0mBuilt target actionlib_generate_messages_cpp[0m
[ 75%] [0mBuilt target actionlib_generate_messages_eus[0m
[ 75%] [0mBuilt target actionlib_generate_messages_lisp[0m
[ 75%] [0mBuilt target actionlib_generate_messages_nodejs[0m
[ 75%] [0mBuilt target actionlib_generate_messages_py[0m
[ 75%] [0mBuilt target actionlib_msgs_generate_messages_cpp[0m
[ 75%] [0mBuilt target actionlib_msgs_generate_messages_eus[0m
[ 75%] [0mBuilt target actionlib_msgs_generate_messages_lisp[0m
[ 75%] [0mBuilt target actionlib_msgs_generate_messages_nodejs[0m
[ 75%] [0mBuilt target tf2_msgs_generate_messages_cpp[0m
[ 75%] [0mBuilt target actionlib_msgs_generate_messages_py[0m
[ 75%] [0mBuilt target tf2_msgs_generate_messages_eus[0m
[ 75%] [0mBuilt target tf2_msgs_generate_messages_lisp[0m
[ 75%] [0mBuilt target tf2_msgs_generate_messages_nodejs[0m
[ 75%] [0mBuilt target gazebo_ros_gencfg[0m
[ 75%] [0mBuilt target tf2_msgs_generate_messages_py[0m
[ 75%] [0mBuilt target std_srvs_generate_messages_cpp[0m
[ 75%] [0mBuilt target std_srvs_generate_messages_lisp[0m
[ 75%] [0mBuilt target std_srvs_generate_messages_nodejs[0m
[ 75%] [0mBuilt target std_srvs_generate_messages_eus[0m
[ 75%] [0mBuilt target dynamic_reconfigure_generate_messages_cpp[0m
[ 75%] [0mBuilt target std_srvs_generate_messages_py[0m
[ 75%] [0mBuilt target dynamic_reconfigure_generate_messages_eus[0m
[ 75%] [0mBuilt target dynamic_reconfigure_generate_messages_py[0m
[ 75%] [0mBuilt target dynamic_reconfigure_generate_messages_nodejs[0m
[ 75%] [0mBuilt target dynamic_reconfigure_generate_messages_lisp[0m
[ 75%] [0mBuilt target gazebo_msgs_generate_messages_eus[0m
[ 75%] [0mBuilt target gazebo_msgs_generate_messages_cpp[0m
[ 75%] [0mBuilt target dynamic_reconfigure_gencfg[0m
[ 75%] [0mBuilt target gazebo_msgs_generate_messages_lisp[0m
[ 75%] [0mBuilt target gazebo_msgs_generate_messages_py[0m
[ 75%] [0mBuilt target gazebo_msgs_generate_messages_nodejs[0m
[ 75%] [0mBuilt target trajectory_msgs_generate_messages_eus[0m
[ 75%] [0mBuilt target trajectory_msgs_generate_messages_cpp[0m
[ 75%] [0mBuilt target trajectory_msgs_generate_messages_lisp[0m
[ 75%] [0mBuilt target trajectory_msgs_generate_messages_py[0m
[ 75%] [0mBuilt target trajectory_msgs_generate_messages_nodejs[0m
[ 75%] [0mBuilt target controller_manager_msgs_generate_messages_cpp[0m
[ 75%] [0mBuilt target controller_manager_msgs_generate_messages_lisp[0m
[ 75%] [0mBuilt target controller_manager_msgs_generate_messages_eus[0m
[ 75%] [0mBuilt target controller_manager_msgs_generate_messages_nodejs[0m
[ 75%] [0mBuilt target controller_manager_msgs_generate_messages_py[0m
[ 77%] [32mBuilding CXX object include/Tools/CMakeFiles/Tools.dir/TaskSpacePDControl.cpp.o[0m
[ 80%] [32mBuilding CXX object include/Tools/CMakeFiles/Tools.dir/Centroidal_Dynamics.cpp.o[0m
[ 82%] [1m[32mLinking CXX shared library /home/pth/pth/model/Go2_simulator/devel/.private/go2_controller/lib/libTools.so[0m
[ 91%] [0mBuilt target Tools[0m
[ 93%] [32mBuilding CXX object CMakeFiles/go2_controller.dir/src/go2_controller.cpp.o[0m
[01m[K/home/pth/pth/model/Go2_simulator/src/controls/go2_controller/src/go2_controller.cpp:[m[K In member function ‘[01m[Kvoid go2_controller::SRBMControl()[m[K’:
[01m[K/home/pth/pth/model/Go2_simulator/src/controls/go2_controller/src/go2_controller.cpp:310:35:[m[K [01;31m[Kerror: [m[Kno matching function for call to ‘[01m[KCentroidal_Dynamics::Set_FootPosition(std::array<Eigen::Matrix<double, 3, 1>, 4>&)[m[K’
  310 |     CENT.Set_FootPosition(EE_Pose_[01;31m[K)[m[K;
      |                                   [01;31m[K^[m[K
In file included from [01m[K/home/pth/pth/model/Go2_simulator/src/controls/go2_controller/include/go2_controller.h:44[m[K,
                 from [01m[K/home/pth/pth/model/Go2_simulator/src/controls/go2_controller/src/go2_controller.cpp:1[m[K:
[01m[K/home/pth/pth/model/Go2_simulator/src/controls/go2_controller/include/Tools/Centroidal_Dynamics.hpp:78:10:[m[K [01;36m[Knote: [m[Kcandidate: ‘[01m[Kvoid Centroidal_Dynamics::Set_FootPosition(Eigen::Vector3d, Eigen::Vector3d, Eigen::Vector3d, Eigen::Vector3d)[m[K’
   78 |     void [01;36m[KSet_FootPosition[m[K(Eigen::Vector3d Pino_FL_, Eigen::Vector3d Pino_FR_, Eigen::Vector3d Pino_RL_, Eigen::Vector3d Pino_RR_);
      |          [01;36m[K^~~~~~~~~~~~~~~~[m[K
[01m[K/home/pth/pth/model/Go2_simulator/src/controls/go2_controller/include/Tools/Centroidal_Dynamics.hpp:78:10:[m[K [01;36m[Knote: [m[K  candidate expects 4 arguments, 1 provided
[01m[K/home/pth/pth/model/Go2_simulator/src/controls/go2_controller/src/go2_controller.cpp:[m[K In member function ‘[01m[Kvoid go2_controller::Init()[m[K’:
[01m[K/home/pth/pth/model/Go2_simulator/src/controls/go2_controller/src/go2_controller.cpp:6:11:[m[K [01;35m[Kwarning: [m[Kignoring return value of ‘[01m[Kint system(const char*)[m[K’, declared with attribute warn_unused_result [[01;35m[K-Wunused-result[m[K]
    6 |     [01;35m[Ksystem("clear")[m[K;
      |     [01;35m[K~~~~~~^~~~~~~~~[m[K
make[2]: *** [CMakeFiles/go2_controller.dir/build.make:79: CMakeFiles/go2_controller.dir/src/go2_controller.cpp.o] Error 1
make[1]: *** [CMakeFiles/Makefile2:2775: CMakeFiles/go2_controller.dir/all] Error 2
make: *** [Makefile:146: all] Error 2
