[01m[K/home/pth/pth/model/Go2_simulator/src/controls/go2_controller/src/go2_controller.cpp:347:6:[m[K [01;31m[Kerror: [m[K‘[01m[Kgo2_contorller[m[K’ has not been declared
  347 | void [01;31m[Kgo2_contorller[m[K::Gait_Generator()
      |      [01;31m[K^~~~~~~~~~~~~~[m[K
[01m[K/home/pth/pth/model/Go2_simulator/src/controls/go2_controller/src/go2_controller.cpp:[m[K In function ‘[01m[Kvoid Gait_Generator()[m[K’:
[01m[K/home/pth/pth/model/Go2_simulator/src/controls/go2_controller/src/go2_controller.cpp:351:13:[m[K [01;31m[Kerror: [m[K‘[01m[KGait_Switch[m[K’ was not declared in this scope
  351 |     switch ([01;31m[KGait_Switch[m[K) {
      |             [01;31m[K^~~~~~~~~~~[m[K
[01m[K/home/pth/pth/model/Go2_simulator/src/controls/go2_controller/src/go2_controller.cpp:353:9:[m[K [01;31m[Kerror: [m[K‘[01m[KTarget_State[m[K’ was not declared in this scope
  353 |         [01;31m[KTarget_State[m[K = Trot_Pattern.row(0);
      |         [01;31m[K^~~~~~~~~~~~[m[K
[01m[K/home/pth/pth/model/Go2_simulator/src/controls/go2_controller/src/go2_controller.cpp:353:24:[m[K [01;31m[Kerror: [m[K‘[01m[KTrot_Pattern[m[K’ was not declared in this scope
  353 |         Target_State = [01;31m[KTrot_Pattern[m[K.row(0);
      |                        [01;31m[K^~~~~~~~~~~~[m[K
[01m[K/home/pth/pth/model/Go2_simulator/src/controls/go2_controller/src/go2_controller.cpp:366:9:[m[K [01;31m[Kerror: [m[K‘[01m[KSwitch_Time[m[K’ was not declared in this scope
  366 |     if ([01;31m[KSwitch_Time[m[K < period)
      |         [01;31m[K^~~~~~~~~~~[m[K
[01m[K/home/pth/pth/model/Go2_simulator/src/controls/go2_controller/src/go2_controller.cpp:373:9:[m[K [01;31m[Kerror: [m[K‘[01m[KGait_Switch[m[K’ was not declared in this scope
  373 |         [01;31m[KGait_Switch[m[K = (Gait_Switch + 1) % 4;
      |         [01;31m[K^~~~~~~~~~~[m[K
[01m[K/home/pth/pth/model/Go2_simulator/src/controls/go2_controller/src/go2_controller.cpp:[m[K In member function ‘[01m[Kvoid go2_controller::Init()[m[K’:
[01m[K/home/pth/pth/model/Go2_simulator/src/controls/go2_controller/src/go2_controller.cpp:6:11:[m[K [01;35m[Kwarning: [m[Kignoring return value of ‘[01m[Kint system(const char*)[m[K’, declared with attribute warn_unused_result [[01;35m[K-Wunused-result[m[K]
    6 |     [01;35m[Ksystem("clear")[m[K;
      |     [01;35m[K~~~~~~^~~~~~~~~[m[K
make[2]: *** [CMakeFiles/go2_controller.dir/build.make:79: CMakeFiles/go2_controller.dir/src/go2_controller.cpp.o] Error 1
make[1]: *** [CMakeFiles/Makefile2:2775: CMakeFiles/go2_controller.dir/all] Error 2
make: *** [Makefile:146: all] Error 2
