[01m[K/home/pth/pth/model/Go2_simulator/src/controls/go2_controller/src/go2_controller.cpp:[m[K In member function ‘[01m[Kvoid go2_controller::Squating()[m[K’:
[01m[K/home/pth/pth/model/Go2_simulator/src/controls/go2_controller/src/go2_controller.cpp:206:33:[m[K [01;31m[Kerror: [m[Kredeclaration of ‘[01m[KEigen::Vector3d EE_Pose_FL_squating[m[K’
  206 |                 Eigen::Vector3d [01;31m[KEE_Pose_FL_squating[m[K(0.20, 0.13, -0.31);
      |                                 [01;31m[K^~~~~~~~~~~~~~~~~~~[m[K
[01m[K/home/pth/pth/model/Go2_simulator/src/controls/go2_controller/src/go2_controller.cpp:204:33:[m[K [01;36m[Knote: [m[K‘[01m[KEigen::Vector3d EE_Pose_FL_squating[m[K’ previously declared here
  204 |                 Eigen::Vector3d [01;36m[KEE_Pose_FL_squating[m[K(0.20, 0.13, -0.31);
      |                                 [01;36m[K^~~~~~~~~~~~~~~~~~~[m[K
[01m[K/home/pth/pth/model/Go2_simulator/src/controls/go2_controller/src/go2_controller.cpp:207:33:[m[K [01;31m[Kerror: [m[Kredeclaration of ‘[01m[KEigen::Vector3d EE_Pose_FL_squating[m[K’
  207 |                 Eigen::Vector3d [01;31m[KEE_Pose_FL_squating[m[K(0.20, 0.13, -0.31);
      |                                 [01;31m[K^~~~~~~~~~~~~~~~~~~[m[K
[01m[K/home/pth/pth/model/Go2_simulator/src/controls/go2_controller/src/go2_controller.cpp:204:33:[m[K [01;36m[Knote: [m[K‘[01m[KEigen::Vector3d EE_Pose_FL_squating[m[K’ previously declared here
  204 |                 Eigen::Vector3d [01;36m[KEE_Pose_FL_squating[m[K(0.20, 0.13, -0.31);
      |                                 [01;36m[K^~~~~~~~~~~~~~~~~~~[m[K
[01m[K/home/pth/pth/model/Go2_simulator/src/controls/go2_controller/src/go2_controller.cpp:213:33:[m[K [01;31m[Kerror: [m[Kredeclaration of ‘[01m[KEigen::Vector3d EE_Pose_FL_squating[m[K’
  213 |                 Eigen::Vector3d [01;31m[KEE_Pose_FL_squating[m[K(0.20, 0.13, -0.38);
      |                                 [01;31m[K^~~~~~~~~~~~~~~~~~~[m[K
[01m[K/home/pth/pth/model/Go2_simulator/src/controls/go2_controller/src/go2_controller.cpp:211:33:[m[K [01;36m[Knote: [m[K‘[01m[KEigen::Vector3d EE_Pose_FL_squating[m[K’ previously declared here
  211 |                 Eigen::Vector3d [01;36m[KEE_Pose_FL_squating[m[K(0.20, 0.13, -0.38);
      |                                 [01;36m[K^~~~~~~~~~~~~~~~~~~[m[K
[01m[K/home/pth/pth/model/Go2_simulator/src/controls/go2_controller/src/go2_controller.cpp:214:33:[m[K [01;31m[Kerror: [m[Kredeclaration of ‘[01m[KEigen::Vector3d EE_Pose_FL_squating[m[K’
  214 |                 Eigen::Vector3d [01;31m[KEE_Pose_FL_squating[m[K(0.20, 0.13, -0.38);
      |                                 [01;31m[K^~~~~~~~~~~~~~~~~~~[m[K
[01m[K/home/pth/pth/model/Go2_simulator/src/controls/go2_controller/src/go2_controller.cpp:211:33:[m[K [01;36m[Knote: [m[K‘[01m[KEigen::Vector3d EE_Pose_FL_squating[m[K’ previously declared here
  211 |                 Eigen::Vector3d [01;36m[KEE_Pose_FL_squating[m[K(0.20, 0.13, -0.38);
      |                                 [01;36m[K^~~~~~~~~~~~~~~~~~~[m[K
[01m[K/home/pth/pth/model/Go2_simulator/src/controls/go2_controller/src/go2_controller.cpp:[m[K In member function ‘[01m[Kvoid go2_controller::Init()[m[K’:
[01m[K/home/pth/pth/model/Go2_simulator/src/controls/go2_controller/src/go2_controller.cpp:6:11:[m[K [01;35m[Kwarning: [m[Kignoring return value of ‘[01m[Kint system(const char*)[m[K’, declared with attribute warn_unused_result [[01;35m[K-Wunused-result[m[K]
    6 |     [01;35m[Ksystem("clear")[m[K;
      |     [01;35m[K~~~~~~^~~~~~~~~[m[K
make[2]: *** [CMakeFiles/go2_controller.dir/build.make:79: CMakeFiles/go2_controller.dir/src/go2_controller.cpp.o] Error 1
make[1]: *** [CMakeFiles/Makefile2:2729: CMakeFiles/go2_controller.dir/all] Error 2
make: *** [Makefile:146: all] Error 2
