[01m[K/home/pth/pth/model/Go2_simulator/src/controls/go2_controller/src/go2_controller.cpp:[m[K In member function ‘[01m[Kvoid go2_controller::Homing()[m[K’:
[01m[K/home/pth/pth/model/Go2_simulator/src/controls/go2_controller/src/go2_controller.cpp:168:30:[m[K [01;31m[Kerror: [m[K‘[01m[KLocal_body_pos[m[K’ was not declared in this scope
  168 |             Pos_Command[X] = [01;31m[KLocal_body_pos[m[K(X);
      |                              [01;31m[K^~~~~~~~~~~~~~[m[K
[01m[K/home/pth/pth/model/Go2_simulator/src/controls/go2_controller/src/go2_controller.cpp:[m[K In member function ‘[01m[Kvoid go2_controller::SRBMControl()[m[K’:
[01m[K/home/pth/pth/model/Go2_simulator/src/controls/go2_controller/src/go2_controller.cpp:330:25:[m[K [01;31m[Kerror: [m[K‘[01m[KLocal_body_pos[m[K’ was not declared in this scope
  330 |     CENT.Set_RobotState([01;31m[KLocal_body_pos[m[K, gazebo_body_vel, gazebo_quat, gazebo_rpy, gazebo_rpy_dot);
      |                         [01;31m[K^~~~~~~~~~~~~~[m[K
[01m[K/home/pth/pth/model/Go2_simulator/src/controls/go2_controller/src/go2_controller.cpp:[m[K In member function ‘[01m[Kvoid go2_controller::Set_Kinematics()[m[K’:
[01m[K/home/pth/pth/model/Go2_simulator/src/controls/go2_controller/src/go2_controller.cpp:807:9:[m[K [01;31m[Kerror: [m[K‘[01m[KLocal_body_pos[m[K’ was not declared in this scope
  807 |         [01;31m[KLocal_body_pos[m[K(X) = -(Foot_Pos[FL](X) * Contact[FL] + Foot_Pos[FR](X) * Contact[FR] +
      |         [01;31m[K^~~~~~~~~~~~~~[m[K
[01m[K/home/pth/pth/model/Go2_simulator/src/controls/go2_controller/src/go2_controller.cpp:820:5:[m[K [01;31m[Kerror: [m[K‘[01m[KLocal_body_pos[m[K’ was not declared in this scope
  820 |     [01;31m[KLocal_body_pos[m[K(Z) = gazebo_body_pos(Z);
      |     [01;31m[K^~~~~~~~~~~~~~[m[K
[01m[K/home/pth/pth/model/Go2_simulator/src/controls/go2_controller/src/go2_controller.cpp:[m[K In member function ‘[01m[Kvoid go2_controller::Init()[m[K’:
[01m[K/home/pth/pth/model/Go2_simulator/src/controls/go2_controller/src/go2_controller.cpp:7:11:[m[K [01;35m[Kwarning: [m[Kignoring return value of ‘[01m[Kint system(const char*)[m[K’, declared with attribute warn_unused_result [[01;35m[K-Wunused-result[m[K]
    7 |     [01;35m[Ksystem("clear")[m[K;
      |     [01;35m[K~~~~~~^~~~~~~~~[m[K
make[2]: *** [CMakeFiles/go2_controller.dir/build.make:79: CMakeFiles/go2_controller.dir/src/go2_controller.cpp.o] Error 1
make[1]: *** [CMakeFiles/Makefile2:2775: CMakeFiles/go2_controller.dir/all] Error 2
make: *** [Makefile:146: all] Error 2
