[01m[K/home/pth/pth/model/Go2_simulator/src/controls/go2_controller/src/go2_controller.cpp:[m[K In member function ‘[01m[Kvoid go2_controller::DataStream()[m[K’:
[01m[K/home/pth/pth/model/Go2_simulator/src/controls/go2_controller/src/go2_controller.cpp:398:38:[m[K [01;31m[Kerror: [m[K‘[01m[KX[m[K’ was not declared in this scope; did you mean ‘[01m[Kboost::detail::function::X[m[K’?
  398 |     TH_msg.data.push_back(EE_Pose_FL([01;31m[KX[m[K));
      |                                      [01;31m[K^[m[K
      |                                      [32m[Kboost::detail::function::X[m[K
In file included from [01m[K/usr/include/boost/function/detail/prologue.hpp:17[m[K,
                 from [01m[K/usr/include/boost/function.hpp:30[m[K,
                 from [01m[K/opt/ros/noetic/include/ros/forwards.h:40[m[K,
                 from [01m[K/opt/ros/noetic/include/ros/common.h:37[m[K,
                 from [01m[K/opt/ros/noetic/include/ros/ros.h:43[m[K,
                 from [01m[K/home/pth/pth/model/Go2_simulator/src/controls/go2_controller/include/go2_controller.h:4[m[K,
                 from [01m[K/home/pth/pth/model/Go2_simulator/src/controls/go2_controller/src/go2_controller.cpp:1[m[K:
[01m[K/usr/include/boost/function/function_base.hpp:60:13:[m[K [01;36m[Knote: [m[K‘[01m[Kboost::detail::function::X[m[K’ declared here
   60 |       class [01;36m[KX[m[K;
      |             [01;36m[K^[m[K
[01m[K/home/pth/pth/model/Go2_simulator/src/controls/go2_controller/src/go2_controller.cpp:399:38:[m[K [01;31m[Kerror: [m[K‘[01m[KY[m[K’ was not declared in this scope
  399 |     TH_msg.data.push_back(EE_Pose_FL([01;31m[KY[m[K));
      |                                      [01;31m[K^[m[K
[01m[K/home/pth/pth/model/Go2_simulator/src/controls/go2_controller/src/go2_controller.cpp:400:38:[m[K [01;31m[Kerror: [m[K‘[01m[KZ[m[K’ was not declared in this scope
  400 |     TH_msg.data.push_back(EE_Pose_FL([01;31m[KZ[m[K));
      |                                      [01;31m[K^[m[K
[01m[K/home/pth/pth/model/Go2_simulator/src/controls/go2_controller/src/go2_controller.cpp:[m[K In member function ‘[01m[Kvoid go2_controller::Init()[m[K’:
[01m[K/home/pth/pth/model/Go2_simulator/src/controls/go2_controller/src/go2_controller.cpp:6:11:[m[K [01;35m[Kwarning: [m[Kignoring return value of ‘[01m[Kint system(const char*)[m[K’, declared with attribute warn_unused_result [[01;35m[K-Wunused-result[m[K]
    6 |     [01;35m[Ksystem("clear")[m[K;
      |     [01;35m[K~~~~~~^~~~~~~~~[m[K
make[2]: *** [CMakeFiles/go2_controller.dir/build.make:79: CMakeFiles/go2_controller.dir/src/go2_controller.cpp.o] Error 1
make[1]: *** [CMakeFiles/Makefile2:2729: CMakeFiles/go2_controller.dir/all] Error 2
make: *** [Makefile:146: all] Error 2
