[01m[K/home/pth/pth/model/Go2_simulator/src/controls/go2_controller/include/Tools/Centroidal_Dynamics.cpp:[m[K In member function ‘[01m[Kvoid Centroidal_Dynamics::Set_Reference(Eigen::VectorXd)[m[K’:
[01m[K/home/pth/pth/model/Go2_simulator/src/controls/go2_controller/include/Tools/Centroidal_Dynamics.cpp:106:15:[m[K [01;31m[Kerror: [m[K‘[01m[Kdes_Pos_[m[K’ was not declared in this scope; did you mean ‘[01m[Kdes_Pos[m[K’?
  106 |     des_Pos = [01;31m[Kdes_Pos_[m[K;
      |               [01;31m[K^~~~~~~~[m[K
      |               [32m[Kdes_Pos[m[K
[01m[K/home/pth/pth/model/Go2_simulator/src/controls/go2_controller/include/Tools/Centroidal_Dynamics.cpp:107:15:[m[K [01;31m[Kerror: [m[K‘[01m[Kdes_Ori_[m[K’ was not declared in this scope; did you mean ‘[01m[Kdes_Ori[m[K’?
  107 |     des_Ori = [01;31m[Kdes_Ori_[m[K;
      |               [01;31m[K^~~~~~~~[m[K
      |               [32m[Kdes_Ori[m[K
[01m[K/home/pth/pth/model/Go2_simulator/src/controls/go2_controller/include/Tools/Trajectories.cpp:[m[K In constructor ‘[01m[KTrajectories::Trajectories()[m[K’:
[01m[K/home/pth/pth/model/Go2_simulator/src/controls/go2_controller/include/Tools/Trajectories.cpp:16:5:[m[K [01;31m[Kerror: [m[K‘[01m[KM_Matrix[m[K’ was not declared in this scope; did you mean ‘[01m[KM_Matirx[m[K’?
   16 |     [01;31m[KM_Matrix[m[K.setZero(6,6);
      |     [01;31m[K^~~~~~~~[m[K
      |     [32m[KM_Matirx[m[K
[01m[K/home/pth/pth/model/Go2_simulator/src/controls/go2_controller/include/Tools/Trajectories.cpp:17:5:[m[K [01;31m[Kerror: [m[K‘[01m[KB_Matrix[m[K’ was not declared in this scope; did you mean ‘[01m[KA_Matrix[m[K’?
   17 |     [01;31m[KB_Matrix[m[K.setZero(6,12);
      |     [01;31m[K^~~~~~~~[m[K
      |     [32m[KA_Matrix[m[K
[01m[K/home/pth/pth/model/Go2_simulator/src/controls/go2_controller/include/Tools/Trajectories.cpp:[m[K In function ‘[01m[Kvoid Set_Coefficient_QuinticJoint(double, Eigen::VectorXd, Eigen::VectorXd)[m[K’:
[01m[K/home/pth/pth/model/Go2_simulator/src/controls/go2_controller/include/Tools/Trajectories.cpp:41:5:[m[K [01;31m[Kerror: [m[K‘[01m[KM_Matrix[m[K’ was not declared in this scope
   41 |     [01;31m[KM_Matrix[m[K << 1, 0, 0, 0, 0, 0,
      |     [01;31m[K^~~~~~~~[m[K
[01m[K/home/pth/pth/model/Go2_simulator/src/controls/go2_controller/include/Tools/Trajectories.cpp:48:41:[m[K [01;31m[Kerror: [m[K‘[01m[KM[m[K’ was not declared in this scope
   48 |     Eigen::Matrix<double, 6, 6> M_inv = [01;31m[KM[m[K.inverse(); // M의 역행렬을 구함
      |                                         [01;31m[K^[m[K
[01m[K/home/pth/pth/model/Go2_simulator/src/controls/go2_controller/include/Tools/Trajectories.cpp:51:5:[m[K [01;31m[Kerror: [m[K‘[01m[KB_Matrix[m[K’ was not declared in this scope
   51 |     [01;31m[KB_Matrix[m[K.row(0) = q_start.transpose(); // current를 받으면서 바로 초기화
      |     [01;31m[K^~~~~~~~[m[K
[01m[K/home/pth/pth/model/Go2_simulator/src/controls/go2_controller/include/Tools/Trajectories.cpp:51:23:[m[K [01;31m[Kerror: [m[K‘[01m[Kq_start[m[K’ was not declared in this scope; did you mean ‘[01m[Kq_start_[m[K’?
   51 |     B_Matrix.row(0) = [01;31m[Kq_start[m[K.transpose(); // current를 받으면서 바로 초기화
      |                       [01;31m[K^~~~~~~[m[K
      |                       [32m[Kq_start_[m[K
[01m[K/home/pth/pth/model/Go2_simulator/src/controls/go2_controller/include/Tools/Trajectories.cpp:54:23:[m[K [01;31m[Kerror: [m[K‘[01m[Kq_final[m[K’ was not declared in this scope; did you mean ‘[01m[Kq_final_[m[K’?
   54 |     B_Matrix.row(3) = [01;31m[Kq_final[m[K.transpose();
      |                       [01;31m[K^~~~~~~[m[K
      |                       [32m[Kq_final_[m[K
[01m[K/home/pth/pth/model/Go2_simulator/src/controls/go2_controller/include/Tools/Trajectories.cpp:58:53:[m[K [01;31m[Kerror: [m[K‘[01m[KB_Vector[m[K’ was not declared in this scope
   58 |     Eigen::Matrix<double, 6, 12> A_Matrix = M_inv * [01;31m[KB_Vector[m[K; // 계수행렬을 구합니다.
      |                                                     [01;31m[K^~~~~~~~[m[K
[01m[K/home/pth/pth/model/Go2_simulator/src/controls/go2_controller/include/Tools/Trajectories.cpp:[m[K In function ‘[01m[KEigen::VectorXd Sinusoidal_Joint(int&, double, Eigen::VectorXd, Eigen::VectorXd)[m[K’:
[01m[K/home/pth/pth/model/Go2_simulator/src/controls/go2_controller/include/Tools/Trajectories.cpp:75:21:[m[K [01;31m[Kerror: [m[K‘[01m[Kfrequency[m[K’ was not declared in this scope
   75 |     double period = [01;31m[Kfrequency[m[K * motion_time;
      |                     [01;31m[K^~~~~~~~~[m[K
[01m[K/home/pth/pth/model/Go2_simulator/src/controls/go2_controller/include/Tools/Trajectories.cpp:80:9:[m[K [01;31m[Kerror: [m[K‘[01m[Kq_desired[m[K’ was not declared in this scope
   80 |         [01;31m[Kq_desired[m[K = q_start_ + (q_final_ - q_start_) * 0.5(1 - cos(3.14 * (init_time) / period));
      |         [01;31m[K^~~~~~~~~[m[K
[01m[K/home/pth/pth/model/Go2_simulator/src/controls/go2_controller/include/Tools/Trajectories.cpp:80:96:[m[K [01;31m[Kerror: [m[Kexpression cannot be used as a function
   80 |         q_desired = q_start_ + (q_final_ - q_start_) * 0.5(1 - cos(3.14 * (init_time) / period)[01;31m[K)[m[K;
      |                                                                                                [01;31m[K^[m[K
[01m[K/home/pth/pth/model/Go2_simulator/src/controls/go2_controller/include/Tools/Trajectories.cpp:84:9:[m[K [01;31m[Kerror: [m[K‘[01m[Kq_desired[m[K’ was not declared in this scope
   84 |         [01;31m[Kq_desired[m[K = q_final;
      |         [01;31m[K^~~~~~~~~[m[K
[01m[K/home/pth/pth/model/Go2_simulator/src/controls/go2_controller/include/Tools/Trajectories.cpp:84:21:[m[K [01;31m[Kerror: [m[K‘[01m[Kq_final[m[K’ was not declared in this scope; did you mean ‘[01m[Kq_final_[m[K’?
   84 |         q_desired = [01;31m[Kq_final[m[K;
      |                     [01;31m[K^~~~~~~[m[K
      |                     [32m[Kq_final_[m[K
[01m[K/home/pth/pth/model/Go2_simulator/src/controls/go2_controller/include/Tools/Trajectories.cpp:87:12:[m[K [01;31m[Kerror: [m[K‘[01m[Kq_desired[m[K’ was not declared in this scope
   87 |     return [01;31m[Kq_desired[m[K;
      |            [01;31m[K^~~~~~~~~[m[K
[01m[K/home/pth/pth/model/Go2_simulator/src/controls/go2_controller/include/Tools/Trajectories.cpp:[m[K At global scope:
[01m[K/home/pth/pth/model/Go2_simulator/src/controls/go2_controller/include/Tools/Trajectories.cpp:207:17:[m[K [01;31m[Kerror: [m[Kno declaration matches ‘[01m[KEigen::VectorXd Trajectories::Quintic_Joint(double&, double, const VectorXd&, const VectorXd&)[m[K’
  207 | Eigen::VectorXd [01;31m[KTrajectories[m[K::Quintic_Joint(double &tick, double motion_time, const Eigen::VectorXd &q_start, const Eigen::VectorXd &q_final)
      |                 [01;31m[K^~~~~~~~~~~~[m[K
In file included from [01m[K/home/pth/pth/model/Go2_simulator/src/controls/go2_controller/include/Tools/Trajectories.cpp:1[m[K:
[01m[K/home/pth/pth/model/Go2_simulator/src/controls/go2_controller/include/Tools/Trajectories.hpp:62:21:[m[K [01;36m[Knote: [m[Kcandidate is: ‘[01m[KEigen::VectorXd Trajectories::Quintic_Joint(double, double, const VectorXd&, const VectorXd&)[m[K’
   62 |     Eigen::VectorXd [01;36m[KQuintic_Joint[m[K(double t, double motion_time, const Eigen::VectorXd &q_start, const Eigen::VectorXd &q_final);
      |                     [01;36m[K^~~~~~~~~~~~~[m[K
In file included from [01m[K/home/pth/pth/model/Go2_simulator/src/controls/go2_controller/include/Tools/Trajectories.cpp:1[m[K:
[01m[K/home/pth/pth/model/Go2_simulator/src/controls/go2_controller/include/Tools/Trajectories.hpp:25:7:[m[K [01;36m[Knote: [m[K‘[01m[Kclass Trajectories[m[K’ defined here
   25 | class [01;36m[KTrajectories[m[K
      |       [01;36m[K^~~~~~~~~~~~[m[K
make[2]: *** [include/Tools/CMakeFiles/Tools.dir/build.make:135: include/Tools/CMakeFiles/Tools.dir/Centroidal_Dynamics.cpp.o] Error 1
make[2]: *** Waiting for unfinished jobs....
make[2]: *** [include/Tools/CMakeFiles/Tools.dir/build.make:107: include/Tools/CMakeFiles/Tools.dir/Trajectories.cpp.o] Error 1
make[1]: *** [CMakeFiles/Makefile2:3113: include/Tools/CMakeFiles/Tools.dir/all] Error 2
make: *** [Makefile:146: all] Error 2
