In file included from [01m[K/home/pth/pth/model/Go2_simulator/src/controls/go2_controller/include/Tools/Kinematics.hpp:9[m[K,
                 from [01m[K/home/pth/pth/model/Go2_simulator/src/controls/go2_controller/include/Tools/Kinematics.cpp:1[m[K:
[01m[K/home/pth/pth/model/Go2_simulator/src/controls/go2_controller/include/Enum_Shared.hpp:21:14:[m[K [01;31m[Kerror: [m[Kenumerator value for ‘[01m[KH_STEP[m[K’ must have integral or unscoped enumeration type
   21 |     H_STEP = [01;31m[K0.10[m[K,
      |              [01;31m[K^~~~[m[K
In file included from [01m[K/home/pth/pth/model/Go2_simulator/src/controls/go2_controller/include/Tools/SingleRigidBody.hpp:13[m[K,
                 from [01m[K/home/pth/pth/model/Go2_simulator/src/controls/go2_controller/include/Tools/SingleRigidBody.cpp:1[m[K:
[01m[K/home/pth/pth/model/Go2_simulator/src/controls/go2_controller/include/Enum_Shared.hpp:21:14:[m[K [01;31m[Kerror: [m[Kenumerator value for ‘[01m[KH_STEP[m[K’ must have integral or unscoped enumeration type
   21 |     H_STEP = [01;31m[K0.10[m[K,
      |              [01;31m[K^~~~[m[K
make[2]: *** [include/Tools/CMakeFiles/Tools.dir/build.make:93: include/Tools/CMakeFiles/Tools.dir/Kinematics.cpp.o] Error 1
make[2]: *** Waiting for unfinished jobs....
In file included from [01m[K/home/pth/pth/model/Go2_simulator/src/controls/go2_controller/include/Tools/Kinematics.hpp:9[m[K,
                 from [01m[K/home/pth/pth/model/Go2_simulator/src/controls/go2_controller/include/Tools/Trajectories.hpp:7[m[K,
                 from [01m[K/home/pth/pth/model/Go2_simulator/src/controls/go2_controller/include/Tools/Trajectories.cpp:1[m[K:
[01m[K/home/pth/pth/model/Go2_simulator/src/controls/go2_controller/include/Enum_Shared.hpp:21:14:[m[K [01;31m[Kerror: [m[Kenumerator value for ‘[01m[KH_STEP[m[K’ must have integral or unscoped enumeration type
   21 |     H_STEP = [01;31m[K0.10[m[K,
      |              [01;31m[K^~~~[m[K
make[2]: *** [include/Tools/CMakeFiles/Tools.dir/build.make:79: include/Tools/CMakeFiles/Tools.dir/SingleRigidBody.cpp.o] Error 1
make[2]: *** [include/Tools/CMakeFiles/Tools.dir/build.make:107: include/Tools/CMakeFiles/Tools.dir/Trajectories.cpp.o] Error 1
make[1]: *** [CMakeFiles/Makefile2:3113: include/Tools/CMakeFiles/Tools.dir/all] Error 2
make: *** [Makefile:146: all] Error 2
