In file included from [01m[K/home/pth/pth/model/Go2_simulator/src/controls/go2_controller/include/Tools/Centroidal_Dynamics.cpp:1[m[K:
[01m[K/home/pth/pth/model/Go2_simulator/src/controls/go2_controller/include/Tools/Centroidal_Dynamics.hpp:81:5:[m[K [01;31m[Kerror: [m[K‘[01m[Klpf_initialized[m[K’ does not name a type
   81 |     [01;31m[Klpf_initialized[m[K = false;
      |     [01;31m[K^~~~~~~~~~~~~~~[m[K
[01m[K/home/pth/pth/model/Go2_simulator/src/controls/go2_controller/include/Tools/Centroidal_Dynamics.hpp:165:12:[m[K [01;31m[Kerror: [m[K‘[01m[Kdouble Centroidal_Dynamics::LPF_(double, double, double)[m[K’ cannot be overloaded with ‘[01m[Kdouble Centroidal_Dynamics::LPF_(double, double, double)[m[K’
  165 |     double [01;31m[KLPF_[m[K(double a1, double filtered, double raw)
      |            [01;31m[K^~~~[m[K
[01m[K/home/pth/pth/model/Go2_simulator/src/controls/go2_controller/include/Tools/Centroidal_Dynamics.hpp:103:12:[m[K [01;36m[Knote: [m[Kprevious declaration ‘[01m[Kdouble Centroidal_Dynamics::LPF_(double, double, double)[m[K’
  103 |     double [01;36m[KLPF_[m[K(double a1, double filtered, double raw);
      |            [01;36m[K^~~~[m[K
[01m[K/home/pth/pth/model/Go2_simulator/src/controls/go2_controller/include/Tools/Centroidal_Dynamics.cpp:[m[K In member function ‘[01m[Kvoid Centroidal_Dynamics::Set_Reference(Eigen::VectorXd)[m[K’:
[01m[K/home/pth/pth/model/Go2_simulator/src/controls/go2_controller/include/Tools/Centroidal_Dynamics.cpp:140:10:[m[K [01;31m[Kerror: [m[K‘[01m[Klpf_initialized[m[K’ was not declared in this scope
  140 |     if (![01;31m[Klpf_initialized[m[K)
      |          [01;31m[K^~~~~~~~~~~~~~~[m[K
In file included from [01m[K/home/pth/pth/model/Go2_simulator/src/controls/go2_controller/include/go2_controller.h:46[m[K,
                 from [01m[K/home/pth/pth/model/Go2_simulator/src/controls/go2_controller/include/Tools/TaskSpacePDControl.cpp:1[m[K:
[01m[K/home/pth/pth/model/Go2_simulator/src/controls/go2_controller/include/Tools/Centroidal_Dynamics.hpp:81:5:[m[K [01;31m[Kerror: [m[K‘[01m[Klpf_initialized[m[K’ does not name a type
   81 |     [01;31m[Klpf_initialized[m[K = false;
      |     [01;31m[K^~~~~~~~~~~~~~~[m[K
[01m[K/home/pth/pth/model/Go2_simulator/src/controls/go2_controller/include/Tools/Centroidal_Dynamics.hpp:165:12:[m[K [01;31m[Kerror: [m[K‘[01m[Kdouble Centroidal_Dynamics::LPF_(double, double, double)[m[K’ cannot be overloaded with ‘[01m[Kdouble Centroidal_Dynamics::LPF_(double, double, double)[m[K’
  165 |     double [01;31m[KLPF_[m[K(double a1, double filtered, double raw)
      |            [01;31m[K^~~~[m[K
[01m[K/home/pth/pth/model/Go2_simulator/src/controls/go2_controller/include/Tools/Centroidal_Dynamics.hpp:103:12:[m[K [01;36m[Knote: [m[Kprevious declaration ‘[01m[Kdouble Centroidal_Dynamics::LPF_(double, double, double)[m[K’
  103 |     double [01;36m[KLPF_[m[K(double a1, double filtered, double raw);
      |            [01;36m[K^~~~[m[K
make[2]: *** [include/Tools/CMakeFiles/Tools.dir/build.make:135: include/Tools/CMakeFiles/Tools.dir/Centroidal_Dynamics.cpp.o] Error 1
make[2]: *** Waiting for unfinished jobs....
make[2]: *** [include/Tools/CMakeFiles/Tools.dir/build.make:121: include/Tools/CMakeFiles/Tools.dir/TaskSpacePDControl.cpp.o] Error 1
make[1]: *** [CMakeFiles/Makefile2:3113: include/Tools/CMakeFiles/Tools.dir/all] Error 2
make: *** [Makefile:146: all] Error 2
