[01m[K/home/pth/pth/model/Go2_simulator/src/controls/go2_controller/src/go2_controller.cpp:[m[K In member function ‘[01m[Kvoid go2_controller::Init()[m[K’:
[01m[K/home/pth/pth/model/Go2_simulator/src/controls/go2_controller/src/go2_controller.cpp:48:5:[m[K [01;31m[Kerror: [m[K‘[01m[KKp_swing[m[K’ was not declared in this scope; did you mean ‘[01m[KKp_Swing[m[K’?
   48 |     [01;31m[KKp_swing[m[K.setIdentity();
      |     [01;31m[K^~~~~~~~[m[K
      |     [32m[KKp_Swing[m[K
[01m[K/home/pth/pth/model/Go2_simulator/src/controls/go2_controller/src/go2_controller.cpp:49:5:[m[K [01;31m[Kerror: [m[K‘[01m[KKd_swing[m[K’ was not declared in this scope; did you mean ‘[01m[KKd_Swing[m[K’?
   49 |     [01;31m[KKd_swing[m[K.setIdentity();
      |     [01;31m[K^~~~~~~~[m[K
      |     [32m[KKd_Swing[m[K
[01m[K/home/pth/pth/model/Go2_simulator/src/controls/go2_controller/src/go2_controller.cpp:[m[K In member function ‘[01m[Kvoid go2_controller::Swing_Control()[m[K’:
[01m[K/home/pth/pth/model/Go2_simulator/src/controls/go2_controller/src/go2_controller.cpp:434:5:[m[K [01;31m[Kerror: [m[K‘[01m[KKp_swing[m[K’ was not declared in this scope; did you mean ‘[01m[KKp_Swing[m[K’?
  434 |     [01;31m[KKp_swing[m[K.diagonal() << 500.0, 500.0, 500.0;
      |     [01;31m[K^~~~~~~~[m[K
      |     [32m[KKp_Swing[m[K
[01m[K/home/pth/pth/model/Go2_simulator/src/controls/go2_controller/src/go2_controller.cpp:435:5:[m[K [01;31m[Kerror: [m[K‘[01m[KKd_swing[m[K’ was not declared in this scope; did you mean ‘[01m[KKd_Swing[m[K’?
  435 |     [01;31m[KKd_swing[m[K.diagonal() << 15.0, 15.0, 15.0; // Damping을 좀 줘야 진동이 줄어듦
      |     [01;31m[K^~~~~~~~[m[K
      |     [32m[KKd_Swing[m[K
[01m[K/home/pth/pth/model/Go2_simulator/src/controls/go2_controller/src/go2_controller.cpp:[m[K In member function ‘[01m[Kvoid go2_controller::Init()[m[K’:
[01m[K/home/pth/pth/model/Go2_simulator/src/controls/go2_controller/src/go2_controller.cpp:7:11:[m[K [01;35m[Kwarning: [m[Kignoring return value of ‘[01m[Kint system(const char*)[m[K’, declared with attribute warn_unused_result [[01;35m[K-Wunused-result[m[K]
    7 |     [01;35m[Ksystem("clear")[m[K;
      |     [01;35m[K~~~~~~^~~~~~~~~[m[K
make[2]: *** [CMakeFiles/go2_controller.dir/build.make:79: CMakeFiles/go2_controller.dir/src/go2_controller.cpp.o] Error 1
make[1]: *** [CMakeFiles/Makefile2:2775: CMakeFiles/go2_controller.dir/all] Error 2
make: *** [Makefile:146: all] Error 2
