[01m[K/home/pth/pth/model/Go2_simulator/src/controls/go2_controller/src/Trajectories.cpp:[m[K In member function ‘[01m[KTrajectoryPoint go2_controller::Quintic_Task(ros::Time&, double, Eigen::Vector3d&, Eigen::Vector3d&)[m[K’:
[01m[K/home/pth/pth/model/Go2_simulator/src/controls/go2_controller/src/Trajectories.cpp:76:28:[m[K [01;31m[Kerror: [m[K‘[01m[Kt2[m[K’ was not declared in this scope; did you mean ‘[01m[Ktf[m[K’?
   76 |         t_vec_pos << 1, t, [01;31m[Kt2[m[K, t3, t4, t5;
      |                            [01;31m[K^~[m[K
      |                            [32m[Ktf[m[K
[01m[K/home/pth/pth/model/Go2_simulator/src/controls/go2_controller/src/Trajectories.cpp:76:32:[m[K [01;31m[Kerror: [m[K‘[01m[Kt3[m[K’ was not declared in this scope; did you mean ‘[01m[Ktf[m[K’?
   76 |         t_vec_pos << 1, t, t2, [01;31m[Kt3[m[K, t4, t5;
      |                                [01;31m[K^~[m[K
      |                                [32m[Ktf[m[K
[01m[K/home/pth/pth/model/Go2_simulator/src/controls/go2_controller/src/Trajectories.cpp:76:36:[m[K [01;31m[Kerror: [m[K‘[01m[Kt4[m[K’ was not declared in this scope; did you mean ‘[01m[Ktf[m[K’?
   76 |         t_vec_pos << 1, t, t2, t3, [01;31m[Kt4[m[K, t5;
      |                                    [01;31m[K^~[m[K
      |                                    [32m[Ktf[m[K
[01m[K/home/pth/pth/model/Go2_simulator/src/controls/go2_controller/src/Trajectories.cpp:76:40:[m[K [01;31m[Kerror: [m[K‘[01m[Kt5[m[K’ was not declared in this scope; did you mean ‘[01m[Ktf[m[K’?
   76 |         t_vec_pos << 1, t, t2, t3, t4, [01;31m[Kt5[m[K;
      |                                        [01;31m[K^~[m[K
      |                                        [32m[Ktf[m[K
[01m[K/home/pth/pth/model/Go2_simulator/src/controls/go2_controller/src/Trajectories.cpp:94:1:[m[K [01;35m[Kwarning: [m[Kcontrol reaches end of non-void function [[01;35m[K-Wreturn-type[m[K]
   94 | [01;35m[K}[m[K
      | [01;35m[K^[m[K
make[2]: *** [CMakeFiles/go2_controller.dir/build.make:149: CMakeFiles/go2_controller.dir/src/Trajectories.cpp.o] Error 1
make[1]: *** [CMakeFiles/Makefile2:2729: CMakeFiles/go2_controller.dir/all] Error 2
make: *** [Makefile:146: all] Error 2
