[  0%] [0mBuilt target go2_controller_xacro_generated_to_devel_space_[0m
[ 72%] [0mBuilt target osqpeigen[0m
[ 72%] [0mBuilt target geometry_msgs_generate_messages_cpp[0m
[ 72%] [0mBuilt target geometry_msgs_generate_messages_eus[0m
[ 72%] [0mBuilt target geometry_msgs_generate_messages_lisp[0m
[ 72%] [0mBuilt target geometry_msgs_generate_messages_nodejs[0m
[ 72%] [0mBuilt target geometry_msgs_generate_messages_py[0m
[ 72%] [0mBuilt target std_msgs_generate_messages_cpp[0m
[ 72%] [0mBuilt target std_msgs_generate_messages_eus[0m
[ 72%] [0mBuilt target std_msgs_generate_messages_nodejs[0m
[ 72%] [0mBuilt target std_msgs_generate_messages_lisp[0m
[ 72%] [0mBuilt target std_msgs_generate_messages_py[0m
[ 72%] [0mBuilt target roscpp_generate_messages_cpp[0m
[ 72%] [0mBuilt target roscpp_generate_messages_eus[0m
[ 72%] [0mBuilt target roscpp_generate_messages_lisp[0m
[ 72%] [0mBuilt target roscpp_generate_messages_nodejs[0m
[ 72%] [0mBuilt target roscpp_generate_messages_py[0m
[ 72%] [0mBuilt target rosgraph_msgs_generate_messages_cpp[0m
[ 72%] [0mBuilt target rosgraph_msgs_generate_messages_eus[0m
[ 72%] [0mBuilt target rosgraph_msgs_generate_messages_lisp[0m
[ 72%] [0mBuilt target rosgraph_msgs_generate_messages_nodejs[0m
[ 72%] [0mBuilt target sensor_msgs_generate_messages_cpp[0m
[ 72%] [0mBuilt target rosgraph_msgs_generate_messages_py[0m
[ 72%] [0mBuilt target sensor_msgs_generate_messages_eus[0m
[ 72%] [0mBuilt target sensor_msgs_generate_messages_lisp[0m
[ 72%] [0mBuilt target sensor_msgs_generate_messages_nodejs[0m
[ 72%] [0mBuilt target sensor_msgs_generate_messages_py[0m
[ 72%] [0mBuilt target tf_generate_messages_cpp[0m
[ 72%] [0mBuilt target tf_generate_messages_eus[0m
[ 72%] [0mBuilt target tf_generate_messages_lisp[0m
[ 72%] [0mBuilt target tf_generate_messages_nodejs[0m
[ 72%] [0mBuilt target tf_generate_messages_py[0m
[ 72%] [0mBuilt target actionlib_generate_messages_cpp[0m
[ 72%] [0mBuilt target actionlib_generate_messages_eus[0m
[ 72%] [0mBuilt target actionlib_generate_messages_lisp[0m
[ 72%] [0mBuilt target actionlib_generate_messages_nodejs[0m
[ 72%] [0mBuilt target actionlib_generate_messages_py[0m
[ 72%] [0mBuilt target actionlib_msgs_generate_messages_cpp[0m
[ 72%] [0mBuilt target actionlib_msgs_generate_messages_eus[0m
[ 72%] [0mBuilt target actionlib_msgs_generate_messages_nodejs[0m
[ 72%] [0mBuilt target actionlib_msgs_generate_messages_lisp[0m
[ 72%] [0mBuilt target actionlib_msgs_generate_messages_py[0m
[ 72%] [0mBuilt target tf2_msgs_generate_messages_cpp[0m
[ 72%] [0mBuilt target tf2_msgs_generate_messages_eus[0m
[ 72%] [0mBuilt target tf2_msgs_generate_messages_lisp[0m
[ 72%] [0mBuilt target tf2_msgs_generate_messages_py[0m
[ 72%] [0mBuilt target tf2_msgs_generate_messages_nodejs[0m
[ 72%] [0mBuilt target gazebo_ros_gencfg[0m
[ 72%] [0mBuilt target std_srvs_generate_messages_cpp[0m
[ 72%] [0mBuilt target std_srvs_generate_messages_eus[0m
[ 72%] [0mBuilt target std_srvs_generate_messages_lisp[0m
[ 72%] [0mBuilt target std_srvs_generate_messages_nodejs[0m
[ 72%] [0mBuilt target std_srvs_generate_messages_py[0m
[ 72%] [0mBuilt target dynamic_reconfigure_generate_messages_cpp[0m
[ 72%] [0mBuilt target dynamic_reconfigure_generate_messages_eus[0m
[ 72%] [0mBuilt target dynamic_reconfigure_generate_messages_lisp[0m
[ 72%] [0mBuilt target dynamic_reconfigure_generate_messages_nodejs[0m
[ 72%] [0mBuilt target dynamic_reconfigure_generate_messages_py[0m
[ 72%] [0mBuilt target gazebo_msgs_generate_messages_cpp[0m
[ 72%] [0mBuilt target dynamic_reconfigure_gencfg[0m
[ 72%] [0mBuilt target gazebo_msgs_generate_messages_eus[0m
[ 72%] [0mBuilt target gazebo_msgs_generate_messages_nodejs[0m
[ 72%] [0mBuilt target gazebo_msgs_generate_messages_py[0m
[ 72%] [0mBuilt target gazebo_msgs_generate_messages_lisp[0m
[ 72%] [0mBuilt target trajectory_msgs_generate_messages_cpp[0m
[ 72%] [0mBuilt target trajectory_msgs_generate_messages_eus[0m
[ 72%] [0mBuilt target trajectory_msgs_generate_messages_lisp[0m
[ 72%] [0mBuilt target controller_manager_msgs_generate_messages_cpp[0m
[ 72%] [0mBuilt target trajectory_msgs_generate_messages_nodejs[0m
[ 72%] [0mBuilt target trajectory_msgs_generate_messages_py[0m
[ 72%] [0mBuilt target controller_manager_msgs_generate_messages_eus[0m
[ 72%] [0mBuilt target controller_manager_msgs_generate_messages_nodejs[0m
[ 72%] [0mBuilt target controller_manager_msgs_generate_messages_lisp[0m
[ 72%] [0mBuilt target controller_manager_msgs_generate_messages_py[0m
[ 91%] [0mBuilt target Tools[0m
[ 93%] [32mBuilding CXX object CMakeFiles/go2_controller.dir/src/go2_controller.cpp.o[0m
[01m[K/home/pth/pth/model/Go2_simulator/src/controls/go2_controller/src/go2_controller.cpp:[m[K In member function ‘[01m[Kvoid go2_controller::SwingLeg_Control(int)[m[K’:
[01m[K/home/pth/pth/model/Go2_simulator/src/controls/go2_controller/src/go2_controller.cpp:442:56:[m[K [01;31m[Kerror: [m[Karray must be initialized with a brace-enclosed initializer
  442 |     double x_target[NUM_LEG] = [01;31m[KPLAN.Raibert_Heuristic_X(leg, COM_Pos_(X), COM_Vel_(X), T_TROT)[m[K;
      |                                [01;31m[K~~~~~~~~~~~~~~~~~~~~~~~~^~~~~~~~~~~~~~~~~~~~~~~~~~~~~~~~~~~~~~~[m[K
[01m[K/home/pth/pth/model/Go2_simulator/src/controls/go2_controller/src/go2_controller.cpp:443:56:[m[K [01;31m[Kerror: [m[Karray must be initialized with a brace-enclosed initializer
  443 |     double y_target[NUM_LEG] = [01;31m[KPLAN.Raibert_Heuristic_Y(leg, COM_Pos_(Y), COM_Vel_(Y), T_TROT)[m[K;
      |                                [01;31m[K~~~~~~~~~~~~~~~~~~~~~~~~^~~~~~~~~~~~~~~~~~~~~~~~~~~~~~~~~~~~~~~[m[K
[01m[K/home/pth/pth/model/Go2_simulator/src/controls/go2_controller/src/go2_controller.cpp:448:40:[m[K [01;31m[Kerror: [m[Kinvalid operands of types ‘[01m[Kdouble [4][m[K’ and ‘[01m[KEigen::DenseCoeffsBase<Eigen::Matrix<double, -1, 1>, 1>::Scalar[m[K’ {aka ‘[01m[Kdouble[m[K’} to binary ‘[01m[Koperator-[m[K’
  448 |     EE_Vel_desired[leg](X) = ([32m[Kx_target[m[K [01;31m[K-[m[K [34m[KHor_Foot_pos[leg](X)[m[K) * 0.5 * M_PI * sin(M_PI * horizontal_phase);
      |                               [32m[K~~~~~~~~[m[K [01;31m[K^[m[K [34m[K~~~~~~~~~~~~~~~~~~~~[m[K
      |                               [32m[K|[m[K                           [34m[K|[m[K
      |                               [32m[Kdouble [4][m[K                  [34m[KEigen::DenseCoeffsBase<Eigen::Matrix<double, -1, 1>, 1>::Scalar {aka double}[m[K
[01m[K/home/pth/pth/model/Go2_simulator/src/controls/go2_controller/src/go2_controller.cpp:449:40:[m[K [01;31m[Kerror: [m[Kinvalid operands of types ‘[01m[Kdouble [4][m[K’ and ‘[01m[KEigen::DenseCoeffsBase<Eigen::Matrix<double, -1, 1>, 1>::Scalar[m[K’ {aka ‘[01m[Kdouble[m[K’} to binary ‘[01m[Koperator-[m[K’
  449 |     EE_Vel_desired[leg](Y) = ([32m[Ky_target[m[K [01;31m[K-[m[K [34m[KHor_Foot_pos[leg](Y)[m[K) * 0.5 * M_PI * sin(M_PI * horizontal_phase);
      |                               [32m[K~~~~~~~~[m[K [01;31m[K^[m[K [34m[K~~~~~~~~~~~~~~~~~~~~[m[K
      |                               [32m[K|[m[K                           [34m[K|[m[K
      |                               [32m[Kdouble [4][m[K                  [34m[KEigen::DenseCoeffsBase<Eigen::Matrix<double, -1, 1>, 1>::Scalar {aka double}[m[K
[01m[K/home/pth/pth/model/Go2_simulator/src/controls/go2_controller/src/go2_controller.cpp:[m[K In member function ‘[01m[Kvoid go2_controller::Init()[m[K’:
[01m[K/home/pth/pth/model/Go2_simulator/src/controls/go2_controller/src/go2_controller.cpp:6:11:[m[K [01;35m[Kwarning: [m[Kignoring return value of ‘[01m[Kint system(const char*)[m[K’, declared with attribute warn_unused_result [[01;35m[K-Wunused-result[m[K]
    6 |     [01;35m[Ksystem("clear")[m[K;
      |     [01;35m[K~~~~~~^~~~~~~~~[m[K
make[2]: *** [CMakeFiles/go2_controller.dir/build.make:79: CMakeFiles/go2_controller.dir/src/go2_controller.cpp.o] Error 1
make[1]: *** [CMakeFiles/Makefile2:2775: CMakeFiles/go2_controller.dir/all] Error 2
make: *** [Makefile:146: all] Error 2
