[01m[K/home/pth/pth/model/Go2_simulator/src/controls/go2_controller/src/go2_controller.cpp:[m[K In member function ‘[01m[Kvoid go2_controller::SwingLeg_Control(int)[m[K’:
[01m[K/home/pth/pth/model/Go2_simulator/src/controls/go2_controller/src/go2_controller.cpp:442:74:[m[K [01;31m[Kerror: [m[Kexpression cannot be used as a function
  442 |     double x_target = PLAN.Raibert_Heuristic_X(leg, Local_body_pos[leg](X[01;31m[K)[m[K, Local_body_vel[leg](X), T_TROT);
      |                                                                          [01;31m[K^[m[K
[01m[K/home/pth/pth/model/Go2_simulator/src/controls/go2_controller/src/go2_controller.cpp:442:98:[m[K [01;31m[Kerror: [m[Kexpression cannot be used as a function
  442 |     double x_target = PLAN.Raibert_Heuristic_X(leg, Local_body_pos[leg](X), Local_body_vel[leg](X[01;31m[K)[m[K, T_TROT);
      |                                                                                                  [01;31m[K^[m[K
[01m[K/home/pth/pth/model/Go2_simulator/src/controls/go2_controller/src/go2_controller.cpp:443:74:[m[K [01;31m[Kerror: [m[Kexpression cannot be used as a function
  443 |     double y_target = PLAN.Raibert_Heuristic_Y(leg, Local_body_pos[leg](Y[01;31m[K)[m[K, Local_body_vel[leg](Y), T_TROT);
      |                                                                          [01;31m[K^[m[K
[01m[K/home/pth/pth/model/Go2_simulator/src/controls/go2_controller/src/go2_controller.cpp:443:98:[m[K [01;31m[Kerror: [m[Kexpression cannot be used as a function
  443 |     double y_target = PLAN.Raibert_Heuristic_Y(leg, Local_body_pos[leg](Y), Local_body_vel[leg](Y[01;31m[K)[m[K, T_TROT);
      |                                                                                                  [01;31m[K^[m[K
[01m[K/home/pth/pth/model/Go2_simulator/src/controls/go2_controller/src/go2_controller.cpp:[m[K In member function ‘[01m[Kvoid go2_controller::Init()[m[K’:
[01m[K/home/pth/pth/model/Go2_simulator/src/controls/go2_controller/src/go2_controller.cpp:6:11:[m[K [01;35m[Kwarning: [m[Kignoring return value of ‘[01m[Kint system(const char*)[m[K’, declared with attribute warn_unused_result [[01;35m[K-Wunused-result[m[K]
    6 |     [01;35m[Ksystem("clear")[m[K;
      |     [01;35m[K~~~~~~^~~~~~~~~[m[K
make[2]: *** [CMakeFiles/go2_controller.dir/build.make:79: CMakeFiles/go2_controller.dir/src/go2_controller.cpp.o] Error 1
make[1]: *** [CMakeFiles/Makefile2:2775: CMakeFiles/go2_controller.dir/all] Error 2
make: *** [Makefile:146: all] Error 2
