[01m[K/home/pth/pth/model/Go2_simulator/src/controls/go2_controller/include/Tools/Kinematics.cpp:[m[K In member function ‘[01m[Kvoid Kinematics::Inverse_Kinematics()[m[K’:
[01m[K/home/pth/pth/model/Go2_simulator/src/controls/go2_controller/include/Tools/Kinematics.cpp:195:5:[m[K [01;31m[Kerror: [m[K‘[01m[Kall_joint_angles[m[K’ was not declared in this scope
  195 |     [01;31m[Kall_joint_angles[m[K.segment<3>(0) = Calculate_Atan2(V_ik_fl, l2, l3);
      |     [01;31m[K^~~~~~~~~~~~~~~~[m[K
[01m[K/home/pth/pth/model/Go2_simulator/src/controls/go2_controller/include/Tools/SingleRigidBody.cpp:23:92:[m[K [01;31m[Kerror: [m[Kexpected ‘[01m[K,[m[K’ or ‘[01m[K...[m[K’ before ‘[01m[Kconst[m[K’
   23 | void SingleRigidBody::SetRobotState(const Eigen::VectorXd &p, const Eigen::VectorXd &p_dot [01;31m[Kconst[m[K Eigen::Quaterniond &quat, const Eigen::VectorXd &rpy_dot)
      |                                                                                            [01;31m[K^~~~~[m[K
[01m[K/home/pth/pth/model/Go2_simulator/src/controls/go2_controller/include/Tools/SingleRigidBody.cpp:23:6:[m[K [01;31m[Kerror: [m[Kno declaration matches ‘[01m[Kvoid SingleRigidBody::SetRobotState(const VectorXd&, const VectorXd&)[m[K’
   23 | void [01;31m[KSingleRigidBody[m[K::SetRobotState(const Eigen::VectorXd &p, const Eigen::VectorXd &p_dot const Eigen::Quaterniond &quat, const Eigen::VectorXd &rpy_dot)
      |      [01;31m[K^~~~~~~~~~~~~~~[m[K
In file included from [01m[K/home/pth/pth/model/Go2_simulator/src/controls/go2_controller/include/Tools/SingleRigidBody.cpp:1[m[K:
[01m[K/home/pth/pth/model/Go2_simulator/src/controls/go2_controller/include/Tools/SingleRigidBody.hpp:55:10:[m[K [01;36m[Knote: [m[Kcandidate is: ‘[01m[Kvoid SingleRigidBody::SetRobotState(const VectorXd&, const VectorXd&, const Quaterniond&, const VectorXd&)[m[K’
   55 |     void [01;36m[KSetRobotState[m[K(const Eigen::VectorXd &p, const Eigen::VectorXd &p_dot, const Eigen::Quaterniond &quat, const Eigen::VectorXd &rpy_dot);
      |          [01;36m[K^~~~~~~~~~~~~[m[K
In file included from [01m[K/home/pth/pth/model/Go2_simulator/src/controls/go2_controller/include/Tools/SingleRigidBody.cpp:1[m[K:
[01m[K/home/pth/pth/model/Go2_simulator/src/controls/go2_controller/include/Tools/SingleRigidBody.hpp:9:7:[m[K [01;36m[Knote: [m[K‘[01m[Kclass SingleRigidBody[m[K’ defined here
    9 | class [01;36m[KSingleRigidBody[m[K
      |       [01;36m[K^~~~~~~~~~~~~~~[m[K
[01m[K/home/pth/pth/model/Go2_simulator/src/controls/go2_controller/include/Tools/SingleRigidBody.cpp:35:96:[m[K [01;31m[Kerror: [m[Kexpected ‘[01m[K,[m[K’ or ‘[01m[K...[m[K’ before ‘[01m[Kconst[m[K’
   35 |                                       const Eigen::Vector3d &p_rl, const Eigen::Vector3d &p_rr [01;31m[Kconst[m[K Eigen::Vector3d &p_com)
      |                                                                                                [01;31m[K^~~~~[m[K
[01m[K/home/pth/pth/model/Go2_simulator/src/controls/go2_controller/include/Tools/SingleRigidBody.cpp:34:6:[m[K [01;31m[Kerror: [m[Kno declaration matches ‘[01m[Kvoid SingleRigidBody::SetFootPosition(const Vector3d&, const Vector3d&, const Vector3d&, const Vector3d&)[m[K’
   34 | void [01;31m[KSingleRigidBody[m[K::SetFootPosition(const Eigen::Vector3d &p_fl, const Eigen::Vector3d &p_fr,
      |      [01;31m[K^~~~~~~~~~~~~~~[m[K
In file included from [01m[K/home/pth/pth/model/Go2_simulator/src/controls/go2_controller/include/Tools/SingleRigidBody.cpp:1[m[K:
[01m[K/home/pth/pth/model/Go2_simulator/src/controls/go2_controller/include/Tools/SingleRigidBody.hpp:57:10:[m[K [01;36m[Knote: [m[Kcandidate is: ‘[01m[Kvoid SingleRigidBody::SetFootPosition(const Vector3d&, const Vector3d&, const Vector3d&, const Vector3d&, const Vector3d&)[m[K’
   57 |     void [01;36m[KSetFootPosition[m[K(const Eigen::Vector3d &p_fl, const Eigen::Vector3d &p_fr,
      |          [01;36m[K^~~~~~~~~~~~~~~[m[K
In file included from [01m[K/home/pth/pth/model/Go2_simulator/src/controls/go2_controller/include/Tools/SingleRigidBody.cpp:1[m[K:
[01m[K/home/pth/pth/model/Go2_simulator/src/controls/go2_controller/include/Tools/SingleRigidBody.hpp:9:7:[m[K [01;36m[Knote: [m[K‘[01m[Kclass SingleRigidBody[m[K’ defined here
    9 | class [01;36m[KSingleRigidBody[m[K
      |       [01;36m[K^~~~~~~~~~~~~~~[m[K
[01m[K/home/pth/pth/model/Go2_simulator/src/controls/go2_controller/include/Tools/SingleRigidBody.cpp:49:8:[m[K [01;31m[Kerror: [m[K‘[01m[KMatirx3d[m[K’ in namespace ‘[01m[KEigen[m[K’ does not name a type; did you mean ‘[01m[KMatrix3d[m[K’?
   49 | Eigen::[01;31m[KMatirx3d[m[K SingleRigidBody::MakeCross2Skew(const Eigen::Vector3d &p)
      |        [01;31m[K^~~~~~~~[m[K
      |        [32m[KMatrix3d[m[K
[01m[K/home/pth/pth/model/Go2_simulator/src/controls/go2_controller/include/Tools/SingleRigidBody.cpp:[m[K In member function ‘[01m[Kvoid SingleRigidBody::Update_A_Matrix()[m[K’:
[01m[K/home/pth/pth/model/Go2_simulator/src/controls/go2_controller/include/Tools/SingleRigidBody.cpp:60:12:[m[K [01;31m[Kerror: [m[K‘[01m[KMatirx3d[m[K’ is not a member of ‘[01m[KEigen[m[K’; did you mean ‘[01m[KMatrix3d[m[K’?
   60 |     Eigen::[01;31m[KMatirx3d[m[K I_3x3 = Eigen::Matrix3d::Identity();
      |            [01;31m[K^~~~~~~~[m[K
      |            [32m[KMatrix3d[m[K
[01m[K/home/pth/pth/model/Go2_simulator/src/controls/go2_controller/include/Tools/SingleRigidBody.cpp:69:40:[m[K [01;31m[Kerror: [m[K‘[01m[KI_3x3[m[K’ was not declared in this scope
   69 |         A_body.block<3, 3>(0, 3 * i) = [01;31m[KI_3x3[m[K;
      |                                        [01;31m[K^~~~~[m[K
[01m[K/home/pth/pth/model/Go2_simulator/src/controls/go2_controller/include/Tools/SingleRigidBody.cpp:[m[K At global scope:
[01m[K/home/pth/pth/model/Go2_simulator/src/controls/go2_controller/include/Tools/SingleRigidBody.cpp:74:17:[m[K [01;31m[Kerror: [m[Kno declaration matches ‘[01m[KEigen::Vector3d SingleRigidBody::MakeMatrix2Skew(Eigen::Matrix3d&, Eigen::Matrix3d&)[m[K’
   74 | Eigen::Vector3d [01;31m[KSingleRigidBody[m[K::MakeMatrix2Skew(Eigen::Matrix3d &R1, Eigen::Matrix3d &R2)
      |                 [01;31m[K^~~~~~~~~~~~~~~[m[K
In file included from [01m[K/home/pth/pth/model/Go2_simulator/src/controls/go2_controller/include/Tools/SingleRigidBody.cpp:1[m[K:
[01m[K/home/pth/pth/model/Go2_simulator/src/controls/go2_controller/include/Tools/SingleRigidBody.hpp:44:21:[m[K [01;36m[Knote: [m[Kcandidate is: ‘[01m[KEigen::Matrix3d SingleRigidBody::MakeMatrix2Skew(Eigen::Matrix3d&, Eigen::Matrix3d&)[m[K’
   44 |     Eigen::Matrix3d [01;36m[KMakeMatrix2Skew[m[K(Eigen::Matrix3d &R1, Eigen::Matrix3d &R2);
      |                     [01;36m[K^~~~~~~~~~~~~~~[m[K
In file included from [01m[K/home/pth/pth/model/Go2_simulator/src/controls/go2_controller/include/Tools/SingleRigidBody.cpp:1[m[K:
[01m[K/home/pth/pth/model/Go2_simulator/src/controls/go2_controller/include/Tools/SingleRigidBody.hpp:9:7:[m[K [01;36m[Knote: [m[K‘[01m[Kclass SingleRigidBody[m[K’ defined here
    9 | class [01;36m[KSingleRigidBody[m[K
      |       [01;36m[K^~~~~~~~~~~~~~~[m[K
[01m[K/home/pth/pth/model/Go2_simulator/src/controls/go2_controller/include/Tools/SingleRigidBody.cpp:[m[K In member function ‘[01m[Kvoid SingleRigidBody::Compute_b_Vector(const Vector3d&, const Matrix3d&, double, double, double, double)[m[K’:
[01m[K/home/pth/pth/model/Go2_simulator/src/controls/go2_controller/include/Tools/SingleRigidBody.cpp:93:52:[m[K [01;31m[Kerror: [m[K‘[01m[Kref_p_com[m[K’ was not declared in this scope
   93 |     Eigen::Vector3d p_des_body = R_world_to_body * [01;31m[Kref_p_com[m[K;
      |                                                    [01;31m[K^~~~~~~~~[m[K
[01m[K/home/pth/pth/model/Go2_simulator/src/controls/go2_controller/include/Tools/SingleRigidBody.cpp:95:5:[m[K [01;31m[Kerror: [m[K‘[01m[Kb[m[K’ was not declared in this scope
   95 |     [01;31m[Kb[m[K.segment<3>(0) = (-1) * M * g_body + M * (Kp_f * (p_des_body - p_com_body) - Kd_f * v_com_body);
      |     [01;31m[K^[m[K
[01m[K/home/pth/pth/model/Go2_simulator/src/controls/go2_controller/include/Tools/SingleRigidBody.cpp:96:73:[m[K [01;31m[Kerror: [m[Kbinding reference of type ‘[01m[KEigen::Matrix3d&[m[K’ {aka ‘[01m[KEigen::Matrix<double, 3, 3>&[m[K’} to ‘[01m[Kconst Matrix3d[m[K’ {aka ‘[01m[Kconst Eigen::Matrix<double, 3, 3>[m[K’} discards qualifiers
   96 |     b.segment<3>(3) = I_body * (Kp_w * MakeMatrix2Skew(R_world_to_body, [01;31m[KR_des_world[m[K) - Kd_w * omega_body);
      |                                                                         [01;31m[K^~~~~~~~~~~[m[K
In file included from [01m[K/home/pth/pth/model/Go2_simulator/src/controls/go2_controller/include/Tools/SingleRigidBody.cpp:1[m[K:
[01m[K/home/pth/pth/model/Go2_simulator/src/controls/go2_controller/include/Tools/SingleRigidBody.hpp:44:75:[m[K [01;36m[Knote: [m[K  initializing argument 2 of ‘[01m[KEigen::Matrix3d SingleRigidBody::MakeMatrix2Skew(Eigen::Matrix3d&, Eigen::Matrix3d&)[m[K’
   44 |     Eigen::Matrix3d MakeMatrix2Skew(Eigen::Matrix3d &R1, [01;36m[KEigen::Matrix3d &R2[m[K);
      |                                                          [01;36m[K~~~~~~~~~~~~~~~~~^~[m[K
[01m[K/home/pth/pth/model/Go2_simulator/src/controls/go2_controller/include/Tools/SingleRigidBody.cpp:[m[K At global scope:
[01m[K/home/pth/pth/model/Go2_simulator/src/controls/go2_controller/include/Tools/SingleRigidBody.cpp:99:6:[m[K [01;31m[Kerror: [m[Kno declaration matches ‘[01m[Kvoid SingleRigidBody::Solve_Force(double, const Vector3d&)[m[K’
   99 | void [01;31m[KSingleRigidBody[m[K::Solve_Force(double mu, const Eigen::Vector3d& vertical_force)
      |      [01;31m[K^~~~~~~~~~~~~~~[m[K
In file included from [01m[K/home/pth/pth/model/Go2_simulator/src/controls/go2_controller/include/Tools/SingleRigidBody.cpp:1[m[K:
[01m[K/home/pth/pth/model/Go2_simulator/src/controls/go2_controller/include/Tools/SingleRigidBody.hpp:63:10:[m[K [01;36m[Knote: [m[Kcandidate is: ‘[01m[Kvoid SingleRigidBody::Solve_Force(const Vector3d&, double)[m[K’
   63 |     void [01;36m[KSolve_Force[m[K(const Eigen::Vector3d &normal_f, const double mu);
      |          [01;36m[K^~~~~~~~~~~[m[K
In file included from [01m[K/home/pth/pth/model/Go2_simulator/src/controls/go2_controller/include/Tools/SingleRigidBody.cpp:1[m[K:
[01m[K/home/pth/pth/model/Go2_simulator/src/controls/go2_controller/include/Tools/SingleRigidBody.hpp:9:7:[m[K [01;36m[Knote: [m[K‘[01m[Kclass SingleRigidBody[m[K’ defined here
    9 | class [01;36m[KSingleRigidBody[m[K
      |       [01;36m[K^~~~~~~~~~~~~~~[m[K
make[2]: *** [include/Tools/CMakeFiles/Tools.dir/build.make:79: include/Tools/CMakeFiles/Tools.dir/SingleRigidBody.cpp.o] Error 1
make[2]: *** Waiting for unfinished jobs....
make[2]: *** [include/Tools/CMakeFiles/Tools.dir/build.make:93: include/Tools/CMakeFiles/Tools.dir/Kinematics.cpp.o] Error 1
make[1]: *** [CMakeFiles/Makefile2:3113: include/Tools/CMakeFiles/Tools.dir/all] Error 2
make: *** [Makefile:146: all] Error 2
