[01m[K/home/pth/pth/model/Go2_simulator/src/controls/go2_controller/include/Tools/SingleRigidBody.cpp:35:96:[m[K [01;31m[Kerror: [m[Kexpected ‘[01m[K,[m[K’ or ‘[01m[K...[m[K’ before ‘[01m[Kconst[m[K’
   35 |                                       const Eigen::Vector3d &p_rl, const Eigen::Vector3d &p_rr [01;31m[Kconst[m[K Eigen::Vector3d &p_com)
      |                                                                                                [01;31m[K^~~~~[m[K
[01m[K/home/pth/pth/model/Go2_simulator/src/controls/go2_controller/include/Tools/SingleRigidBody.cpp:34:6:[m[K [01;31m[Kerror: [m[Kno declaration matches ‘[01m[Kvoid SingleRigidBody::SetFootPosition(const Vector3d&, const Vector3d&, const Vector3d&, const Vector3d&)[m[K’
   34 | void [01;31m[KSingleRigidBody[m[K::SetFootPosition(const Eigen::Vector3d &p_fl, const Eigen::Vector3d &p_fr,
      |      [01;31m[K^~~~~~~~~~~~~~~[m[K
In file included from [01m[K/home/pth/pth/model/Go2_simulator/src/controls/go2_controller/include/Tools/SingleRigidBody.cpp:1[m[K:
[01m[K/home/pth/pth/model/Go2_simulator/src/controls/go2_controller/include/Tools/SingleRigidBody.hpp:65:10:[m[K [01;36m[Knote: [m[Kcandidate is: ‘[01m[Kvoid SingleRigidBody::SetFootPosition(const Vector3d&, const Vector3d&, const Vector3d&, const Vector3d&, const Vector3d&)[m[K’
   65 |     void [01;36m[KSetFootPosition[m[K(const Eigen::Vector3d &p_fl, const Eigen::Vector3d &p_fr,
      |          [01;36m[K^~~~~~~~~~~~~~~[m[K
In file included from [01m[K/home/pth/pth/model/Go2_simulator/src/controls/go2_controller/include/Tools/SingleRigidBody.cpp:1[m[K:
[01m[K/home/pth/pth/model/Go2_simulator/src/controls/go2_controller/include/Tools/SingleRigidBody.hpp:10:7:[m[K [01;36m[Knote: [m[K‘[01m[Kclass SingleRigidBody[m[K’ defined here
   10 | class [01;36m[KSingleRigidBody[m[K
      |       [01;36m[K^~~~~~~~~~~~~~~[m[K
[01m[K/home/pth/pth/model/Go2_simulator/src/controls/go2_controller/include/Tools/SingleRigidBody.cpp:49:8:[m[K [01;31m[Kerror: [m[K‘[01m[KMatirx3d[m[K’ in namespace ‘[01m[KEigen[m[K’ does not name a type; did you mean ‘[01m[KMatrix3d[m[K’?
   49 | Eigen::[01;31m[KMatirx3d[m[K SingleRigidBody::MakeCross2Skew(const Eigen::Vector3d &p)
      |        [01;31m[K^~~~~~~~[m[K
      |        [32m[KMatrix3d[m[K
[01m[K/home/pth/pth/model/Go2_simulator/src/controls/go2_controller/include/Tools/SingleRigidBody.cpp:58:17:[m[K [01;31m[Kerror: [m[Kno declaration matches ‘[01m[KEigen::Vector3d SingleRigidBody::MakeMatrix2Skew(Eigen::Matrix3d&, Eigen::Matrix3d&)[m[K’
   58 | Eigen::Vector3d [01;31m[KSingleRigidBody[m[K::MakeMatrix2Skew(Eigen::Matrix3d &R1, Eigen::Matrix3d &R2)
      |                 [01;31m[K^~~~~~~~~~~~~~~[m[K
In file included from [01m[K/home/pth/pth/model/Go2_simulator/src/controls/go2_controller/include/Tools/SingleRigidBody.cpp:1[m[K:
[01m[K/home/pth/pth/model/Go2_simulator/src/controls/go2_controller/include/Tools/SingleRigidBody.hpp:52:21:[m[K [01;36m[Knote: [m[Kcandidate is: ‘[01m[KEigen::Matrix3d SingleRigidBody::MakeMatrix2Skew(Eigen::Matrix3d&, Eigen::Matrix3d&)[m[K’
   52 |     Eigen::Matrix3d [01;36m[KMakeMatrix2Skew[m[K(Eigen::Matrix3d &R1, Eigen::Matrix3d &R2);
      |                     [01;36m[K^~~~~~~~~~~~~~~[m[K
In file included from [01m[K/home/pth/pth/model/Go2_simulator/src/controls/go2_controller/include/Tools/SingleRigidBody.cpp:1[m[K:
[01m[K/home/pth/pth/model/Go2_simulator/src/controls/go2_controller/include/Tools/SingleRigidBody.hpp:10:7:[m[K [01;36m[Knote: [m[K‘[01m[Kclass SingleRigidBody[m[K’ defined here
   10 | class [01;36m[KSingleRigidBody[m[K
      |       [01;36m[K^~~~~~~~~~~~~~~[m[K
[01m[K/home/pth/pth/model/Go2_simulator/src/controls/go2_controller/include/Tools/SingleRigidBody.cpp:[m[K In member function ‘[01m[Kvoid SingleRigidBody::Update_A_Matrix()[m[K’:
[01m[K/home/pth/pth/model/Go2_simulator/src/controls/go2_controller/include/Tools/SingleRigidBody.cpp:72:12:[m[K [01;31m[Kerror: [m[K‘[01m[KMatirx3d[m[K’ is not a member of ‘[01m[KEigen[m[K’; did you mean ‘[01m[KMatrix3d[m[K’?
   72 |     Eigen::[01;31m[KMatirx3d[m[K I_3x3 = Eigen::Matrix3d::Identity();
      |            [01;31m[K^~~~~~~~[m[K
      |            [32m[KMatrix3d[m[K
[01m[K/home/pth/pth/model/Go2_simulator/src/controls/go2_controller/include/Tools/SingleRigidBody.cpp:81:40:[m[K [01;31m[Kerror: [m[K‘[01m[KI_3x3[m[K’ was not declared in this scope
   81 |         A_body.block<3, 3>(0, 3 * i) = [01;31m[KI_3x3[m[K;
      |                                        [01;31m[K^~~~~[m[K
[01m[K/home/pth/pth/model/Go2_simulator/src/controls/go2_controller/include/Tools/SingleRigidBody.cpp:[m[K In member function ‘[01m[Kvoid SingleRigidBody::Compute_b_Vector(const Vector3d&, const Matrix3d&, double, double, double, double)[m[K’:
[01m[K/home/pth/pth/model/Go2_simulator/src/controls/go2_controller/include/Tools/SingleRigidBody.cpp:94:52:[m[K [01;31m[Kerror: [m[K‘[01m[Kref_p_com[m[K’ was not declared in this scope
   94 |     Eigen::Vector3d p_des_body = R_world_to_body * [01;31m[Kref_p_com[m[K;
      |                                                    [01;31m[K^~~~~~~~~[m[K
[01m[K/home/pth/pth/model/Go2_simulator/src/controls/go2_controller/include/Tools/SingleRigidBody.cpp:96:5:[m[K [01;31m[Kerror: [m[K‘[01m[Kb[m[K’ was not declared in this scope
   96 |     [01;31m[Kb[m[K.segment<3>(0) = (-1) * M * g_body + (Kp_f * (p_des_body - p_com_body) - Kd_f * v_com_body);
      |     [01;31m[K^[m[K
[01m[K/home/pth/pth/model/Go2_simulator/src/controls/go2_controller/include/Tools/SingleRigidBody.cpp:97:73:[m[K [01;31m[Kerror: [m[Kbinding reference of type ‘[01m[KEigen::Matrix3d&[m[K’ {aka ‘[01m[KEigen::Matrix<double, 3, 3>&[m[K’} to ‘[01m[Kconst Matrix3d[m[K’ {aka ‘[01m[Kconst Eigen::Matrix<double, 3, 3>[m[K’} discards qualifiers
   97 |     b.segment<3>(3) = I_body * (Kp_w * MakeMatrix2Skew(R_world_to_body, [01;31m[KR_des_world[m[K) - Kd_w * omega_body);
      |                                                                         [01;31m[K^~~~~~~~~~~[m[K
In file included from [01m[K/home/pth/pth/model/Go2_simulator/src/controls/go2_controller/include/Tools/SingleRigidBody.cpp:1[m[K:
[01m[K/home/pth/pth/model/Go2_simulator/src/controls/go2_controller/include/Tools/SingleRigidBody.hpp:52:75:[m[K [01;36m[Knote: [m[K  initializing argument 2 of ‘[01m[KEigen::Matrix3d SingleRigidBody::MakeMatrix2Skew(Eigen::Matrix3d&, Eigen::Matrix3d&)[m[K’
   52 |     Eigen::Matrix3d MakeMatrix2Skew(Eigen::Matrix3d &R1, [01;36m[KEigen::Matrix3d &R2[m[K);
      |                                                          [01;36m[K~~~~~~~~~~~~~~~~~^~[m[K
[01m[K/home/pth/pth/model/Go2_simulator/src/controls/go2_controller/include/Tools/SingleRigidBody.cpp:[m[K At global scope:
[01m[K/home/pth/pth/model/Go2_simulator/src/controls/go2_controller/include/Tools/SingleRigidBody.cpp:101:6:[m[K [01;31m[Kerror: [m[Kno declaration matches ‘[01m[Kvoid SingleRigidBody::Solve_QP(double, const Vector3d&)[m[K’
  101 | void [01;31m[KSingleRigidBody[m[K::Solve_QP(double mu, const Eigen::Vector3d& vertical_force)
      |      [01;31m[K^~~~~~~~~~~~~~~[m[K
In file included from [01m[K/home/pth/pth/model/Go2_simulator/src/controls/go2_controller/include/Tools/SingleRigidBody.cpp:1[m[K:
[01m[K/home/pth/pth/model/Go2_simulator/src/controls/go2_controller/include/Tools/SingleRigidBody.hpp:72:10:[m[K [01;36m[Knote: [m[Kcandidate is: ‘[01m[Kvoid SingleRigidBody::Solve_QP(const Vector3d&, double)[m[K’
   72 |     void [01;36m[KSolve_QP[m[K(const Eigen::Vector3d &f_z, const double mu);
      |          [01;36m[K^~~~~~~~[m[K
In file included from [01m[K/home/pth/pth/model/Go2_simulator/src/controls/go2_controller/include/Tools/SingleRigidBody.cpp:1[m[K:
[01m[K/home/pth/pth/model/Go2_simulator/src/controls/go2_controller/include/Tools/SingleRigidBody.hpp:10:7:[m[K [01;36m[Knote: [m[K‘[01m[Kclass SingleRigidBody[m[K’ defined here
   10 | class [01;36m[KSingleRigidBody[m[K
      |       [01;36m[K^~~~~~~~~~~~~~~[m[K
[01m[K/home/pth/pth/model/Go2_simulator/src/controls/go2_controller/include/Tools/SingleRigidBody.cpp:135:6:[m[K [01;31m[Kerror: [m[Kno declaration matches ‘[01m[Kvoid SingleRigidBody::Compute_LinearMatrix()[m[K’
  135 | void [01;31m[KSingleRigidBody[m[K::Compute_LinearMatrix()
      |      [01;31m[K^~~~~~~~~~~~~~~[m[K
[01m[K/home/pth/pth/model/Go2_simulator/src/controls/go2_controller/include/Tools/SingleRigidBody.cpp:135:6:[m[K [01;36m[Knote: [m[Kno functions named ‘[01m[Kvoid SingleRigidBody::Compute_LinearMatrix()[m[K’
In file included from [01m[K/home/pth/pth/model/Go2_simulator/src/controls/go2_controller/include/Tools/SingleRigidBody.cpp:1[m[K:
[01m[K/home/pth/pth/model/Go2_simulator/src/controls/go2_controller/include/Tools/SingleRigidBody.hpp:10:7:[m[K [01;36m[Knote: [m[K‘[01m[Kclass SingleRigidBody[m[K’ defined here
   10 | class [01;36m[KSingleRigidBody[m[K
      |       [01;36m[K^~~~~~~~~~~~~~~[m[K
[01m[K/home/pth/pth/model/Go2_simulator/src/controls/go2_controller/include/Tools/SingleRigidBody.cpp:151:6:[m[K [01;31m[Kerror: [m[Kno declaration matches ‘[01m[Kvoid SingleRigidBody::Compute_Constraint()[m[K’
  151 | void [01;31m[KSingleRigidBody[m[K::Compute_Constraint()
      |      [01;31m[K^~~~~~~~~~~~~~~[m[K
[01m[K/home/pth/pth/model/Go2_simulator/src/controls/go2_controller/include/Tools/SingleRigidBody.cpp:151:6:[m[K [01;36m[Knote: [m[Kno functions named ‘[01m[Kvoid SingleRigidBody::Compute_Constraint()[m[K’
In file included from [01m[K/home/pth/pth/model/Go2_simulator/src/controls/go2_controller/include/Tools/SingleRigidBody.cpp:1[m[K:
[01m[K/home/pth/pth/model/Go2_simulator/src/controls/go2_controller/include/Tools/SingleRigidBody.hpp:10:7:[m[K [01;36m[Knote: [m[K‘[01m[Kclass SingleRigidBody[m[K’ defined here
   10 | class [01;36m[KSingleRigidBody[m[K
      |       [01;36m[K^~~~~~~~~~~~~~~[m[K
[01m[K/home/pth/pth/model/Go2_simulator/src/controls/go2_controller/include/Tools/SingleRigidBody.cpp:156:6:[m[K [01;31m[Kerror: [m[Kno declaration matches ‘[01m[Kvoid SingleRigidBody::Solve_Force(double, const Vector3d&)[m[K’
  156 | void [01;31m[KSingleRigidBody[m[K::Solve_Force(double mu, const Eigen::Vector3d& vertical_force)
      |      [01;31m[K^~~~~~~~~~~~~~~[m[K
In file included from [01m[K/home/pth/pth/model/Go2_simulator/src/controls/go2_controller/include/Tools/SingleRigidBody.cpp:1[m[K:
[01m[K/home/pth/pth/model/Go2_simulator/src/controls/go2_controller/include/Tools/SingleRigidBody.hpp:71:10:[m[K [01;36m[Knote: [m[Kcandidate is: ‘[01m[Kvoid SingleRigidBody::Solve_Force()[m[K’
   71 |     void [01;36m[KSolve_Force[m[K();
      |          [01;36m[K^~~~~~~~~~~[m[K
In file included from [01m[K/home/pth/pth/model/Go2_simulator/src/controls/go2_controller/include/Tools/SingleRigidBody.cpp:1[m[K:
[01m[K/home/pth/pth/model/Go2_simulator/src/controls/go2_controller/include/Tools/SingleRigidBody.hpp:10:7:[m[K [01;36m[Knote: [m[K‘[01m[Kclass SingleRigidBody[m[K’ defined here
   10 | class [01;36m[KSingleRigidBody[m[K
      |       [01;36m[K^~~~~~~~~~~~~~~[m[K
make[2]: *** [include/Tools/CMakeFiles/Tools.dir/build.make:79: include/Tools/CMakeFiles/Tools.dir/SingleRigidBody.cpp.o] Error 1
make[2]: *** Waiting for unfinished jobs....
[01m[K/home/pth/pth/model/Go2_simulator/src/controls/go2_controller/include/Tools/Trajectories.cpp:[m[K In member function ‘[01m[KTrajectoryPoint Trajectories::Quintic_Task(ros::Time&, double, const Vector3d&, const Vector3d&)[m[K’:
[01m[K/home/pth/pth/model/Go2_simulator/src/controls/go2_controller/include/Tools/Trajectories.cpp:71:41:[m[K [01;31m[Kerror: [m[K‘[01m[KEE_Pose_FL_desired[m[K’ was not declared in this scope
   71 |         Eigen::Vector3d initial_error = [01;31m[KEE_Pose_FL_desired[m[K - EE_Pose_FL;
      |                                         [01;31m[K^~~~~~~~~~~~~~~~~~[m[K
[01m[K/home/pth/pth/model/Go2_simulator/src/controls/go2_controller/include/Tools/Trajectories.cpp:71:62:[m[K [01;31m[Kerror: [m[K‘[01m[KEE_Pose_FL[m[K’ was not declared in this scope
   71 |         Eigen::Vector3d initial_error = EE_Pose_FL_desired - [01;31m[KEE_Pose_FL[m[K;
      |                                                              [01;31m[K^~~~~~~~~~[m[K
[01m[K/home/pth/pth/model/Go2_simulator/src/controls/go2_controller/include/Tools/Trajectories.cpp:[m[K At global scope:
[01m[K/home/pth/pth/model/Go2_simulator/src/controls/go2_controller/include/Tools/Trajectories.cpp:99:17:[m[K [01;31m[Kerror: [m[K‘[01m[Kgo2_controller[m[K’ has not been declared
   99 | TrajectoryPoint [01;31m[Kgo2_controller[m[K::Sinusoidal_Task(ros::Time &start_time, double period,
      |                 [01;31m[K^~~~~~~~~~~~~~[m[K
[01m[K/home/pth/pth/model/Go2_simulator/src/controls/go2_controller/include/Tools/Trajectories.cpp:[m[K In member function ‘[01m[KEigen::VectorXd Trajectories::Quintic_Joint(ros::Time&, double, const VectorXd&, const VectorXd&)[m[K’:
[01m[K/home/pth/pth/model/Go2_simulator/src/controls/go2_controller/include/Tools/Trajectories.cpp:159:9:[m[K [01;31m[Kerror: [m[K‘[01m[Kq_desired[m[K’ was not declared in this scope
  159 |         [01;31m[Kq_desired[m[K = q;
      |         [01;31m[K^~~~~~~~~[m[K
[01m[K/home/pth/pth/model/Go2_simulator/src/controls/go2_controller/include/Tools/Trajectories.cpp:172:9:[m[K [01;31m[Kerror: [m[K‘[01m[Kq_desired[m[K’ was not declared in this scope
  172 |         [01;31m[Kq_desired[m[K = (T_vec * A).transpose(); // 12 x 1 열벡터가 된다.
      |         [01;31m[K^~~~~~~~~[m[K
[01m[K/home/pth/pth/model/Go2_simulator/src/controls/go2_controller/include/Tools/Trajectories.cpp:[m[K At global scope:
[01m[K/home/pth/pth/model/Go2_simulator/src/controls/go2_controller/include/Tools/Trajectories.cpp:177:17:[m[K [01;31m[Kerror: [m[Kno declaration matches ‘[01m[KTrajectoryPoint Trajectories::Sinusoidal_Task()[m[K’
  177 | TrajectoryPoint [01;31m[KTrajectories[m[K::Sinusoidal_Task()
      |                 [01;31m[K^~~~~~~~~~~~[m[K
In file included from [01m[K/home/pth/pth/model/Go2_simulator/src/controls/go2_controller/include/Tools/Trajectories.cpp:1[m[K:
[01m[K/home/pth/pth/model/Go2_simulator/src/controls/go2_controller/include/Tools/Trajectories.hpp:47:21:[m[K [01;36m[Knote: [m[Kcandidate is: ‘[01m[KTrajectoryPoint Trajectories::Sinusoidal_Task(ros::Time&, double, const Vector3d&, const Vector3d&)[m[K’
   47 |     TrajectoryPoint [01;36m[KSinusoidal_Task[m[K(ros::Time &start_time, double period,
      |                     [01;36m[K^~~~~~~~~~~~~~~[m[K
In file included from [01m[K/home/pth/pth/model/Go2_simulator/src/controls/go2_controller/include/Tools/Trajectories.cpp:1[m[K:
[01m[K/home/pth/pth/model/Go2_simulator/src/controls/go2_controller/include/Tools/Trajectories.hpp:15:7:[m[K [01;36m[Knote: [m[K‘[01m[Kclass Trajectories[m[K’ defined here
   15 | class [01;36m[KTrajectories[m[K
      |       [01;36m[K^~~~~~~~~~~~[m[K
[01m[K/home/pth/pth/model/Go2_simulator/src/controls/go2_controller/include/Tools/Trajectories.cpp:[m[K In member function ‘[01m[KEigen::VectorXd Trajectories::Sinusoidal_Joint()[m[K’:
[01m[K/home/pth/pth/model/Go2_simulator/src/controls/go2_controller/include/Tools/Trajectories.cpp:184:5:[m[K [01;31m[Kerror: [m[Kreturn-statement with no value, in function returning ‘[01m[KEigen::VectorXd[m[K’ {aka ‘[01m[KEigen::Matrix<double, -1, 1>[m[K’} [[01;31m[K-fpermissive[m[K]
  184 |     [01;31m[Kreturn[m[K;
      |     [01;31m[K^~~~~~[m[K
make[2]: *** [include/Tools/CMakeFiles/Tools.dir/build.make:107: include/Tools/CMakeFiles/Tools.dir/Trajectories.cpp.o] Error 1
make[1]: *** [CMakeFiles/Makefile2:3113: include/Tools/CMakeFiles/Tools.dir/all] Error 2
make: *** [Makefile:146: all] Error 2
