In file included from [01m[K/home/pth/pth/model/Go2_simulator/src/controls/go2_controller/include/Tools/Trajectories.cpp:1[m[K:
[01m[K/home/pth/pth/model/Go2_simulator/src/controls/go2_controller/include/Tools/Trajectories.hpp:9:1:[m[K [01;31m[Kerror: [m[K‘[01m[KEnum[m[K’ does not name a type; did you mean ‘[01m[Kenum[m[K’?
    9 | [01;31m[KEnum[m[K Control
      | [01;31m[K^~~~[m[K
      | [32m[Kenum[m[K
In file included from [01m[K/home/pth/pth/model/Go2_simulator/src/controls/go2_controller/include/Tools/Trajectories.cpp:1[m[K:
[01m[K/home/pth/pth/model/Go2_simulator/src/controls/go2_controller/include/Tools/Trajectories.hpp:[m[K In static member function ‘[01m[Kstatic double Trajectories::Set_TimeVariable(ros::Time, ros::Time)[m[K’:
[01m[K/home/pth/pth/model/Go2_simulator/src/controls/go2_controller/include/Tools/Trajectories.hpp:71:37:[m[K [01;31m[Kerror: [m[K‘[01m[KMotion_Time_[m[K’ was not declared in this scope; did you mean ‘[01m[KMotion_Time[m[K’?
   71 |         double t = (Current_Time_ - [01;31m[KMotion_Time_[m[K).toSec();
      |                                     [01;31m[K^~~~~~~~~~~~[m[K
      |                                     [32m[KMotion_Time[m[K
[01m[K/home/pth/pth/model/Go2_simulator/src/controls/go2_controller/include/Tools/Trajectories.cpp:[m[K In constructor ‘[01m[KTrajectories::Trajectories()[m[K’:
[01m[K/home/pth/pth/model/Go2_simulator/src/controls/go2_controller/include/Tools/Trajectories.cpp:14:5:[m[K [01;31m[Kerror: [m[K‘[01m[Kfrequecy[m[K’ was not declared in this scope; did you mean ‘[01m[Kfrequency[m[K’?
   14 |     [01;31m[Kfrequecy[m[K = 500;
      |     [01;31m[K^~~~~~~~[m[K
      |     [32m[Kfrequency[m[K
[01m[K/home/pth/pth/model/Go2_simulator/src/controls/go2_controller/include/Tools/Trajectories.cpp:[m[K In function ‘[01m[KEigen::VectorXd Compute_QuinticJoint(double, Eigen::MatrixXd)[m[K’:
[01m[K/home/pth/pth/model/Go2_simulator/src/controls/go2_controller/include/Tools/Trajectories.cpp:62:20:[m[K [01;31m[Kerror: [m[K‘[01m[Kt1[m[K’ was not declared in this scope; did you mean ‘[01m[Kt5[m[K’?
   62 |     t_vector << 1, [01;31m[Kt1[m[K, t2, t3, t4, t5;
      |                    [01;31m[K^~[m[K
      |                    [32m[Kt5[m[K
make[2]: *** [include/Tools/CMakeFiles/Tools.dir/build.make:107: include/Tools/CMakeFiles/Tools.dir/Trajectories.cpp.o] Error 1
make[2]: *** Waiting for unfinished jobs....
In file included from [01m[K/home/pth/pth/model/Go2_simulator/src/controls/go2_controller/include/go2_controller.h:43[m[K,
                 from [01m[K/home/pth/pth/model/Go2_simulator/src/controls/go2_controller/include/Tools/TaskSpacePDControl.cpp:1[m[K:
[01m[K/home/pth/pth/model/Go2_simulator/src/controls/go2_controller/include/Tools/Trajectories.hpp:9:1:[m[K [01;31m[Kerror: [m[K‘[01m[KEnum[m[K’ does not name a type; did you mean ‘[01m[Kenum[m[K’?
    9 | [01;31m[KEnum[m[K Control
      | [01;31m[K^~~~[m[K
      | [32m[Kenum[m[K
In file included from [01m[K/home/pth/pth/model/Go2_simulator/src/controls/go2_controller/include/go2_controller.h:43[m[K,
                 from [01m[K/home/pth/pth/model/Go2_simulator/src/controls/go2_controller/include/Tools/TaskSpacePDControl.cpp:1[m[K:
[01m[K/home/pth/pth/model/Go2_simulator/src/controls/go2_controller/include/Tools/Trajectories.hpp:[m[K In static member function ‘[01m[Kstatic double Trajectories::Set_TimeVariable(ros::Time, ros::Time)[m[K’:
[01m[K/home/pth/pth/model/Go2_simulator/src/controls/go2_controller/include/Tools/Trajectories.hpp:71:37:[m[K [01;31m[Kerror: [m[K‘[01m[KMotion_Time_[m[K’ was not declared in this scope; did you mean ‘[01m[KMotion_Time[m[K’?
   71 |         double t = (Current_Time_ - [01;31m[KMotion_Time_[m[K).toSec();
      |                                     [01;31m[K^~~~~~~~~~~~[m[K
      |                                     [32m[KMotion_Time[m[K
make[2]: *** [include/Tools/CMakeFiles/Tools.dir/build.make:121: include/Tools/CMakeFiles/Tools.dir/TaskSpacePDControl.cpp.o] Error 1
make[1]: *** [CMakeFiles/Makefile2:3113: include/Tools/CMakeFiles/Tools.dir/all] Error 2
make: *** [Makefile:146: all] Error 2
