[01m[K/home/pth/pth/model/Go2_simulator/src/controls/go2_controller/src/go2_controller.cpp:[m[K In member function ‘[01m[Kvoid go2_controller::Squating()[m[K’:
[01m[K/home/pth/pth/model/Go2_simulator/src/controls/go2_controller/src/go2_controller.cpp:177:9:[m[K [01;31m[Kerror: [m[K‘[01m[Kis_motion_started[m[K’ was not declared in this scope; did you mean ‘[01m[Kis_motion_started_[m[K’?
  177 |     if ([01;31m[Kis_motion_started[m[K)
      |         [01;31m[K^~~~~~~~~~~~~~~~~[m[K
      |         [32m[Kis_motion_started_[m[K
[01m[K/home/pth/pth/model/Go2_simulator/src/controls/go2_controller/src/go2_controller.cpp:217:69:[m[K [01;31m[Kerror: [m[K‘[01m[Kmotion_period[m[K’ was not declared in this scope; did you mean ‘[01m[Kmotion_duration[m[K’?
  217 |     TrajectoryPoint fl_target = Sinusoidal_Task(motion_start_time_, [01;31m[Kmotion_period[m[K, stand_pose_fl, squat_pose_fl);
      |                                                                     [01;31m[K^~~~~~~~~~~~~[m[K
      |                                                                     [32m[Kmotion_duration[m[K
[01m[K/home/pth/pth/model/Go2_simulator/src/controls/go2_controller/src/go2_controller.cpp:217:84:[m[K [01;31m[Kerror: [m[K‘[01m[Kstand_pose_fl[m[K’ was not declared in this scope
  217 |     TrajectoryPoint fl_target = Sinusoidal_Task(motion_start_time_, motion_period, [01;31m[Kstand_pose_fl[m[K, squat_pose_fl);
      |                                                                                    [01;31m[K^~~~~~~~~~~~~[m[K
[01m[K/home/pth/pth/model/Go2_simulator/src/controls/go2_controller/src/go2_controller.cpp:217:99:[m[K [01;31m[Kerror: [m[K‘[01m[Ksquat_pose_fl[m[K’ was not declared in this scope
  217 |     TrajectoryPoint fl_target = Sinusoidal_Task(motion_start_time_, motion_period, stand_pose_fl, [01;31m[Ksquat_pose_fl[m[K);
      |                                                                                                   [01;31m[K^~~~~~~~~~~~~[m[K
[01m[K/home/pth/pth/model/Go2_simulator/src/controls/go2_controller/src/Trajectories.cpp:[m[K In member function ‘[01m[KEigen::Vector3d go2_controller::Quintic_Task(ros::Time&, double, Eigen::Vector3d&, Eigen::Vector3d&)[m[K’:
[01m[K/home/pth/pth/model/Go2_simulator/src/controls/go2_controller/src/Trajectories.cpp:78:1:[m[K [01;35m[Kwarning: [m[Kcontrol reaches end of non-void function [[01;35m[K-Wreturn-type[m[K]
   78 | [01;35m[K}[m[K
      | [01;35m[K^[m[K
[01m[K/home/pth/pth/model/Go2_simulator/src/controls/go2_controller/src/go2_controller.cpp:[m[K In member function ‘[01m[Kvoid go2_controller::Init()[m[K’:
[01m[K/home/pth/pth/model/Go2_simulator/src/controls/go2_controller/src/go2_controller.cpp:6:11:[m[K [01;35m[Kwarning: [m[Kignoring return value of ‘[01m[Kint system(const char*)[m[K’, declared with attribute warn_unused_result [[01;35m[K-Wunused-result[m[K]
    6 |     [01;35m[Ksystem("clear")[m[K;
      |     [01;35m[K~~~~~~^~~~~~~~~[m[K
make[2]: *** [CMakeFiles/go2_controller.dir/build.make:79: CMakeFiles/go2_controller.dir/src/go2_controller.cpp.o] Error 1
make[2]: *** Waiting for unfinished jobs....
make[1]: *** [CMakeFiles/Makefile2:2729: CMakeFiles/go2_controller.dir/all] Error 2
make: *** [Makefile:146: all] Error 2
