[01m[K/home/pth/pth/model/Go2_simulator/src/controls/go2_controller/src/go2_controller.cpp:[m[K In member function ‘[01m[Kvoid go2_controller::Swing_Control()[m[K’:
[01m[K/home/pth/pth/model/Go2_simulator/src/controls/go2_controller/src/go2_controller.cpp:399:13:[m[K [01;31m[Kerror: [m[K‘[01m[KLeg_Force[m[K’ was not declared in this scope
  399 |             [01;31m[KLeg_Force[m[K[FL] = 100.0 * (EE_Pose_desired[FL] - ee_pose[FL]) - 1.0 * ee_vel[FL];
      |             [01;31m[K^~~~~~~~~[m[K
[01m[K/home/pth/pth/model/Go2_simulator/src/controls/go2_controller/src/go2_controller.cpp:416:13:[m[K [01;31m[Kerror: [m[K‘[01m[KLeg_Force[m[K’ was not declared in this scope
  416 |             [01;31m[KLeg_Force[m[K[FR] = 100.0 * (EE_Pose_desired[FR] - ee_pose[FR]) - 1.0 * ee_vel[FR];
      |             [01;31m[K^~~~~~~~~[m[K
[01m[K/home/pth/pth/model/Go2_simulator/src/controls/go2_controller/src/go2_controller.cpp:[m[K In member function ‘[01m[Kvoid go2_controller::Posture_Control()[m[K’:
[01m[K/home/pth/pth/model/Go2_simulator/src/controls/go2_controller/src/go2_controller.cpp:434:78:[m[K [01;31m[Kerror: [m[K‘[01m[KLeg_Force[m[K’ was not declared in this scope
  434 |             torque_.segment<3>(3) = jacobian.block<3, 3>(0, 3).transpose() * [01;31m[KLeg_Force[m[K[FR];
      |                                                                              [01;31m[K^~~~~~~~~[m[K
[01m[K/home/pth/pth/model/Go2_simulator/src/controls/go2_controller/src/go2_controller.cpp:446:78:[m[K [01;31m[Kerror: [m[K‘[01m[KLeg_Force[m[K’ was not declared in this scope
  446 |             torque_.segment<3>(0) = jacobian.block<3, 3>(0, 0).transpose() * [01;31m[KLeg_Force[m[K[FL];
      |                                                                              [01;31m[K^~~~~~~~~[m[K
[01m[K/home/pth/pth/model/Go2_simulator/src/controls/go2_controller/src/go2_controller.cpp:[m[K In member function ‘[01m[Kvoid go2_controller::Init()[m[K’:
[01m[K/home/pth/pth/model/Go2_simulator/src/controls/go2_controller/src/go2_controller.cpp:6:11:[m[K [01;35m[Kwarning: [m[Kignoring return value of ‘[01m[Kint system(const char*)[m[K’, declared with attribute warn_unused_result [[01;35m[K-Wunused-result[m[K]
    6 |     [01;35m[Ksystem("clear")[m[K;
      |     [01;35m[K~~~~~~^~~~~~~~~[m[K
make[2]: *** [CMakeFiles/go2_controller.dir/build.make:79: CMakeFiles/go2_controller.dir/src/go2_controller.cpp.o] Error 1
make[1]: *** [CMakeFiles/Makefile2:2775: CMakeFiles/go2_controller.dir/all] Error 2
make: *** [Makefile:146: all] Error 2
