In file included from [01m[K/usr/include/eigen3/Eigen/Core:366[m[K,
                 from [01m[K/usr/include/eigen3/Eigen/Dense:1[m[K,
                 from [01m[K/home/pth/pth/model/Go2_simulator/src/controls/go2_controller/include/Tools/SingleRigidBody.hpp:5[m[K,
                 from [01m[K/home/pth/pth/model/Go2_simulator/src/controls/go2_controller/include/Tools/SingleRigidBody.cpp:1[m[K:
/usr/include/eigen3/Eigen/src/Core/AssignEvaluator.h: In instantiation of ‘[01m[Kvoid Eigen::internal::call_assignment_no_alias(Dst&, const Src&, const Func&) [with Dst = Eigen::Matrix<double, 12, 12, 0, 12, 12>; Src = Eigen::CwiseBinaryOp<Eigen::internal::scalar_product_op<double, double>, const Eigen::CwiseNullaryOp<Eigen::internal::scalar_constant_op<double>, const Eigen::Matrix<double, 3, 3> >, const Eigen::CwiseNullaryOp<Eigen::internal::scalar_identity_op<double>, Eigen::Matrix<double, 3, 3> > >; Func = Eigen::internal::assign_op<double, double>][m[K’:
[01m[K/usr/include/eigen3/Eigen/src/Core/PlainObjectBase.h:732:41:[m[K   required from ‘[01m[KDerived& Eigen::PlainObjectBase<Derived>::_set_noalias(const Eigen::DenseBase<OtherDerived>&) [with OtherDerived = Eigen::CwiseBinaryOp<Eigen::internal::scalar_product_op<double, double>, const Eigen::CwiseNullaryOp<Eigen::internal::scalar_constant_op<double>, const Eigen::Matrix<double, 3, 3> >, const Eigen::CwiseNullaryOp<Eigen::internal::scalar_identity_op<double>, Eigen::Matrix<double, 3, 3> > >; Derived = Eigen::Matrix<double, 12, 12, 0, 12, 12>][m[K’
[01m[K/usr/include/eigen3/Eigen/src/Core/PlainObjectBase.h:537:7:[m[K   required from ‘[01m[KEigen::PlainObjectBase<Derived>::PlainObjectBase(const Eigen::DenseBase<OtherDerived>&) [with OtherDerived = Eigen::CwiseBinaryOp<Eigen::internal::scalar_product_op<double, double>, const Eigen::CwiseNullaryOp<Eigen::internal::scalar_constant_op<double>, const Eigen::Matrix<double, 3, 3> >, const Eigen::CwiseNullaryOp<Eigen::internal::scalar_identity_op<double>, Eigen::Matrix<double, 3, 3> > >; Derived = Eigen::Matrix<double, 12, 12, 0, 12, 12>][m[K’
[01m[K/usr/include/eigen3/Eigen/src/Core/Matrix.h:377:29:[m[K   required from ‘[01m[KEigen::Matrix<_Scalar, _Rows, _Cols, _Options, _MaxRows, _MaxCols>::Matrix(const Eigen::EigenBase<OtherDerived>&) [with OtherDerived = Eigen::CwiseBinaryOp<Eigen::internal::scalar_product_op<double, double>, const Eigen::CwiseNullaryOp<Eigen::internal::scalar_constant_op<double>, const Eigen::Matrix<double, 3, 3> >, const Eigen::CwiseNullaryOp<Eigen::internal::scalar_identity_op<double>, Eigen::Matrix<double, 3, 3> > >; _Scalar = double; int _Rows = 12; int _Cols = 12; int _Options = 0; int _MaxRows = 12; int _MaxCols = 12][m[K’
[01m[K/home/pth/pth/model/Go2_simulator/src/controls/go2_controller/include/Tools/SingleRigidBody.cpp:99:79:[m[K   required from here
[01m[K/usr/include/eigen3/Eigen/src/Core/util/StaticAssert.h:174:5:[m[K [01;31m[Kerror: [m[Kstatic assertion failed: YOU_MIXED_MATRICES_OF_DIFFERENT_SIZES
  172 |      [01;31m[K( \[m[K
      |      [01;31m[K~~~[m[K
  173 | [01;31m[K        (int(Eigen::internal::size_of_xpr_at_compile_time<TYPE0>::ret)==0 && int(Eigen::internal::size_of_xpr_at_compile_time<TYPE1>::ret)==0) \[m[K
      |         [01;31m[K~~~~~~~~~~~~~~~~~~~~~~~~~~~~~~~~~~~~~~~~~~~~~~~~~~~~~~~~~~~~~~~~~~~~~~~~~~~~~~~~~~~~~~~~~~~~~~~~~~~~~~~~~~~~~~~~~~~~~~~~~~~~~~~~~~~~~~~~[m[K
  174 | [01;31m[K    || (\[m[K
      |     [01;31m[K^~~~~[m[K
  175 | [01;31m[K          (int(TYPE0::RowsAtCompileTime)==Eigen::Dynamic \[m[K
      |           [01;31m[K~~~~~~~~~~~~~~~~~~~~~~~~~~~~~~~~~~~~~~~~~~~~~~~~[m[K
  176 | [01;31m[K        || int(TYPE1::RowsAtCompileTime)==Eigen::Dynamic \[m[K
      |         [01;31m[K~~~~~~~~~~~~~~~~~~~~~~~~~~~~~~~~~~~~~~~~~~~~~~~~~~[m[K
  177 | [01;31m[K        || int(TYPE0::RowsAtCompileTime)==int(TYPE1::RowsAtCompileTime)) \[m[K
      |         [01;31m[K~~~~~~~~~~~~~~~~~~~~~~~~~~~~~~~~~~~~~~~~~~~~~~~~~~~~~~~~~~~~~~~~~~[m[K
  178 | [01;31m[K      &&  (int(TYPE0::ColsAtCompileTime)==Eigen::Dynamic \[m[K
      |       [01;31m[K~~~~~~~~~~~~~~~~~~~~~~~~~~~~~~~~~~~~~~~~~~~~~~~~~~~~[m[K
  179 | [01;31m[K        || int(TYPE1::ColsAtCompileTime)==Eigen::Dynamic \[m[K
      |         [01;31m[K~~~~~~~~~~~~~~~~~~~~~~~~~~~~~~~~~~~~~~~~~~~~~~~~~~[m[K
  180 | [01;31m[K        || int(TYPE0::ColsAtCompileTime)==int(TYPE1::ColsAtCompileTime))\[m[K
      |         [01;31m[K~~~~~~~~~~~~~~~~~~~~~~~~~~~~~~~~~~~~~~~~~~~~~~~~~~~~~~~~~~~~~~~~~[m[K
  181 | [01;31m[K       ) \[m[K
      |        [01;31m[K~~~[m[K
  182 | [01;31m[K     )[m[K
      |      [01;31m[K~[m[K
[01m[K/usr/include/eigen3/Eigen/src/Core/util/StaticAssert.h:33:54:[m[K [01;36m[Knote: [m[Kin definition of macro ‘[01m[KEIGEN_STATIC_ASSERT[m[K’
   33 |     #define EIGEN_STATIC_ASSERT(X,MSG) static_assert([01;36m[KX[m[K,#MSG);
      |                                                      [01;36m[K^[m[K
[01m[K/usr/include/eigen3/Eigen/src/Core/util/StaticAssert.h:191:6:[m[K [01;36m[Knote: [m[Kin expansion of macro ‘[01m[KEIGEN_PREDICATE_SAME_MATRIX_SIZE[m[K’
  191 |      [01;36m[KEIGEN_PREDICATE_SAME_MATRIX_SIZE[m[K(TYPE0,TYPE1),\
      |      [01;36m[K^~~~~~~~~~~~~~~~~~~~~~~~~~~~~~~~[m[K
[01m[K/usr/include/eigen3/Eigen/src/Core/AssignEvaluator.h:833:3:[m[K [01;36m[Knote: [m[Kin expansion of macro ‘[01m[KEIGEN_STATIC_ASSERT_SAME_MATRIX_SIZE[m[K’
  833 |   [01;36m[KEIGEN_STATIC_ASSERT_SAME_MATRIX_SIZE[m[K(ActualDstTypeCleaned,Src)
      |   [01;36m[K^~~~~~~~~~~~~~~~~~~~~~~~~~~~~~~~~~~~[m[K
[01m[K/home/pth/pth/model/Go2_simulator/src/controls/go2_controller/include/Tools/Trajectories.cpp:[m[K In member function ‘[01m[KTrajectoryPoint Trajectories::Quintic_Task(ros::Time&, double, const Vector3d&, const Vector3d&)[m[K’:
[01m[K/home/pth/pth/model/Go2_simulator/src/controls/go2_controller/include/Tools/Trajectories.cpp:71:41:[m[K [01;31m[Kerror: [m[K‘[01m[KEE_Pose_FL_desired[m[K’ was not declared in this scope
   71 |         Eigen::Vector3d initial_error = [01;31m[KEE_Pose_FL_desired[m[K - EE_Pose_FL;
      |                                         [01;31m[K^~~~~~~~~~~~~~~~~~[m[K
[01m[K/home/pth/pth/model/Go2_simulator/src/controls/go2_controller/include/Tools/Trajectories.cpp:71:62:[m[K [01;31m[Kerror: [m[K‘[01m[KEE_Pose_FL[m[K’ was not declared in this scope
   71 |         Eigen::Vector3d initial_error = EE_Pose_FL_desired - [01;31m[KEE_Pose_FL[m[K;
      |                                                              [01;31m[K^~~~~~~~~~[m[K
[01m[K/home/pth/pth/model/Go2_simulator/src/controls/go2_controller/include/Tools/Trajectories.cpp:[m[K At global scope:
[01m[K/home/pth/pth/model/Go2_simulator/src/controls/go2_controller/include/Tools/Trajectories.cpp:99:17:[m[K [01;31m[Kerror: [m[K‘[01m[Kgo2_controller[m[K’ has not been declared
   99 | TrajectoryPoint [01;31m[Kgo2_controller[m[K::Sinusoidal_Task(ros::Time &start_time, double period,
      |                 [01;31m[K^~~~~~~~~~~~~~[m[K
[01m[K/home/pth/pth/model/Go2_simulator/src/controls/go2_controller/include/Tools/Trajectories.cpp:[m[K In member function ‘[01m[KEigen::VectorXd Trajectories::Quintic_Joint(ros::Time&, double, const VectorXd&, const VectorXd&)[m[K’:
[01m[K/home/pth/pth/model/Go2_simulator/src/controls/go2_controller/include/Tools/Trajectories.cpp:159:9:[m[K [01;31m[Kerror: [m[K‘[01m[Kq_desired[m[K’ was not declared in this scope
  159 |         [01;31m[Kq_desired[m[K = q;
      |         [01;31m[K^~~~~~~~~[m[K
[01m[K/home/pth/pth/model/Go2_simulator/src/controls/go2_controller/include/Tools/Trajectories.cpp:172:9:[m[K [01;31m[Kerror: [m[K‘[01m[Kq_desired[m[K’ was not declared in this scope
  172 |         [01;31m[Kq_desired[m[K = (T_vec * A).transpose(); // 12 x 1 열벡터가 된다.
      |         [01;31m[K^~~~~~~~~[m[K
[01m[K/home/pth/pth/model/Go2_simulator/src/controls/go2_controller/include/Tools/Trajectories.cpp:[m[K At global scope:
[01m[K/home/pth/pth/model/Go2_simulator/src/controls/go2_controller/include/Tools/Trajectories.cpp:177:17:[m[K [01;31m[Kerror: [m[Kno declaration matches ‘[01m[KTrajectoryPoint Trajectories::Sinusoidal_Task()[m[K’
  177 | TrajectoryPoint [01;31m[KTrajectories[m[K::Sinusoidal_Task()
      |                 [01;31m[K^~~~~~~~~~~~[m[K
In file included from [01m[K/home/pth/pth/model/Go2_simulator/src/controls/go2_controller/include/Tools/Trajectories.cpp:1[m[K:
[01m[K/home/pth/pth/model/Go2_simulator/src/controls/go2_controller/include/Tools/Trajectories.hpp:47:21:[m[K [01;36m[Knote: [m[Kcandidate is: ‘[01m[KTrajectoryPoint Trajectories::Sinusoidal_Task(ros::Time&, double, const Vector3d&, const Vector3d&)[m[K’
   47 |     TrajectoryPoint [01;36m[KSinusoidal_Task[m[K(ros::Time &start_time, double period,
      |                     [01;36m[K^~~~~~~~~~~~~~~[m[K
In file included from [01m[K/home/pth/pth/model/Go2_simulator/src/controls/go2_controller/include/Tools/Trajectories.cpp:1[m[K:
[01m[K/home/pth/pth/model/Go2_simulator/src/controls/go2_controller/include/Tools/Trajectories.hpp:15:7:[m[K [01;36m[Knote: [m[K‘[01m[Kclass Trajectories[m[K’ defined here
   15 | class [01;36m[KTrajectories[m[K
      |       [01;36m[K^~~~~~~~~~~~[m[K
[01m[K/home/pth/pth/model/Go2_simulator/src/controls/go2_controller/include/Tools/Trajectories.cpp:[m[K In member function ‘[01m[KEigen::VectorXd Trajectories::Sinusoidal_Joint()[m[K’:
[01m[K/home/pth/pth/model/Go2_simulator/src/controls/go2_controller/include/Tools/Trajectories.cpp:184:5:[m[K [01;31m[Kerror: [m[Kreturn-statement with no value, in function returning ‘[01m[KEigen::VectorXd[m[K’ {aka ‘[01m[KEigen::Matrix<double, -1, 1>[m[K’} [[01;31m[K-fpermissive[m[K]
  184 |     [01;31m[Kreturn[m[K;
      |     [01;31m[K^~~~~~[m[K
make[2]: *** [include/Tools/CMakeFiles/Tools.dir/build.make:79: include/Tools/CMakeFiles/Tools.dir/SingleRigidBody.cpp.o] Error 1
make[2]: *** Waiting for unfinished jobs....
make[2]: *** [include/Tools/CMakeFiles/Tools.dir/build.make:107: include/Tools/CMakeFiles/Tools.dir/Trajectories.cpp.o] Error 1
make[1]: *** [CMakeFiles/Makefile2:3113: include/Tools/CMakeFiles/Tools.dir/all] Error 2
make: *** [Makefile:146: all] Error 2
