[01m[Kc++:[m[K [01;31m[Kerror: [m[K/home/pth/pth/model/Go2_simulator/src/controls/go2_controller/src/Kinematics.cpp: No such file or directory
[01m[Kc++:[m[K [01;31m[Kfatal error: [m[Kno input files
compilation terminated.
make[2]: *** [CMakeFiles/go2_controller.dir/build.make:93: CMakeFiles/go2_controller.dir/src/Kinematics.cpp.o] Error 1
make[2]: *** Waiting for unfinished jobs....
[01m[K/home/pth/pth/model/Go2_simulator/src/controls/go2_controller/src/go2_controller.cpp:[m[K In member function ‘[01m[Kvoid go2_controller::Command(bool)[m[K’:
[01m[K/home/pth/pth/model/Go2_simulator/src/controls/go2_controller/src/go2_controller.cpp:46:14:[m[K [01;31m[Kerror: [m[K‘[01m[Kclass Kinematics[m[K’ has no member named ‘[01m[KJacobians_URDF[m[K’
   46 |         KINE.[01;31m[KJacobians_URDF[m[K(q_);
      |              [01;31m[K^~~~~~~~~~~~~~[m[K
[01m[K/home/pth/pth/model/Go2_simulator/src/controls/go2_controller/src/go2_controller.cpp:[m[K In member function ‘[01m[Kvoid go2_controller::Squating()[m[K’:
[01m[K/home/pth/pth/model/Go2_simulator/src/controls/go2_controller/src/go2_controller.cpp:222:41:[m[K [01;31m[Kerror: [m[K‘[01m[KEigen::Vector3d Kinematics::EE_Pose_FL[m[K’ is private within this context
  222 |                 EE_Pose_FL_start = KINE.[01;31m[KEE_Pose_FL[m[K;
      |                                         [01;31m[K^~~~~~~~~~[m[K
In file included from [01m[K/home/pth/pth/model/Go2_simulator/src/controls/go2_controller/include/go2_controller.h:40[m[K,
                 from [01m[K/home/pth/pth/model/Go2_simulator/src/controls/go2_controller/src/go2_controller.cpp:1[m[K:
[01m[K/home/pth/pth/model/Go2_simulator/src/controls/go2_controller/include/Tools/Kinematics.hpp:27:21:[m[K [01;36m[Knote: [m[Kdeclared private here
   27 |     Eigen::Vector3d [01;36m[KEE_Pose_FL[m[K  {Eigen::Vector3d::Zero()};
      |                     [01;36m[K^~~~~~~~~~[m[K
[01m[K/home/pth/pth/model/Go2_simulator/src/controls/go2_controller/src/go2_controller.cpp:223:41:[m[K [01;31m[Kerror: [m[K‘[01m[KEigen::Vector3d Kinematics::EE_Pose_FR[m[K’ is private within this context
  223 |                 EE_Pose_FR_start = KINE.[01;31m[KEE_Pose_FR[m[K;
      |                                         [01;31m[K^~~~~~~~~~[m[K
In file included from [01m[K/home/pth/pth/model/Go2_simulator/src/controls/go2_controller/include/go2_controller.h:40[m[K,
                 from [01m[K/home/pth/pth/model/Go2_simulator/src/controls/go2_controller/src/go2_controller.cpp:1[m[K:
[01m[K/home/pth/pth/model/Go2_simulator/src/controls/go2_controller/include/Tools/Kinematics.hpp:28:21:[m[K [01;36m[Knote: [m[Kdeclared private here
   28 |     Eigen::Vector3d [01;36m[KEE_Pose_FR[m[K  {Eigen::Vector3d::Zero()};
      |                     [01;36m[K^~~~~~~~~~[m[K
[01m[K/home/pth/pth/model/Go2_simulator/src/controls/go2_controller/src/go2_controller.cpp:224:41:[m[K [01;31m[Kerror: [m[K‘[01m[KEigen::Vector3d Kinematics::EE_Pose_RL[m[K’ is private within this context
  224 |                 EE_Pose_RL_start = KINE.[01;31m[KEE_Pose_RL[m[K;
      |                                         [01;31m[K^~~~~~~~~~[m[K
In file included from [01m[K/home/pth/pth/model/Go2_simulator/src/controls/go2_controller/include/go2_controller.h:40[m[K,
                 from [01m[K/home/pth/pth/model/Go2_simulator/src/controls/go2_controller/src/go2_controller.cpp:1[m[K:
[01m[K/home/pth/pth/model/Go2_simulator/src/controls/go2_controller/include/Tools/Kinematics.hpp:29:21:[m[K [01;36m[Knote: [m[Kdeclared private here
   29 |     Eigen::Vector3d [01;36m[KEE_Pose_RL[m[K  {Eigen::Vector3d::Zero()};
      |                     [01;36m[K^~~~~~~~~~[m[K
[01m[K/home/pth/pth/model/Go2_simulator/src/controls/go2_controller/src/go2_controller.cpp:225:41:[m[K [01;31m[Kerror: [m[K‘[01m[KEigen::Vector3d Kinematics::EE_Pose_RR[m[K’ is private within this context
  225 |                 EE_Pose_RR_start = KINE.[01;31m[KEE_Pose_RR[m[K;
      |                                         [01;31m[K^~~~~~~~~~[m[K
In file included from [01m[K/home/pth/pth/model/Go2_simulator/src/controls/go2_controller/include/go2_controller.h:40[m[K,
                 from [01m[K/home/pth/pth/model/Go2_simulator/src/controls/go2_controller/src/go2_controller.cpp:1[m[K:
[01m[K/home/pth/pth/model/Go2_simulator/src/controls/go2_controller/include/Tools/Kinematics.hpp:30:21:[m[K [01;36m[Knote: [m[Kdeclared private here
   30 |     Eigen::Vector3d [01;36m[KEE_Pose_RR[m[K  {Eigen::Vector3d::Zero()};
      |                     [01;36m[K^~~~~~~~~~[m[K
[01m[K/home/pth/pth/model/Go2_simulator/src/controls/go2_controller/src/go2_controller.cpp:[m[K In member function ‘[01m[Kvoid go2_controller::DataStream()[m[K’:
[01m[K/home/pth/pth/model/Go2_simulator/src/controls/go2_controller/src/go2_controller.cpp:456:27:[m[K [01;31m[Kerror: [m[K‘[01m[KEE_Pose_FL[m[K’ was not declared in this scope; did you mean ‘[01m[KEE_Pose_FL_start[m[K’?
  456 |     TH_msg.data.push_back([01;31m[KEE_Pose_FL[m[K(X));
      |                           [01;31m[K^~~~~~~~~~[m[K
      |                           [32m[KEE_Pose_FL_start[m[K
[01m[K/home/pth/pth/model/Go2_simulator/src/controls/go2_controller/src/go2_controller.cpp:[m[K In member function ‘[01m[Kvoid go2_controller::Init()[m[K’:
[01m[K/home/pth/pth/model/Go2_simulator/src/controls/go2_controller/src/go2_controller.cpp:6:11:[m[K [01;35m[Kwarning: [m[Kignoring return value of ‘[01m[Kint system(const char*)[m[K’, declared with attribute warn_unused_result [[01;35m[K-Wunused-result[m[K]
    6 |     [01;35m[Ksystem("clear")[m[K;
      |     [01;35m[K~~~~~~^~~~~~~~~[m[K
make[2]: *** [CMakeFiles/go2_controller.dir/build.make:79: CMakeFiles/go2_controller.dir/src/go2_controller.cpp.o] Error 1
make[1]: *** [CMakeFiles/Makefile2:2729: CMakeFiles/go2_controller.dir/all] Error 2
make: *** [Makefile:146: all] Error 2
