[01m[K/home/pth/pth/model/Go2_simulator/src/controls/go2_controller/src/go2_controller.cpp:[m[K In member function ‘[01m[Kvoid go2_controller::Squating()[m[K’:
[01m[K/home/pth/pth/model/Go2_simulator/src/controls/go2_controller/src/go2_controller.cpp:204:51:[m[K [01;31m[Kerror: [m[Kno match for call to ‘[01m[K(Eigen::Vector3d {aka Eigen::Matrix<double, 3, 1>}) (double, double, double)[m[K’
  204 |                 EE_Pose_FL_start(0.20, 0.13, -0.31[01;31m[K)[m[K;
      |                                                   [01;31m[K^[m[K
In file included from [01m[K/usr/include/eigen3/Eigen/Core:434[m[K,
                 from [01m[K/usr/include/eigen3/Eigen/Dense:1[m[K,
                 from [01m[K/home/pth/pth/model/Go2_simulator/src/controls/go2_controller/include/go2_controller.h:37[m[K,
                 from [01m[K/home/pth/pth/model/Go2_simulator/src/controls/go2_controller/src/go2_controller.cpp:1[m[K:
[01m[K/usr/include/eigen3/Eigen/src/Core/DenseCoeffsBase.h:115:41:[m[K [01;36m[Knote: [m[Kcandidate: ‘[01m[KEigen::DenseCoeffsBase<Derived, 0>::CoeffReturnType Eigen::DenseCoeffsBase<Derived, 0>::operator()(Eigen::Index, Eigen::Index) const [with Derived = Eigen::Matrix<double, 3, 1>; Eigen::DenseCoeffsBase<Derived, 0>::CoeffReturnType = const double&; Eigen::Index = long int][m[K’
  115 |     EIGEN_STRONG_INLINE CoeffReturnType [01;36m[Koperator[m[K()(Index row, Index col) const
      |                                         [01;36m[K^~~~~~~~[m[K
[01m[K/usr/include/eigen3/Eigen/src/Core/DenseCoeffsBase.h:115:41:[m[K [01;36m[Knote: [m[K  candidate expects 2 arguments, 3 provided
[01m[K/usr/include/eigen3/Eigen/src/Core/DenseCoeffsBase.h:178:5:[m[K [01;36m[Knote: [m[Kcandidate: ‘[01m[KEigen::DenseCoeffsBase<Derived, 0>::CoeffReturnType Eigen::DenseCoeffsBase<Derived, 0>::operator()(Eigen::Index) const [with Derived = Eigen::Matrix<double, 3, 1>; Eigen::DenseCoeffsBase<Derived, 0>::CoeffReturnType = const double&; Eigen::Index = long int][m[K’
  178 |     [01;36m[Koperator[m[K()(Index index) const
      |     [01;36m[K^~~~~~~~[m[K
[01m[K/usr/include/eigen3/Eigen/src/Core/DenseCoeffsBase.h:178:5:[m[K [01;36m[Knote: [m[K  candidate expects 1 argument, 3 provided
[01m[K/usr/include/eigen3/Eigen/src/Core/DenseCoeffsBase.h:423:5:[m[K [01;36m[Knote: [m[Kcandidate: ‘[01m[KEigen::DenseCoeffsBase<Derived, 1>::Scalar& Eigen::DenseCoeffsBase<Derived, 1>::operator()(Eigen::Index) [with Derived = Eigen::Matrix<double, 3, 1>; Eigen::DenseCoeffsBase<Derived, 1>::Scalar = double; Eigen::Index = long int][m[K’
  423 |     [01;36m[Koperator[m[K()(Index index)
      |     [01;36m[K^~~~~~~~[m[K
[01m[K/usr/include/eigen3/Eigen/src/Core/DenseCoeffsBase.h:423:5:[m[K [01;36m[Knote: [m[K  candidate expects 1 argument, 3 provided
[01m[K/usr/include/eigen3/Eigen/src/Core/DenseCoeffsBase.h:362:5:[m[K [01;36m[Knote: [m[Kcandidate: ‘[01m[KEigen::DenseCoeffsBase<Derived, 1>::Scalar& Eigen::DenseCoeffsBase<Derived, 1>::operator()(Eigen::Index, Eigen::Index) [with Derived = Eigen::Matrix<double, 3, 1>; Eigen::DenseCoeffsBase<Derived, 1>::Scalar = double; Eigen::Index = long int][m[K’
  362 |     [01;36m[Koperator[m[K()(Index row, Index col)
      |     [01;36m[K^~~~~~~~[m[K
[01m[K/usr/include/eigen3/Eigen/src/Core/DenseCoeffsBase.h:362:5:[m[K [01;36m[Knote: [m[K  candidate expects 2 arguments, 3 provided
[01m[K/home/pth/pth/model/Go2_simulator/src/controls/go2_controller/src/go2_controller.cpp:205:52:[m[K [01;31m[Kerror: [m[Kno match for call to ‘[01m[K(Eigen::Vector3d {aka Eigen::Matrix<double, 3, 1>}) (double, double, double)[m[K’
  205 |                 EE_Pose_FR_start(0.20, -0.13, -0.31[01;31m[K)[m[K;
      |                                                    [01;31m[K^[m[K
In file included from [01m[K/usr/include/eigen3/Eigen/Core:434[m[K,
                 from [01m[K/usr/include/eigen3/Eigen/Dense:1[m[K,
                 from [01m[K/home/pth/pth/model/Go2_simulator/src/controls/go2_controller/include/go2_controller.h:37[m[K,
                 from [01m[K/home/pth/pth/model/Go2_simulator/src/controls/go2_controller/src/go2_controller.cpp:1[m[K:
[01m[K/usr/include/eigen3/Eigen/src/Core/DenseCoeffsBase.h:115:41:[m[K [01;36m[Knote: [m[Kcandidate: ‘[01m[KEigen::DenseCoeffsBase<Derived, 0>::CoeffReturnType Eigen::DenseCoeffsBase<Derived, 0>::operator()(Eigen::Index, Eigen::Index) const [with Derived = Eigen::Matrix<double, 3, 1>; Eigen::DenseCoeffsBase<Derived, 0>::CoeffReturnType = const double&; Eigen::Index = long int][m[K’
  115 |     EIGEN_STRONG_INLINE CoeffReturnType [01;36m[Koperator[m[K()(Index row, Index col) const
      |                                         [01;36m[K^~~~~~~~[m[K
[01m[K/usr/include/eigen3/Eigen/src/Core/DenseCoeffsBase.h:115:41:[m[K [01;36m[Knote: [m[K  candidate expects 2 arguments, 3 provided
[01m[K/usr/include/eigen3/Eigen/src/Core/DenseCoeffsBase.h:178:5:[m[K [01;36m[Knote: [m[Kcandidate: ‘[01m[KEigen::DenseCoeffsBase<Derived, 0>::CoeffReturnType Eigen::DenseCoeffsBase<Derived, 0>::operator()(Eigen::Index) const [with Derived = Eigen::Matrix<double, 3, 1>; Eigen::DenseCoeffsBase<Derived, 0>::CoeffReturnType = const double&; Eigen::Index = long int][m[K’
  178 |     [01;36m[Koperator[m[K()(Index index) const
      |     [01;36m[K^~~~~~~~[m[K
[01m[K/usr/include/eigen3/Eigen/src/Core/DenseCoeffsBase.h:178:5:[m[K [01;36m[Knote: [m[K  candidate expects 1 argument, 3 provided
[01m[K/usr/include/eigen3/Eigen/src/Core/DenseCoeffsBase.h:423:5:[m[K [01;36m[Knote: [m[Kcandidate: ‘[01m[KEigen::DenseCoeffsBase<Derived, 1>::Scalar& Eigen::DenseCoeffsBase<Derived, 1>::operator()(Eigen::Index) [with Derived = Eigen::Matrix<double, 3, 1>; Eigen::DenseCoeffsBase<Derived, 1>::Scalar = double; Eigen::Index = long int][m[K’
  423 |     [01;36m[Koperator[m[K()(Index index)
      |     [01;36m[K^~~~~~~~[m[K
[01m[K/usr/include/eigen3/Eigen/src/Core/DenseCoeffsBase.h:423:5:[m[K [01;36m[Knote: [m[K  candidate expects 1 argument, 3 provided
[01m[K/usr/include/eigen3/Eigen/src/Core/DenseCoeffsBase.h:362:5:[m[K [01;36m[Knote: [m[Kcandidate: ‘[01m[KEigen::DenseCoeffsBase<Derived, 1>::Scalar& Eigen::DenseCoeffsBase<Derived, 1>::operator()(Eigen::Index, Eigen::Index) [with Derived = Eigen::Matrix<double, 3, 1>; Eigen::DenseCoeffsBase<Derived, 1>::Scalar = double; Eigen::Index = long int][m[K’
  362 |     [01;36m[Koperator[m[K()(Index row, Index col)
      |     [01;36m[K^~~~~~~~[m[K
[01m[K/usr/include/eigen3/Eigen/src/Core/DenseCoeffsBase.h:362:5:[m[K [01;36m[Knote: [m[K  candidate expects 2 arguments, 3 provided
[01m[K/home/pth/pth/model/Go2_simulator/src/controls/go2_controller/src/go2_controller.cpp:206:52:[m[K [01;31m[Kerror: [m[Kno match for call to ‘[01m[K(Eigen::Vector3d {aka Eigen::Matrix<double, 3, 1>}) (double, double, double)[m[K’
  206 |                 EE_Pose_RL_start(-0.18, 0.13, -0.31[01;31m[K)[m[K;
      |                                                    [01;31m[K^[m[K
In file included from [01m[K/usr/include/eigen3/Eigen/Core:434[m[K,
                 from [01m[K/usr/include/eigen3/Eigen/Dense:1[m[K,
                 from [01m[K/home/pth/pth/model/Go2_simulator/src/controls/go2_controller/include/go2_controller.h:37[m[K,
                 from [01m[K/home/pth/pth/model/Go2_simulator/src/controls/go2_controller/src/go2_controller.cpp:1[m[K:
[01m[K/usr/include/eigen3/Eigen/src/Core/DenseCoeffsBase.h:115:41:[m[K [01;36m[Knote: [m[Kcandidate: ‘[01m[KEigen::DenseCoeffsBase<Derived, 0>::CoeffReturnType Eigen::DenseCoeffsBase<Derived, 0>::operator()(Eigen::Index, Eigen::Index) const [with Derived = Eigen::Matrix<double, 3, 1>; Eigen::DenseCoeffsBase<Derived, 0>::CoeffReturnType = const double&; Eigen::Index = long int][m[K’
  115 |     EIGEN_STRONG_INLINE CoeffReturnType [01;36m[Koperator[m[K()(Index row, Index col) const
      |                                         [01;36m[K^~~~~~~~[m[K
[01m[K/usr/include/eigen3/Eigen/src/Core/DenseCoeffsBase.h:115:41:[m[K [01;36m[Knote: [m[K  candidate expects 2 arguments, 3 provided
[01m[K/usr/include/eigen3/Eigen/src/Core/DenseCoeffsBase.h:178:5:[m[K [01;36m[Knote: [m[Kcandidate: ‘[01m[KEigen::DenseCoeffsBase<Derived, 0>::CoeffReturnType Eigen::DenseCoeffsBase<Derived, 0>::operator()(Eigen::Index) const [with Derived = Eigen::Matrix<double, 3, 1>; Eigen::DenseCoeffsBase<Derived, 0>::CoeffReturnType = const double&; Eigen::Index = long int][m[K’
  178 |     [01;36m[Koperator[m[K()(Index index) const
      |     [01;36m[K^~~~~~~~[m[K
[01m[K/usr/include/eigen3/Eigen/src/Core/DenseCoeffsBase.h:178:5:[m[K [01;36m[Knote: [m[K  candidate expects 1 argument, 3 provided
[01m[K/usr/include/eigen3/Eigen/src/Core/DenseCoeffsBase.h:423:5:[m[K [01;36m[Knote: [m[Kcandidate: ‘[01m[KEigen::DenseCoeffsBase<Derived, 1>::Scalar& Eigen::DenseCoeffsBase<Derived, 1>::operator()(Eigen::Index) [with Derived = Eigen::Matrix<double, 3, 1>; Eigen::DenseCoeffsBase<Derived, 1>::Scalar = double; Eigen::Index = long int][m[K’
  423 |     [01;36m[Koperator[m[K()(Index index)
      |     [01;36m[K^~~~~~~~[m[K
[01m[K/usr/include/eigen3/Eigen/src/Core/DenseCoeffsBase.h:423:5:[m[K [01;36m[Knote: [m[K  candidate expects 1 argument, 3 provided
[01m[K/usr/include/eigen3/Eigen/src/Core/DenseCoeffsBase.h:362:5:[m[K [01;36m[Knote: [m[Kcandidate: ‘[01m[KEigen::DenseCoeffsBase<Derived, 1>::Scalar& Eigen::DenseCoeffsBase<Derived, 1>::operator()(Eigen::Index, Eigen::Index) [with Derived = Eigen::Matrix<double, 3, 1>; Eigen::DenseCoeffsBase<Derived, 1>::Scalar = double; Eigen::Index = long int][m[K’
  362 |     [01;36m[Koperator[m[K()(Index row, Index col)
      |     [01;36m[K^~~~~~~~[m[K
[01m[K/usr/include/eigen3/Eigen/src/Core/DenseCoeffsBase.h:362:5:[m[K [01;36m[Knote: [m[K  candidate expects 2 arguments, 3 provided
[01m[K/home/pth/pth/model/Go2_simulator/src/controls/go2_controller/src/go2_controller.cpp:207:53:[m[K [01;31m[Kerror: [m[Kno match for call to ‘[01m[K(Eigen::Vector3d {aka Eigen::Matrix<double, 3, 1>}) (double, double, double)[m[K’
  207 |                 EE_Pose_RR_start(-0.18, -0.13, -0.31[01;31m[K)[m[K;
      |                                                     [01;31m[K^[m[K
In file included from [01m[K/usr/include/eigen3/Eigen/Core:434[m[K,
                 from [01m[K/usr/include/eigen3/Eigen/Dense:1[m[K,
                 from [01m[K/home/pth/pth/model/Go2_simulator/src/controls/go2_controller/include/go2_controller.h:37[m[K,
                 from [01m[K/home/pth/pth/model/Go2_simulator/src/controls/go2_controller/src/go2_controller.cpp:1[m[K:
[01m[K/usr/include/eigen3/Eigen/src/Core/DenseCoeffsBase.h:115:41:[m[K [01;36m[Knote: [m[Kcandidate: ‘[01m[KEigen::DenseCoeffsBase<Derived, 0>::CoeffReturnType Eigen::DenseCoeffsBase<Derived, 0>::operator()(Eigen::Index, Eigen::Index) const [with Derived = Eigen::Matrix<double, 3, 1>; Eigen::DenseCoeffsBase<Derived, 0>::CoeffReturnType = const double&; Eigen::Index = long int][m[K’
  115 |     EIGEN_STRONG_INLINE CoeffReturnType [01;36m[Koperator[m[K()(Index row, Index col) const
      |                                         [01;36m[K^~~~~~~~[m[K
[01m[K/usr/include/eigen3/Eigen/src/Core/DenseCoeffsBase.h:115:41:[m[K [01;36m[Knote: [m[K  candidate expects 2 arguments, 3 provided
[01m[K/usr/include/eigen3/Eigen/src/Core/DenseCoeffsBase.h:178:5:[m[K [01;36m[Knote: [m[Kcandidate: ‘[01m[KEigen::DenseCoeffsBase<Derived, 0>::CoeffReturnType Eigen::DenseCoeffsBase<Derived, 0>::operator()(Eigen::Index) const [with Derived = Eigen::Matrix<double, 3, 1>; Eigen::DenseCoeffsBase<Derived, 0>::CoeffReturnType = const double&; Eigen::Index = long int][m[K’
  178 |     [01;36m[Koperator[m[K()(Index index) const
      |     [01;36m[K^~~~~~~~[m[K
[01m[K/usr/include/eigen3/Eigen/src/Core/DenseCoeffsBase.h:178:5:[m[K [01;36m[Knote: [m[K  candidate expects 1 argument, 3 provided
[01m[K/usr/include/eigen3/Eigen/src/Core/DenseCoeffsBase.h:423:5:[m[K [01;36m[Knote: [m[Kcandidate: ‘[01m[KEigen::DenseCoeffsBase<Derived, 1>::Scalar& Eigen::DenseCoeffsBase<Derived, 1>::operator()(Eigen::Index) [with Derived = Eigen::Matrix<double, 3, 1>; Eigen::DenseCoeffsBase<Derived, 1>::Scalar = double; Eigen::Index = long int][m[K’
  423 |     [01;36m[Koperator[m[K()(Index index)
      |     [01;36m[K^~~~~~~~[m[K
[01m[K/usr/include/eigen3/Eigen/src/Core/DenseCoeffsBase.h:423:5:[m[K [01;36m[Knote: [m[K  candidate expects 1 argument, 3 provided
[01m[K/usr/include/eigen3/Eigen/src/Core/DenseCoeffsBase.h:362:5:[m[K [01;36m[Knote: [m[Kcandidate: ‘[01m[KEigen::DenseCoeffsBase<Derived, 1>::Scalar& Eigen::DenseCoeffsBase<Derived, 1>::operator()(Eigen::Index, Eigen::Index) [with Derived = Eigen::Matrix<double, 3, 1>; Eigen::DenseCoeffsBase<Derived, 1>::Scalar = double; Eigen::Index = long int][m[K’
  362 |     [01;36m[Koperator[m[K()(Index row, Index col)
      |     [01;36m[K^~~~~~~~[m[K
[01m[K/usr/include/eigen3/Eigen/src/Core/DenseCoeffsBase.h:362:5:[m[K [01;36m[Knote: [m[K  candidate expects 2 arguments, 3 provided
[01m[K/home/pth/pth/model/Go2_simulator/src/controls/go2_controller/src/go2_controller.cpp:211:51:[m[K [01;31m[Kerror: [m[Kno match for call to ‘[01m[K(Eigen::Vector3d {aka Eigen::Matrix<double, 3, 1>}) (double, double, double)[m[K’
  211 |                 EE_Pose_FL_start(0.20, 0.13, -0.38[01;31m[K)[m[K;
      |                                                   [01;31m[K^[m[K
In file included from [01m[K/usr/include/eigen3/Eigen/Core:434[m[K,
                 from [01m[K/usr/include/eigen3/Eigen/Dense:1[m[K,
                 from [01m[K/home/pth/pth/model/Go2_simulator/src/controls/go2_controller/include/go2_controller.h:37[m[K,
                 from [01m[K/home/pth/pth/model/Go2_simulator/src/controls/go2_controller/src/go2_controller.cpp:1[m[K:
[01m[K/usr/include/eigen3/Eigen/src/Core/DenseCoeffsBase.h:115:41:[m[K [01;36m[Knote: [m[Kcandidate: ‘[01m[KEigen::DenseCoeffsBase<Derived, 0>::CoeffReturnType Eigen::DenseCoeffsBase<Derived, 0>::operator()(Eigen::Index, Eigen::Index) const [with Derived = Eigen::Matrix<double, 3, 1>; Eigen::DenseCoeffsBase<Derived, 0>::CoeffReturnType = const double&; Eigen::Index = long int][m[K’
  115 |     EIGEN_STRONG_INLINE CoeffReturnType [01;36m[Koperator[m[K()(Index row, Index col) const
      |                                         [01;36m[K^~~~~~~~[m[K
[01m[K/usr/include/eigen3/Eigen/src/Core/DenseCoeffsBase.h:115:41:[m[K [01;36m[Knote: [m[K  candidate expects 2 arguments, 3 provided
[01m[K/usr/include/eigen3/Eigen/src/Core/DenseCoeffsBase.h:178:5:[m[K [01;36m[Knote: [m[Kcandidate: ‘[01m[KEigen::DenseCoeffsBase<Derived, 0>::CoeffReturnType Eigen::DenseCoeffsBase<Derived, 0>::operator()(Eigen::Index) const [with Derived = Eigen::Matrix<double, 3, 1>; Eigen::DenseCoeffsBase<Derived, 0>::CoeffReturnType = const double&; Eigen::Index = long int][m[K’
  178 |     [01;36m[Koperator[m[K()(Index index) const
      |     [01;36m[K^~~~~~~~[m[K
[01m[K/usr/include/eigen3/Eigen/src/Core/DenseCoeffsBase.h:178:5:[m[K [01;36m[Knote: [m[K  candidate expects 1 argument, 3 provided
[01m[K/usr/include/eigen3/Eigen/src/Core/DenseCoeffsBase.h:423:5:[m[K [01;36m[Knote: [m[Kcandidate: ‘[01m[KEigen::DenseCoeffsBase<Derived, 1>::Scalar& Eigen::DenseCoeffsBase<Derived, 1>::operator()(Eigen::Index) [with Derived = Eigen::Matrix<double, 3, 1>; Eigen::DenseCoeffsBase<Derived, 1>::Scalar = double; Eigen::Index = long int][m[K’
  423 |     [01;36m[Koperator[m[K()(Index index)
      |     [01;36m[K^~~~~~~~[m[K
[01m[K/usr/include/eigen3/Eigen/src/Core/DenseCoeffsBase.h:423:5:[m[K [01;36m[Knote: [m[K  candidate expects 1 argument, 3 provided
[01m[K/usr/include/eigen3/Eigen/src/Core/DenseCoeffsBase.h:362:5:[m[K [01;36m[Knote: [m[Kcandidate: ‘[01m[KEigen::DenseCoeffsBase<Derived, 1>::Scalar& Eigen::DenseCoeffsBase<Derived, 1>::operator()(Eigen::Index, Eigen::Index) [with Derived = Eigen::Matrix<double, 3, 1>; Eigen::DenseCoeffsBase<Derived, 1>::Scalar = double; Eigen::Index = long int][m[K’
  362 |     [01;36m[Koperator[m[K()(Index row, Index col)
      |     [01;36m[K^~~~~~~~[m[K
[01m[K/usr/include/eigen3/Eigen/src/Core/DenseCoeffsBase.h:362:5:[m[K [01;36m[Knote: [m[K  candidate expects 2 arguments, 3 provided
[01m[K/home/pth/pth/model/Go2_simulator/src/controls/go2_controller/src/go2_controller.cpp:212:52:[m[K [01;31m[Kerror: [m[Kno match for call to ‘[01m[K(Eigen::Vector3d {aka Eigen::Matrix<double, 3, 1>}) (double, double, double)[m[K’
  212 |                 EE_Pose_FR_start(0.20, -0.13, -0.38[01;31m[K)[m[K;
      |                                                    [01;31m[K^[m[K
In file included from [01m[K/usr/include/eigen3/Eigen/Core:434[m[K,
                 from [01m[K/usr/include/eigen3/Eigen/Dense:1[m[K,
                 from [01m[K/home/pth/pth/model/Go2_simulator/src/controls/go2_controller/include/go2_controller.h:37[m[K,
                 from [01m[K/home/pth/pth/model/Go2_simulator/src/controls/go2_controller/src/go2_controller.cpp:1[m[K:
[01m[K/usr/include/eigen3/Eigen/src/Core/DenseCoeffsBase.h:115:41:[m[K [01;36m[Knote: [m[Kcandidate: ‘[01m[KEigen::DenseCoeffsBase<Derived, 0>::CoeffReturnType Eigen::DenseCoeffsBase<Derived, 0>::operator()(Eigen::Index, Eigen::Index) const [with Derived = Eigen::Matrix<double, 3, 1>; Eigen::DenseCoeffsBase<Derived, 0>::CoeffReturnType = const double&; Eigen::Index = long int][m[K’
  115 |     EIGEN_STRONG_INLINE CoeffReturnType [01;36m[Koperator[m[K()(Index row, Index col) const
      |                                         [01;36m[K^~~~~~~~[m[K
[01m[K/usr/include/eigen3/Eigen/src/Core/DenseCoeffsBase.h:115:41:[m[K [01;36m[Knote: [m[K  candidate expects 2 arguments, 3 provided
[01m[K/usr/include/eigen3/Eigen/src/Core/DenseCoeffsBase.h:178:5:[m[K [01;36m[Knote: [m[Kcandidate: ‘[01m[KEigen::DenseCoeffsBase<Derived, 0>::CoeffReturnType Eigen::DenseCoeffsBase<Derived, 0>::operator()(Eigen::Index) const [with Derived = Eigen::Matrix<double, 3, 1>; Eigen::DenseCoeffsBase<Derived, 0>::CoeffReturnType = const double&; Eigen::Index = long int][m[K’
  178 |     [01;36m[Koperator[m[K()(Index index) const
      |     [01;36m[K^~~~~~~~[m[K
[01m[K/usr/include/eigen3/Eigen/src/Core/DenseCoeffsBase.h:178:5:[m[K [01;36m[Knote: [m[K  candidate expects 1 argument, 3 provided
[01m[K/usr/include/eigen3/Eigen/src/Core/DenseCoeffsBase.h:423:5:[m[K [01;36m[Knote: [m[Kcandidate: ‘[01m[KEigen::DenseCoeffsBase<Derived, 1>::Scalar& Eigen::DenseCoeffsBase<Derived, 1>::operator()(Eigen::Index) [with Derived = Eigen::Matrix<double, 3, 1>; Eigen::DenseCoeffsBase<Derived, 1>::Scalar = double; Eigen::Index = long int][m[K’
  423 |     [01;36m[Koperator[m[K()(Index index)
      |     [01;36m[K^~~~~~~~[m[K
[01m[K/usr/include/eigen3/Eigen/src/Core/DenseCoeffsBase.h:423:5:[m[K [01;36m[Knote: [m[K  candidate expects 1 argument, 3 provided
[01m[K/usr/include/eigen3/Eigen/src/Core/DenseCoeffsBase.h:362:5:[m[K [01;36m[Knote: [m[Kcandidate: ‘[01m[KEigen::DenseCoeffsBase<Derived, 1>::Scalar& Eigen::DenseCoeffsBase<Derived, 1>::operator()(Eigen::Index, Eigen::Index) [with Derived = Eigen::Matrix<double, 3, 1>; Eigen::DenseCoeffsBase<Derived, 1>::Scalar = double; Eigen::Index = long int][m[K’
  362 |     [01;36m[Koperator[m[K()(Index row, Index col)
      |     [01;36m[K^~~~~~~~[m[K
[01m[K/usr/include/eigen3/Eigen/src/Core/DenseCoeffsBase.h:362:5:[m[K [01;36m[Knote: [m[K  candidate expects 2 arguments, 3 provided
[01m[K/home/pth/pth/model/Go2_simulator/src/controls/go2_controller/src/go2_controller.cpp:213:52:[m[K [01;31m[Kerror: [m[Kno match for call to ‘[01m[K(Eigen::Vector3d {aka Eigen::Matrix<double, 3, 1>}) (double, double, double)[m[K’
  213 |                 EE_Pose_RL_start(-0.18, 0.13, -0.38[01;31m[K)[m[K;
      |                                                    [01;31m[K^[m[K
In file included from [01m[K/usr/include/eigen3/Eigen/Core:434[m[K,
                 from [01m[K/usr/include/eigen3/Eigen/Dense:1[m[K,
                 from [01m[K/home/pth/pth/model/Go2_simulator/src/controls/go2_controller/include/go2_controller.h:37[m[K,
                 from [01m[K/home/pth/pth/model/Go2_simulator/src/controls/go2_controller/src/go2_controller.cpp:1[m[K:
[01m[K/usr/include/eigen3/Eigen/src/Core/DenseCoeffsBase.h:115:41:[m[K [01;36m[Knote: [m[Kcandidate: ‘[01m[KEigen::DenseCoeffsBase<Derived, 0>::CoeffReturnType Eigen::DenseCoeffsBase<Derived, 0>::operator()(Eigen::Index, Eigen::Index) const [with Derived = Eigen::Matrix<double, 3, 1>; Eigen::DenseCoeffsBase<Derived, 0>::CoeffReturnType = const double&; Eigen::Index = long int][m[K’
  115 |     EIGEN_STRONG_INLINE CoeffReturnType [01;36m[Koperator[m[K()(Index row, Index col) const
      |                                         [01;36m[K^~~~~~~~[m[K
[01m[K/usr/include/eigen3/Eigen/src/Core/DenseCoeffsBase.h:115:41:[m[K [01;36m[Knote: [m[K  candidate expects 2 arguments, 3 provided
[01m[K/usr/include/eigen3/Eigen/src/Core/DenseCoeffsBase.h:178:5:[m[K [01;36m[Knote: [m[Kcandidate: ‘[01m[KEigen::DenseCoeffsBase<Derived, 0>::CoeffReturnType Eigen::DenseCoeffsBase<Derived, 0>::operator()(Eigen::Index) const [with Derived = Eigen::Matrix<double, 3, 1>; Eigen::DenseCoeffsBase<Derived, 0>::CoeffReturnType = const double&; Eigen::Index = long int][m[K’
  178 |     [01;36m[Koperator[m[K()(Index index) const
      |     [01;36m[K^~~~~~~~[m[K
[01m[K/usr/include/eigen3/Eigen/src/Core/DenseCoeffsBase.h:178:5:[m[K [01;36m[Knote: [m[K  candidate expects 1 argument, 3 provided
[01m[K/usr/include/eigen3/Eigen/src/Core/DenseCoeffsBase.h:423:5:[m[K [01;36m[Knote: [m[Kcandidate: ‘[01m[KEigen::DenseCoeffsBase<Derived, 1>::Scalar& Eigen::DenseCoeffsBase<Derived, 1>::operator()(Eigen::Index) [with Derived = Eigen::Matrix<double, 3, 1>; Eigen::DenseCoeffsBase<Derived, 1>::Scalar = double; Eigen::Index = long int][m[K’
  423 |     [01;36m[Koperator[m[K()(Index index)
      |     [01;36m[K^~~~~~~~[m[K
[01m[K/usr/include/eigen3/Eigen/src/Core/DenseCoeffsBase.h:423:5:[m[K [01;36m[Knote: [m[K  candidate expects 1 argument, 3 provided
[01m[K/usr/include/eigen3/Eigen/src/Core/DenseCoeffsBase.h:362:5:[m[K [01;36m[Knote: [m[Kcandidate: ‘[01m[KEigen::DenseCoeffsBase<Derived, 1>::Scalar& Eigen::DenseCoeffsBase<Derived, 1>::operator()(Eigen::Index, Eigen::Index) [with Derived = Eigen::Matrix<double, 3, 1>; Eigen::DenseCoeffsBase<Derived, 1>::Scalar = double; Eigen::Index = long int][m[K’
  362 |     [01;36m[Koperator[m[K()(Index row, Index col)
      |     [01;36m[K^~~~~~~~[m[K
[01m[K/usr/include/eigen3/Eigen/src/Core/DenseCoeffsBase.h:362:5:[m[K [01;36m[Knote: [m[K  candidate expects 2 arguments, 3 provided
[01m[K/home/pth/pth/model/Go2_simulator/src/controls/go2_controller/src/go2_controller.cpp:214:53:[m[K [01;31m[Kerror: [m[Kno match for call to ‘[01m[K(Eigen::Vector3d {aka Eigen::Matrix<double, 3, 1>}) (double, double, double)[m[K’
  214 |                 EE_Pose_RR_start(-0.18, -0.13, -0.38[01;31m[K)[m[K;
      |                                                     [01;31m[K^[m[K
In file included from [01m[K/usr/include/eigen3/Eigen/Core:434[m[K,
                 from [01m[K/usr/include/eigen3/Eigen/Dense:1[m[K,
                 from [01m[K/home/pth/pth/model/Go2_simulator/src/controls/go2_controller/include/go2_controller.h:37[m[K,
                 from [01m[K/home/pth/pth/model/Go2_simulator/src/controls/go2_controller/src/go2_controller.cpp:1[m[K:
[01m[K/usr/include/eigen3/Eigen/src/Core/DenseCoeffsBase.h:115:41:[m[K [01;36m[Knote: [m[Kcandidate: ‘[01m[KEigen::DenseCoeffsBase<Derived, 0>::CoeffReturnType Eigen::DenseCoeffsBase<Derived, 0>::operator()(Eigen::Index, Eigen::Index) const [with Derived = Eigen::Matrix<double, 3, 1>; Eigen::DenseCoeffsBase<Derived, 0>::CoeffReturnType = const double&; Eigen::Index = long int][m[K’
  115 |     EIGEN_STRONG_INLINE CoeffReturnType [01;36m[Koperator[m[K()(Index row, Index col) const
      |                                         [01;36m[K^~~~~~~~[m[K
[01m[K/usr/include/eigen3/Eigen/src/Core/DenseCoeffsBase.h:115:41:[m[K [01;36m[Knote: [m[K  candidate expects 2 arguments, 3 provided
[01m[K/usr/include/eigen3/Eigen/src/Core/DenseCoeffsBase.h:178:5:[m[K [01;36m[Knote: [m[Kcandidate: ‘[01m[KEigen::DenseCoeffsBase<Derived, 0>::CoeffReturnType Eigen::DenseCoeffsBase<Derived, 0>::operator()(Eigen::Index) const [with Derived = Eigen::Matrix<double, 3, 1>; Eigen::DenseCoeffsBase<Derived, 0>::CoeffReturnType = const double&; Eigen::Index = long int][m[K’
  178 |     [01;36m[Koperator[m[K()(Index index) const
      |     [01;36m[K^~~~~~~~[m[K
[01m[K/usr/include/eigen3/Eigen/src/Core/DenseCoeffsBase.h:178:5:[m[K [01;36m[Knote: [m[K  candidate expects 1 argument, 3 provided
[01m[K/usr/include/eigen3/Eigen/src/Core/DenseCoeffsBase.h:423:5:[m[K [01;36m[Knote: [m[Kcandidate: ‘[01m[KEigen::DenseCoeffsBase<Derived, 1>::Scalar& Eigen::DenseCoeffsBase<Derived, 1>::operator()(Eigen::Index) [with Derived = Eigen::Matrix<double, 3, 1>; Eigen::DenseCoeffsBase<Derived, 1>::Scalar = double; Eigen::Index = long int][m[K’
  423 |     [01;36m[Koperator[m[K()(Index index)
      |     [01;36m[K^~~~~~~~[m[K
[01m[K/usr/include/eigen3/Eigen/src/Core/DenseCoeffsBase.h:423:5:[m[K [01;36m[Knote: [m[K  candidate expects 1 argument, 3 provided
[01m[K/usr/include/eigen3/Eigen/src/Core/DenseCoeffsBase.h:362:5:[m[K [01;36m[Knote: [m[Kcandidate: ‘[01m[KEigen::DenseCoeffsBase<Derived, 1>::Scalar& Eigen::DenseCoeffsBase<Derived, 1>::operator()(Eigen::Index, Eigen::Index) [with Derived = Eigen::Matrix<double, 3, 1>; Eigen::DenseCoeffsBase<Derived, 1>::Scalar = double; Eigen::Index = long int][m[K’
  362 |     [01;36m[Koperator[m[K()(Index row, Index col)
      |     [01;36m[K^~~~~~~~[m[K
[01m[K/usr/include/eigen3/Eigen/src/Core/DenseCoeffsBase.h:362:5:[m[K [01;36m[Knote: [m[K  candidate expects 2 arguments, 3 provided
[01m[K/home/pth/pth/model/Go2_simulator/src/controls/go2_controller/src/go2_controller.cpp:228:47:[m[K [01;31m[Kerror: [m[Kno match for call to ‘[01m[K(Eigen::Vector3d {aka Eigen::Matrix<double, 3, 1>}) (double, double, double)[m[K’
  228 |             EE_Pose_FL_start(0.20, 0.13, -0.25[01;31m[K)[m[K;
      |                                               [01;31m[K^[m[K
In file included from [01m[K/usr/include/eigen3/Eigen/Core:434[m[K,
                 from [01m[K/usr/include/eigen3/Eigen/Dense:1[m[K,
                 from [01m[K/home/pth/pth/model/Go2_simulator/src/controls/go2_controller/include/go2_controller.h:37[m[K,
                 from [01m[K/home/pth/pth/model/Go2_simulator/src/controls/go2_controller/src/go2_controller.cpp:1[m[K:
[01m[K/usr/include/eigen3/Eigen/src/Core/DenseCoeffsBase.h:115:41:[m[K [01;36m[Knote: [m[Kcandidate: ‘[01m[KEigen::DenseCoeffsBase<Derived, 0>::CoeffReturnType Eigen::DenseCoeffsBase<Derived, 0>::operator()(Eigen::Index, Eigen::Index) const [with Derived = Eigen::Matrix<double, 3, 1>; Eigen::DenseCoeffsBase<Derived, 0>::CoeffReturnType = const double&; Eigen::Index = long int][m[K’
  115 |     EIGEN_STRONG_INLINE CoeffReturnType [01;36m[Koperator[m[K()(Index row, Index col) const
      |                                         [01;36m[K^~~~~~~~[m[K
[01m[K/usr/include/eigen3/Eigen/src/Core/DenseCoeffsBase.h:115:41:[m[K [01;36m[Knote: [m[K  candidate expects 2 arguments, 3 provided
[01m[K/usr/include/eigen3/Eigen/src/Core/DenseCoeffsBase.h:178:5:[m[K [01;36m[Knote: [m[Kcandidate: ‘[01m[KEigen::DenseCoeffsBase<Derived, 0>::CoeffReturnType Eigen::DenseCoeffsBase<Derived, 0>::operator()(Eigen::Index) const [with Derived = Eigen::Matrix<double, 3, 1>; Eigen::DenseCoeffsBase<Derived, 0>::CoeffReturnType = const double&; Eigen::Index = long int][m[K’
  178 |     [01;36m[Koperator[m[K()(Index index) const
      |     [01;36m[K^~~~~~~~[m[K
[01m[K/usr/include/eigen3/Eigen/src/Core/DenseCoeffsBase.h:178:5:[m[K [01;36m[Knote: [m[K  candidate expects 1 argument, 3 provided
[01m[K/usr/include/eigen3/Eigen/src/Core/DenseCoeffsBase.h:423:5:[m[K [01;36m[Knote: [m[Kcandidate: ‘[01m[KEigen::DenseCoeffsBase<Derived, 1>::Scalar& Eigen::DenseCoeffsBase<Derived, 1>::operator()(Eigen::Index) [with Derived = Eigen::Matrix<double, 3, 1>; Eigen::DenseCoeffsBase<Derived, 1>::Scalar = double; Eigen::Index = long int][m[K’
  423 |     [01;36m[Koperator[m[K()(Index index)
      |     [01;36m[K^~~~~~~~[m[K
[01m[K/usr/include/eigen3/Eigen/src/Core/DenseCoeffsBase.h:423:5:[m[K [01;36m[Knote: [m[K  candidate expects 1 argument, 3 provided
[01m[K/usr/include/eigen3/Eigen/src/Core/DenseCoeffsBase.h:362:5:[m[K [01;36m[Knote: [m[Kcandidate: ‘[01m[KEigen::DenseCoeffsBase<Derived, 1>::Scalar& Eigen::DenseCoeffsBase<Derived, 1>::operator()(Eigen::Index, Eigen::Index) [with Derived = Eigen::Matrix<double, 3, 1>; Eigen::DenseCoeffsBase<Derived, 1>::Scalar = double; Eigen::Index = long int][m[K’
  362 |     [01;36m[Koperator[m[K()(Index row, Index col)
      |     [01;36m[K^~~~~~~~[m[K
[01m[K/usr/include/eigen3/Eigen/src/Core/DenseCoeffsBase.h:362:5:[m[K [01;36m[Knote: [m[K  candidate expects 2 arguments, 3 provided
[01m[K/home/pth/pth/model/Go2_simulator/src/controls/go2_controller/src/go2_controller.cpp:229:48:[m[K [01;31m[Kerror: [m[Kno match for call to ‘[01m[K(Eigen::Vector3d {aka Eigen::Matrix<double, 3, 1>}) (double, double, double)[m[K’
  229 |             EE_Pose_FR_start(0.20, -0.13, -0.25[01;31m[K)[m[K;
      |                                                [01;31m[K^[m[K
In file included from [01m[K/usr/include/eigen3/Eigen/Core:434[m[K,
                 from [01m[K/usr/include/eigen3/Eigen/Dense:1[m[K,
                 from [01m[K/home/pth/pth/model/Go2_simulator/src/controls/go2_controller/include/go2_controller.h:37[m[K,
                 from [01m[K/home/pth/pth/model/Go2_simulator/src/controls/go2_controller/src/go2_controller.cpp:1[m[K:
[01m[K/usr/include/eigen3/Eigen/src/Core/DenseCoeffsBase.h:115:41:[m[K [01;36m[Knote: [m[Kcandidate: ‘[01m[KEigen::DenseCoeffsBase<Derived, 0>::CoeffReturnType Eigen::DenseCoeffsBase<Derived, 0>::operator()(Eigen::Index, Eigen::Index) const [with Derived = Eigen::Matrix<double, 3, 1>; Eigen::DenseCoeffsBase<Derived, 0>::CoeffReturnType = const double&; Eigen::Index = long int][m[K’
  115 |     EIGEN_STRONG_INLINE CoeffReturnType [01;36m[Koperator[m[K()(Index row, Index col) const
      |                                         [01;36m[K^~~~~~~~[m[K
[01m[K/usr/include/eigen3/Eigen/src/Core/DenseCoeffsBase.h:115:41:[m[K [01;36m[Knote: [m[K  candidate expects 2 arguments, 3 provided
[01m[K/usr/include/eigen3/Eigen/src/Core/DenseCoeffsBase.h:178:5:[m[K [01;36m[Knote: [m[Kcandidate: ‘[01m[KEigen::DenseCoeffsBase<Derived, 0>::CoeffReturnType Eigen::DenseCoeffsBase<Derived, 0>::operator()(Eigen::Index) const [with Derived = Eigen::Matrix<double, 3, 1>; Eigen::DenseCoeffsBase<Derived, 0>::CoeffReturnType = const double&; Eigen::Index = long int][m[K’
  178 |     [01;36m[Koperator[m[K()(Index index) const
      |     [01;36m[K^~~~~~~~[m[K
[01m[K/usr/include/eigen3/Eigen/src/Core/DenseCoeffsBase.h:178:5:[m[K [01;36m[Knote: [m[K  candidate expects 1 argument, 3 provided
[01m[K/usr/include/eigen3/Eigen/src/Core/DenseCoeffsBase.h:423:5:[m[K [01;36m[Knote: [m[Kcandidate: ‘[01m[KEigen::DenseCoeffsBase<Derived, 1>::Scalar& Eigen::DenseCoeffsBase<Derived, 1>::operator()(Eigen::Index) [with Derived = Eigen::Matrix<double, 3, 1>; Eigen::DenseCoeffsBase<Derived, 1>::Scalar = double; Eigen::Index = long int][m[K’
  423 |     [01;36m[Koperator[m[K()(Index index)
      |     [01;36m[K^~~~~~~~[m[K
[01m[K/usr/include/eigen3/Eigen/src/Core/DenseCoeffsBase.h:423:5:[m[K [01;36m[Knote: [m[K  candidate expects 1 argument, 3 provided
[01m[K/usr/include/eigen3/Eigen/src/Core/DenseCoeffsBase.h:362:5:[m[K [01;36m[Knote: [m[Kcandidate: ‘[01m[KEigen::DenseCoeffsBase<Derived, 1>::Scalar& Eigen::DenseCoeffsBase<Derived, 1>::operator()(Eigen::Index, Eigen::Index) [with Derived = Eigen::Matrix<double, 3, 1>; Eigen::DenseCoeffsBase<Derived, 1>::Scalar = double; Eigen::Index = long int][m[K’
  362 |     [01;36m[Koperator[m[K()(Index row, Index col)
      |     [01;36m[K^~~~~~~~[m[K
[01m[K/usr/include/eigen3/Eigen/src/Core/DenseCoeffsBase.h:362:5:[m[K [01;36m[Knote: [m[K  candidate expects 2 arguments, 3 provided
[01m[K/home/pth/pth/model/Go2_simulator/src/controls/go2_controller/src/go2_controller.cpp:230:48:[m[K [01;31m[Kerror: [m[Kno match for call to ‘[01m[K(Eigen::Vector3d {aka Eigen::Matrix<double, 3, 1>}) (double, double, double)[m[K’
  230 |             EE_Pose_RL_start(-0.18, 0.13, -0.25[01;31m[K)[m[K;
      |                                                [01;31m[K^[m[K
In file included from [01m[K/usr/include/eigen3/Eigen/Core:434[m[K,
                 from [01m[K/usr/include/eigen3/Eigen/Dense:1[m[K,
                 from [01m[K/home/pth/pth/model/Go2_simulator/src/controls/go2_controller/include/go2_controller.h:37[m[K,
                 from [01m[K/home/pth/pth/model/Go2_simulator/src/controls/go2_controller/src/go2_controller.cpp:1[m[K:
[01m[K/usr/include/eigen3/Eigen/src/Core/DenseCoeffsBase.h:115:41:[m[K [01;36m[Knote: [m[Kcandidate: ‘[01m[KEigen::DenseCoeffsBase<Derived, 0>::CoeffReturnType Eigen::DenseCoeffsBase<Derived, 0>::operator()(Eigen::Index, Eigen::Index) const [with Derived = Eigen::Matrix<double, 3, 1>; Eigen::DenseCoeffsBase<Derived, 0>::CoeffReturnType = const double&; Eigen::Index = long int][m[K’
  115 |     EIGEN_STRONG_INLINE CoeffReturnType [01;36m[Koperator[m[K()(Index row, Index col) const
      |                                         [01;36m[K^~~~~~~~[m[K
[01m[K/usr/include/eigen3/Eigen/src/Core/DenseCoeffsBase.h:115:41:[m[K [01;36m[Knote: [m[K  candidate expects 2 arguments, 3 provided
[01m[K/usr/include/eigen3/Eigen/src/Core/DenseCoeffsBase.h:178:5:[m[K [01;36m[Knote: [m[Kcandidate: ‘[01m[KEigen::DenseCoeffsBase<Derived, 0>::CoeffReturnType Eigen::DenseCoeffsBase<Derived, 0>::operator()(Eigen::Index) const [with Derived = Eigen::Matrix<double, 3, 1>; Eigen::DenseCoeffsBase<Derived, 0>::CoeffReturnType = const double&; Eigen::Index = long int][m[K’
  178 |     [01;36m[Koperator[m[K()(Index index) const
      |     [01;36m[K^~~~~~~~[m[K
[01m[K/usr/include/eigen3/Eigen/src/Core/DenseCoeffsBase.h:178:5:[m[K [01;36m[Knote: [m[K  candidate expects 1 argument, 3 provided
[01m[K/usr/include/eigen3/Eigen/src/Core/DenseCoeffsBase.h:423:5:[m[K [01;36m[Knote: [m[Kcandidate: ‘[01m[KEigen::DenseCoeffsBase<Derived, 1>::Scalar& Eigen::DenseCoeffsBase<Derived, 1>::operator()(Eigen::Index) [with Derived = Eigen::Matrix<double, 3, 1>; Eigen::DenseCoeffsBase<Derived, 1>::Scalar = double; Eigen::Index = long int][m[K’
  423 |     [01;36m[Koperator[m[K()(Index index)
      |     [01;36m[K^~~~~~~~[m[K
[01m[K/usr/include/eigen3/Eigen/src/Core/DenseCoeffsBase.h:423:5:[m[K [01;36m[Knote: [m[K  candidate expects 1 argument, 3 provided
[01m[K/usr/include/eigen3/Eigen/src/Core/DenseCoeffsBase.h:362:5:[m[K [01;36m[Knote: [m[Kcandidate: ‘[01m[KEigen::DenseCoeffsBase<Derived, 1>::Scalar& Eigen::DenseCoeffsBase<Derived, 1>::operator()(Eigen::Index, Eigen::Index) [with Derived = Eigen::Matrix<double, 3, 1>; Eigen::DenseCoeffsBase<Derived, 1>::Scalar = double; Eigen::Index = long int][m[K’
  362 |     [01;36m[Koperator[m[K()(Index row, Index col)
      |     [01;36m[K^~~~~~~~[m[K
[01m[K/usr/include/eigen3/Eigen/src/Core/DenseCoeffsBase.h:362:5:[m[K [01;36m[Knote: [m[K  candidate expects 2 arguments, 3 provided
[01m[K/home/pth/pth/model/Go2_simulator/src/controls/go2_controller/src/go2_controller.cpp:231:49:[m[K [01;31m[Kerror: [m[Kno match for call to ‘[01m[K(Eigen::Vector3d {aka Eigen::Matrix<double, 3, 1>}) (double, double, double)[m[K’
  231 |             EE_Pose_RR_start(-0.18, -0.13, -0.25[01;31m[K)[m[K;
      |                                                 [01;31m[K^[m[K
In file included from [01m[K/usr/include/eigen3/Eigen/Core:434[m[K,
                 from [01m[K/usr/include/eigen3/Eigen/Dense:1[m[K,
                 from [01m[K/home/pth/pth/model/Go2_simulator/src/controls/go2_controller/include/go2_controller.h:37[m[K,
                 from [01m[K/home/pth/pth/model/Go2_simulator/src/controls/go2_controller/src/go2_controller.cpp:1[m[K:
[01m[K/usr/include/eigen3/Eigen/src/Core/DenseCoeffsBase.h:115:41:[m[K [01;36m[Knote: [m[Kcandidate: ‘[01m[KEigen::DenseCoeffsBase<Derived, 0>::CoeffReturnType Eigen::DenseCoeffsBase<Derived, 0>::operator()(Eigen::Index, Eigen::Index) const [with Derived = Eigen::Matrix<double, 3, 1>; Eigen::DenseCoeffsBase<Derived, 0>::CoeffReturnType = const double&; Eigen::Index = long int][m[K’
  115 |     EIGEN_STRONG_INLINE CoeffReturnType [01;36m[Koperator[m[K()(Index row, Index col) const
      |                                         [01;36m[K^~~~~~~~[m[K
[01m[K/usr/include/eigen3/Eigen/src/Core/DenseCoeffsBase.h:115:41:[m[K [01;36m[Knote: [m[K  candidate expects 2 arguments, 3 provided
[01m[K/usr/include/eigen3/Eigen/src/Core/DenseCoeffsBase.h:178:5:[m[K [01;36m[Knote: [m[Kcandidate: ‘[01m[KEigen::DenseCoeffsBase<Derived, 0>::CoeffReturnType Eigen::DenseCoeffsBase<Derived, 0>::operator()(Eigen::Index) const [with Derived = Eigen::Matrix<double, 3, 1>; Eigen::DenseCoeffsBase<Derived, 0>::CoeffReturnType = const double&; Eigen::Index = long int][m[K’
  178 |     [01;36m[Koperator[m[K()(Index index) const
      |     [01;36m[K^~~~~~~~[m[K
[01m[K/usr/include/eigen3/Eigen/src/Core/DenseCoeffsBase.h:178:5:[m[K [01;36m[Knote: [m[K  candidate expects 1 argument, 3 provided
[01m[K/usr/include/eigen3/Eigen/src/Core/DenseCoeffsBase.h:423:5:[m[K [01;36m[Knote: [m[Kcandidate: ‘[01m[KEigen::DenseCoeffsBase<Derived, 1>::Scalar& Eigen::DenseCoeffsBase<Derived, 1>::operator()(Eigen::Index) [with Derived = Eigen::Matrix<double, 3, 1>; Eigen::DenseCoeffsBase<Derived, 1>::Scalar = double; Eigen::Index = long int][m[K’
  423 |     [01;36m[Koperator[m[K()(Index index)
      |     [01;36m[K^~~~~~~~[m[K
[01m[K/usr/include/eigen3/Eigen/src/Core/DenseCoeffsBase.h:423:5:[m[K [01;36m[Knote: [m[K  candidate expects 1 argument, 3 provided
[01m[K/usr/include/eigen3/Eigen/src/Core/DenseCoeffsBase.h:362:5:[m[K [01;36m[Knote: [m[Kcandidate: ‘[01m[KEigen::DenseCoeffsBase<Derived, 1>::Scalar& Eigen::DenseCoeffsBase<Derived, 1>::operator()(Eigen::Index, Eigen::Index) [with Derived = Eigen::Matrix<double, 3, 1>; Eigen::DenseCoeffsBase<Derived, 1>::Scalar = double; Eigen::Index = long int][m[K’
  362 |     [01;36m[Koperator[m[K()(Index row, Index col)
      |     [01;36m[K^~~~~~~~[m[K
[01m[K/usr/include/eigen3/Eigen/src/Core/DenseCoeffsBase.h:362:5:[m[K [01;36m[Knote: [m[K  candidate expects 2 arguments, 3 provided
[01m[K/home/pth/pth/model/Go2_simulator/src/controls/go2_controller/src/go2_controller.cpp:[m[K In member function ‘[01m[Kvoid go2_controller::Init()[m[K’:
[01m[K/home/pth/pth/model/Go2_simulator/src/controls/go2_controller/src/go2_controller.cpp:6:11:[m[K [01;35m[Kwarning: [m[Kignoring return value of ‘[01m[Kint system(const char*)[m[K’, declared with attribute warn_unused_result [[01;35m[K-Wunused-result[m[K]
    6 |     [01;35m[Ksystem("clear")[m[K;
      |     [01;35m[K~~~~~~^~~~~~~~~[m[K
make[2]: *** [CMakeFiles/go2_controller.dir/build.make:79: CMakeFiles/go2_controller.dir/src/go2_controller.cpp.o] Error 1
make[1]: *** [CMakeFiles/Makefile2:2729: CMakeFiles/go2_controller.dir/all] Error 2
make: *** [Makefile:146: all] Error 2
