[01m[K/home/pth/pth/model/Go2_simulator/src/controls/go2_controller/src/Trajectories.cpp:80:17:[m[K [01;31m[Kerror: [m[Kno declaration matches ‘[01m[KTrajectoryPoint go2_controller::Sinusoidal_Task(ros::Time&, double, const Vector3d&, const Vector3d&)[m[K’
   80 | TrajectoryPoint [01;31m[Kgo2_controller[m[K::Sinusoidal_Task(ros::Time& start_time, double period,
      |                 [01;31m[K^~~~~~~~~~~~~~[m[K
[01m[K/home/pth/pth/model/Go2_simulator/src/controls/go2_controller/src/Trajectories.cpp:80:17:[m[K [01;36m[Knote: [m[Kno functions named ‘[01m[KTrajectoryPoint go2_controller::Sinusoidal_Task(ros::Time&, double, const Vector3d&, const Vector3d&)[m[K’
In file included from [01m[K/home/pth/pth/model/Go2_simulator/src/controls/go2_controller/src/Trajectories.cpp:1[m[K:
[01m[K/home/pth/pth/model/Go2_simulator/src/controls/go2_controller/include/go2_controller.h:71:7:[m[K [01;36m[Knote: [m[K‘[01m[Kclass go2_controller[m[K’ defined here
   71 | class [01;36m[Kgo2_controller[m[K
      |       [01;36m[K^~~~~~~~~~~~~~[m[K
[01m[K/home/pth/pth/model/Go2_simulator/src/controls/go2_controller/src/go2_controller.cpp:[m[K In member function ‘[01m[Kvoid go2_controller::Squating()[m[K’:
[01m[K/home/pth/pth/model/Go2_simulator/src/controls/go2_controller/src/go2_controller.cpp:185:17:[m[K [01;31m[Kerror: [m[K‘[01m[KSinusoidal_Task[m[K’ was not declared in this scope
  185 |     fl_target = [01;31m[KSinusoidal_Task[m[K(motion_start_time_, motion_period, stand_pose_fl, squat_pose_fl);
      |                 [01;31m[K^~~~~~~~~~~~~~~[m[K
[01m[K/home/pth/pth/model/Go2_simulator/src/controls/go2_controller/src/go2_controller.cpp:[m[K In member function ‘[01m[Kvoid go2_controller::Init()[m[K’:
[01m[K/home/pth/pth/model/Go2_simulator/src/controls/go2_controller/src/go2_controller.cpp:6:11:[m[K [01;35m[Kwarning: [m[Kignoring return value of ‘[01m[Kint system(const char*)[m[K’, declared with attribute warn_unused_result [[01;35m[K-Wunused-result[m[K]
    6 |     [01;35m[Ksystem("clear")[m[K;
      |     [01;35m[K~~~~~~^~~~~~~~~[m[K
make[2]: *** [CMakeFiles/go2_controller.dir/build.make:79: CMakeFiles/go2_controller.dir/src/go2_controller.cpp.o] Error 1
make[2]: *** Waiting for unfinished jobs....
[01m[K/home/pth/pth/model/Go2_simulator/src/controls/go2_controller/src/Trajectories.cpp:[m[K In member function ‘[01m[KEigen::Vector3d go2_controller::Quintic_Task(ros::Time&, double, Eigen::Vector3d&, Eigen::Vector3d&)[m[K’:
[01m[K/home/pth/pth/model/Go2_simulator/src/controls/go2_controller/src/Trajectories.cpp:77:1:[m[K [01;35m[Kwarning: [m[Kcontrol reaches end of non-void function [[01;35m[K-Wreturn-type[m[K]
   77 | [01;35m[K}[m[K
      | [01;35m[K^[m[K
make[2]: *** [CMakeFiles/go2_controller.dir/build.make:149: CMakeFiles/go2_controller.dir/src/Trajectories.cpp.o] Error 1
make[1]: *** [CMakeFiles/Makefile2:2729: CMakeFiles/go2_controller.dir/all] Error 2
make: *** [Makefile:146: all] Error 2
