In file included from [01m[K/home/pth/pth/model/Go2_simulator/src/controls/go2_controller/include/Tools/Trajectories.cpp:1[m[K:
[01m[K/home/pth/pth/model/Go2_simulator/src/controls/go2_controller/include/Tools/Trajectories.hpp:61:69:[m[K [01;31m[Kerror: [m[Kredefinition of ‘[01m[Kdouble period[m[K’
   61 |     Eigen::Vector3d Sinusoidal_Task(int tick, double period, [01;31m[Kdouble period[m[K Eigen::VectorXd EE_start_, Eigen::VectorXd EE_final_);
      |                                                              [01;31m[K~~~~~~~^~~~~~[m[K
[01m[K/home/pth/pth/model/Go2_simulator/src/controls/go2_controller/include/Tools/Trajectories.hpp:61:54:[m[K [01;36m[Knote: [m[K‘[01m[Kdouble period[m[K’ previously declared here
   61 |     Eigen::Vector3d Sinusoidal_Task(int tick, [01;36m[Kdouble period[m[K, double period Eigen::VectorXd EE_start_, Eigen::VectorXd EE_final_);
      |                                               [01;36m[K~~~~~~~^~~~~~[m[K
[01m[K/home/pth/pth/model/Go2_simulator/src/controls/go2_controller/include/Tools/Trajectories.hpp:61:76:[m[K [01;31m[Kerror: [m[Kexpected ‘[01m[K,[m[K’ or ‘[01m[K...[m[K’ before ‘[01m[KEigen[m[K’
   61 |     Eigen::Vector3d Sinusoidal_Task(int tick, double period, double period [01;31m[KEigen[m[K::VectorXd EE_start_, Eigen::VectorXd EE_final_);
      |                                                                            [01;31m[K^~~~~[m[K
[01m[K/home/pth/pth/model/Go2_simulator/src/controls/go2_controller/include/Tools/Trajectories.hpp:62:76:[m[K [01;31m[Kerror: [m[Kredefinition of ‘[01m[Kdouble period[m[K’
   62 |     Eigen::Vector3d Sinusoidal_Task_Rotate(int tick, double period, [01;31m[Kdouble period[m[K Eigen::VectorXd EE_start_, Eigen::VectorXd EE_final_);
      |                                                                     [01;31m[K~~~~~~~^~~~~~[m[K
[01m[K/home/pth/pth/model/Go2_simulator/src/controls/go2_controller/include/Tools/Trajectories.hpp:62:61:[m[K [01;36m[Knote: [m[K‘[01m[Kdouble period[m[K’ previously declared here
   62 |     Eigen::Vector3d Sinusoidal_Task_Rotate(int tick, [01;36m[Kdouble period[m[K, double period Eigen::VectorXd EE_start_, Eigen::VectorXd EE_final_);
      |                                                      [01;36m[K~~~~~~~^~~~~~[m[K
[01m[K/home/pth/pth/model/Go2_simulator/src/controls/go2_controller/include/Tools/Trajectories.hpp:62:83:[m[K [01;31m[Kerror: [m[Kexpected ‘[01m[K,[m[K’ or ‘[01m[K...[m[K’ before ‘[01m[KEigen[m[K’
   62 |     Eigen::Vector3d Sinusoidal_Task_Rotate(int tick, double period, double period [01;31m[KEigen[m[K::VectorXd EE_start_, Eigen::VectorXd EE_final_);
      |                                                                                   [01;31m[K^~~~~[m[K
[01m[K/home/pth/pth/model/Go2_simulator/src/controls/go2_controller/include/Tools/Trajectories.hpp:[m[K In member function ‘[01m[KEigen::MatrixXd Trajectories::Get_Coefficient_Matrix()[m[K’:
[01m[K/home/pth/pth/model/Go2_simulator/src/controls/go2_controller/include/Tools/Trajectories.hpp:67:55:[m[K [01;31m[Kerror: [m[K‘[01m[KA_Matrix[m[K’ was not declared in this scope; did you mean ‘[01m[KA_Matrix_Task[m[K’?
   67 |     Eigen::MatrixXd Get_Coefficient_Matrix() { return [01;31m[KA_Matrix[m[K; };
      |                                                       [01;31m[K^~~~~~~~[m[K
      |                                                       [32m[KA_Matrix_Task[m[K
[01m[K/home/pth/pth/model/Go2_simulator/src/controls/go2_controller/include/Tools/Trajectories.cpp:[m[K At global scope:
[01m[K/home/pth/pth/model/Go2_simulator/src/controls/go2_controller/include/Tools/Trajectories.cpp:19:79:[m[K [01;31m[Kerror: [m[Kredefinition of ‘[01m[Kdouble period[m[K’
   19 | Eigen::Vector3d Trajectories::Sinusoidal_Task(int tick, double period, [01;31m[Kdouble period[m[K Eigen::VectorXd EE_start_, Eigen::VectorXd EE_final_)
      |                                                                        [01;31m[K~~~~~~~^~~~~~[m[K
[01m[K/home/pth/pth/model/Go2_simulator/src/controls/go2_controller/include/Tools/Trajectories.cpp:19:64:[m[K [01;36m[Knote: [m[K‘[01m[Kdouble period[m[K’ previously declared here
   19 | Eigen::Vector3d Trajectories::Sinusoidal_Task(int tick, [01;36m[Kdouble period[m[K, double period Eigen::VectorXd EE_start_, Eigen::VectorXd EE_final_)
      |                                                         [01;36m[K~~~~~~~^~~~~~[m[K
[01m[K/home/pth/pth/model/Go2_simulator/src/controls/go2_controller/include/Tools/Trajectories.cpp:19:86:[m[K [01;31m[Kerror: [m[Kexpected ‘[01m[K,[m[K’ or ‘[01m[K...[m[K’ before ‘[01m[KEigen[m[K’
   19 | Eigen::Vector3d Trajectories::Sinusoidal_Task(int tick, double period, double period [01;31m[KEigen[m[K::VectorXd EE_start_, Eigen::VectorXd EE_final_)
      |                                                                                      [01;31m[K^~~~~[m[K
[01m[K/home/pth/pth/model/Go2_simulator/src/controls/go2_controller/include/Tools/Trajectories.cpp:[m[K In member function ‘[01m[KEigen::Vector3d Trajectories::Sinusoidal_Task(int, double)[m[K’:
[01m[K/home/pth/pth/model/Go2_simulator/src/controls/go2_controller/include/Tools/Trajectories.cpp:23:18:[m[K [01;31m[Kerror: [m[K‘[01m[KEE_start_[m[K’ was not declared in this scope; did you mean ‘[01m[Kva_start[m[K’?
   23 |     EE_desired = [01;31m[KEE_start_[m[K + (EE_final_ - EE_start_) * 0.5 * (1 - cos(M_PI * phase));
      |                  [01;31m[K^~~~~~~~~[m[K
      |                  [32m[Kva_start[m[K
[01m[K/home/pth/pth/model/Go2_simulator/src/controls/go2_controller/include/Tools/Trajectories.cpp:23:31:[m[K [01;31m[Kerror: [m[K‘[01m[KEE_final_[m[K’ was not declared in this scope
   23 |     EE_desired = EE_start_ + ([01;31m[KEE_final_[m[K - EE_start_) * 0.5 * (1 - cos(M_PI * phase));
      |                               [01;31m[K^~~~~~~~~[m[K
[01m[K/home/pth/pth/model/Go2_simulator/src/controls/go2_controller/include/Tools/Trajectories.cpp:[m[K At global scope:
[01m[K/home/pth/pth/model/Go2_simulator/src/controls/go2_controller/include/Tools/Trajectories.cpp:28:86:[m[K [01;31m[Kerror: [m[Kredefinition of ‘[01m[Kdouble period[m[K’
   28 | Eigen::Vector3d Trajectories::Sinusoidal_Task_Rotate(int tick, double period, [01;31m[Kdouble period[m[K Eigen::VectorXd EE_start_, Eigen::VectorXd EE_final_)
      |                                                                               [01;31m[K~~~~~~~^~~~~~[m[K
[01m[K/home/pth/pth/model/Go2_simulator/src/controls/go2_controller/include/Tools/Trajectories.cpp:28:71:[m[K [01;36m[Knote: [m[K‘[01m[Kdouble period[m[K’ previously declared here
   28 | Eigen::Vector3d Trajectories::Sinusoidal_Task_Rotate(int tick, [01;36m[Kdouble period[m[K, double period Eigen::VectorXd EE_start_, Eigen::VectorXd EE_final_)
      |                                                                [01;36m[K~~~~~~~^~~~~~[m[K
[01m[K/home/pth/pth/model/Go2_simulator/src/controls/go2_controller/include/Tools/Trajectories.cpp:28:93:[m[K [01;31m[Kerror: [m[Kexpected ‘[01m[K,[m[K’ or ‘[01m[K...[m[K’ before ‘[01m[KEigen[m[K’
   28 | Eigen::Vector3d Trajectories::Sinusoidal_Task_Rotate(int tick, double period, double period [01;31m[KEigen[m[K::VectorXd EE_start_, Eigen::VectorXd EE_final_)
      |                                                                                             [01;31m[K^~~~~[m[K
[01m[K/home/pth/pth/model/Go2_simulator/src/controls/go2_controller/include/Tools/Trajectories.cpp:[m[K In member function ‘[01m[KEigen::Vector3d Trajectories::Sinusoidal_Task_Rotate(int, double)[m[K’:
[01m[K/home/pth/pth/model/Go2_simulator/src/controls/go2_controller/include/Tools/Trajectories.cpp:32:18:[m[K [01;31m[Kerror: [m[K‘[01m[KEE_start_[m[K’ was not declared in this scope; did you mean ‘[01m[Kva_start[m[K’?
   32 |     EE_desired = [01;31m[KEE_start_[m[K + (EE_final_ - EE_start_) * 0.5 * (1 - cos(2.0 * M_PI * phase));
      |                  [01;31m[K^~~~~~~~~[m[K
      |                  [32m[Kva_start[m[K
[01m[K/home/pth/pth/model/Go2_simulator/src/controls/go2_controller/include/Tools/Trajectories.cpp:32:31:[m[K [01;31m[Kerror: [m[K‘[01m[KEE_final_[m[K’ was not declared in this scope
   32 |     EE_desired = EE_start_ + ([01;31m[KEE_final_[m[K - EE_start_) * 0.5 * (1 - cos(2.0 * M_PI * phase));
      |                               [01;31m[K^~~~~~~~~[m[K
[01m[K/home/pth/pth/model/Go2_simulator/src/controls/go2_controller/include/Tools/Trajectories.cpp:[m[K At global scope:
[01m[K/home/pth/pth/model/Go2_simulator/src/controls/go2_controller/include/Tools/Trajectories.cpp:37:17:[m[K [01;31m[Kerror: [m[Kno declaration matches ‘[01m[KTrajectoryPoint Trajectories::Quintic_Joint(int, double, Eigen::Vector3d, Eigen::Vector3d)[m[K’
   37 | TrajectoryPoint [01;31m[KTrajectories[m[K::Quintic_Joint(int tick, double motion_time, Eigen::Vector3d q_start_, Eigen::Vector3d q_final_)
      |                 [01;31m[K^~~~~~~~~~~~[m[K
[01m[K/home/pth/pth/model/Go2_simulator/src/controls/go2_controller/include/Tools/Trajectories.cpp:37:17:[m[K [01;36m[Knote: [m[Kno functions named ‘[01m[KTrajectoryPoint Trajectories::Quintic_Joint(int, double, Eigen::Vector3d, Eigen::Vector3d)[m[K’
In file included from [01m[K/home/pth/pth/model/Go2_simulator/src/controls/go2_controller/include/Tools/Trajectories.cpp:1[m[K:
[01m[K/home/pth/pth/model/Go2_simulator/src/controls/go2_controller/include/Tools/Trajectories.hpp:24:7:[m[K [01;36m[Knote: [m[K‘[01m[Kclass Trajectories[m[K’ defined here
   24 | class [01;36m[KTrajectories[m[K
      |       [01;36m[K^~~~~~~~~~~~[m[K
[01m[K/home/pth/pth/model/Go2_simulator/src/controls/go2_controller/include/Tools/Trajectories.cpp:[m[K In member function ‘[01m[KTrajectoryPoint Trajectories::Quintic_Task(int, double, Eigen::Vector3d, Eigen::Vector3d)[m[K’:
[01m[K/home/pth/pth/model/Go2_simulator/src/controls/go2_controller/include/Tools/Trajectories.cpp:118:16:[m[K [01;31m[Kerror: [m[K‘[01m[Kx_current[m[K’ was not declared in this scope
  118 |     B.row(0) = [01;31m[Kx_current[m[K.transpose();
      |                [01;31m[K^~~~~~~~~[m[K
[01m[K/home/pth/pth/model/Go2_simulator/src/controls/go2_controller/include/Tools/Trajectories.cpp:121:16:[m[K [01;31m[Kerror: [m[K‘[01m[Kx_final[m[K’ was not declared in this scope; did you mean ‘[01m[KEE_final_[m[K’?
  121 |     B.row(3) = [01;31m[Kx_final[m[K.transpose();
      |                [01;31m[K^~~~~~~[m[K
      |                [32m[KEE_final_[m[K
make[2]: *** [include/Tools/CMakeFiles/Tools.dir/build.make:107: include/Tools/CMakeFiles/Tools.dir/Trajectories.cpp.o] Error 1
make[2]: *** Waiting for unfinished jobs....
In file included from [01m[K/home/pth/pth/model/Go2_simulator/src/controls/go2_controller/include/go2_controller.h:45[m[K,
                 from [01m[K/home/pth/pth/model/Go2_simulator/src/controls/go2_controller/include/Tools/TaskSpacePDControl.cpp:1[m[K:
[01m[K/home/pth/pth/model/Go2_simulator/src/controls/go2_controller/include/Tools/Trajectories.hpp:61:69:[m[K [01;31m[Kerror: [m[Kredefinition of ‘[01m[Kdouble period[m[K’
   61 |     Eigen::Vector3d Sinusoidal_Task(int tick, double period, [01;31m[Kdouble period[m[K Eigen::VectorXd EE_start_, Eigen::VectorXd EE_final_);
      |                                                              [01;31m[K~~~~~~~^~~~~~[m[K
[01m[K/home/pth/pth/model/Go2_simulator/src/controls/go2_controller/include/Tools/Trajectories.hpp:61:54:[m[K [01;36m[Knote: [m[K‘[01m[Kdouble period[m[K’ previously declared here
   61 |     Eigen::Vector3d Sinusoidal_Task(int tick, [01;36m[Kdouble period[m[K, double period Eigen::VectorXd EE_start_, Eigen::VectorXd EE_final_);
      |                                               [01;36m[K~~~~~~~^~~~~~[m[K
[01m[K/home/pth/pth/model/Go2_simulator/src/controls/go2_controller/include/Tools/Trajectories.hpp:61:76:[m[K [01;31m[Kerror: [m[Kexpected ‘[01m[K,[m[K’ or ‘[01m[K...[m[K’ before ‘[01m[KEigen[m[K’
   61 |     Eigen::Vector3d Sinusoidal_Task(int tick, double period, double period [01;31m[KEigen[m[K::VectorXd EE_start_, Eigen::VectorXd EE_final_);
      |                                                                            [01;31m[K^~~~~[m[K
[01m[K/home/pth/pth/model/Go2_simulator/src/controls/go2_controller/include/Tools/Trajectories.hpp:62:76:[m[K [01;31m[Kerror: [m[Kredefinition of ‘[01m[Kdouble period[m[K’
   62 |     Eigen::Vector3d Sinusoidal_Task_Rotate(int tick, double period, [01;31m[Kdouble period[m[K Eigen::VectorXd EE_start_, Eigen::VectorXd EE_final_);
      |                                                                     [01;31m[K~~~~~~~^~~~~~[m[K
[01m[K/home/pth/pth/model/Go2_simulator/src/controls/go2_controller/include/Tools/Trajectories.hpp:62:61:[m[K [01;36m[Knote: [m[K‘[01m[Kdouble period[m[K’ previously declared here
   62 |     Eigen::Vector3d Sinusoidal_Task_Rotate(int tick, [01;36m[Kdouble period[m[K, double period Eigen::VectorXd EE_start_, Eigen::VectorXd EE_final_);
      |                                                      [01;36m[K~~~~~~~^~~~~~[m[K
[01m[K/home/pth/pth/model/Go2_simulator/src/controls/go2_controller/include/Tools/Trajectories.hpp:62:83:[m[K [01;31m[Kerror: [m[Kexpected ‘[01m[K,[m[K’ or ‘[01m[K...[m[K’ before ‘[01m[KEigen[m[K’
   62 |     Eigen::Vector3d Sinusoidal_Task_Rotate(int tick, double period, double period [01;31m[KEigen[m[K::VectorXd EE_start_, Eigen::VectorXd EE_final_);
      |                                                                                   [01;31m[K^~~~~[m[K
[01m[K/home/pth/pth/model/Go2_simulator/src/controls/go2_controller/include/Tools/Trajectories.hpp:[m[K In member function ‘[01m[KEigen::MatrixXd Trajectories::Get_Coefficient_Matrix()[m[K’:
[01m[K/home/pth/pth/model/Go2_simulator/src/controls/go2_controller/include/Tools/Trajectories.hpp:67:55:[m[K [01;31m[Kerror: [m[K‘[01m[KA_Matrix[m[K’ was not declared in this scope; did you mean ‘[01m[Kcsc_matrix[m[K’?
   67 |     Eigen::MatrixXd Get_Coefficient_Matrix() { return [01;31m[KA_Matrix[m[K; };
      |                                                       [01;31m[K^~~~~~~~[m[K
      |                                                       [32m[Kcsc_matrix[m[K
make[2]: *** [include/Tools/CMakeFiles/Tools.dir/build.make:121: include/Tools/CMakeFiles/Tools.dir/TaskSpacePDControl.cpp.o] Error 1
make[1]: *** [CMakeFiles/Makefile2:3113: include/Tools/CMakeFiles/Tools.dir/all] Error 2
make: *** [Makefile:146: all] Error 2
