In file included from [01m[K/home/pth/pth/model/Go2_simulator/src/controls/go2_controller/include/Tools/Trajectories.cpp:1[m[K:
[01m[K/home/pth/pth/model/Go2_simulator/src/controls/go2_controller/include/Tools/Trajectories.hpp:57:18:[m[K [01;31m[Kerror: [m[Kredeclaration of ‘[01m[KQuinticJoint Trajectories::Desired[m[K’
   57 |     QuinticJoint [01;31m[KDesired[m[K;
      |                  [01;31m[K^~~~~~~[m[K
[01m[K/home/pth/pth/model/Go2_simulator/src/controls/go2_controller/include/Tools/Trajectories.hpp:56:17:[m[K [01;36m[Knote: [m[Kprevious declaration ‘[01m[KQuinticTask Trajectories::Desired[m[K’
   56 |     QuinticTask [01;36m[KDesired[m[K;
      |                 [01;36m[K^~~~~~~[m[K
[01m[K/home/pth/pth/model/Go2_simulator/src/controls/go2_controller/include/Tools/Trajectories.hpp:72:5:[m[K [01;31m[Kerror: [m[K‘[01m[KTrajectoryPoint[m[K’ does not name a type; did you mean ‘[01m[KTrajectories[m[K’?
   72 |     [01;31m[KTrajectoryPoint[m[K Quintic_Task_rostime(ros::Time &start_time, double motion_time, const Eigen::Vector3d &x_current, const Eigen::Vector3d &x_final);
      |     [01;31m[K^~~~~~~~~~~~~~~[m[K
      |     [32m[KTrajectories[m[K
[01m[K/home/pth/pth/model/Go2_simulator/src/controls/go2_controller/include/Tools/Trajectories.cpp:157:1:[m[K [01;31m[Kerror: [m[K‘[01m[KTrajectoryPoint[m[K’ does not name a type; did you mean ‘[01m[KTrajectories[m[K’?
  157 | [01;31m[KTrajectoryPoint[m[K Trajectories::Quintic_Task_rostime(ros::Time &start_time, double motion_time, const Eigen::Vector3d &x_current, const Eigen::Vector3d &x_final)
      | [01;31m[K^~~~~~~~~~~~~~~[m[K
      | [32m[KTrajectories[m[K
make[2]: *** [include/Tools/CMakeFiles/Tools.dir/build.make:107: include/Tools/CMakeFiles/Tools.dir/Trajectories.cpp.o] Error 1
make[2]: *** Waiting for unfinished jobs....
In file included from [01m[K/home/pth/pth/model/Go2_simulator/src/controls/go2_controller/include/go2_controller.h:45[m[K,
                 from [01m[K/home/pth/pth/model/Go2_simulator/src/controls/go2_controller/include/Tools/TaskSpacePDControl.cpp:1[m[K:
[01m[K/home/pth/pth/model/Go2_simulator/src/controls/go2_controller/include/Tools/Trajectories.hpp:57:18:[m[K [01;31m[Kerror: [m[Kredeclaration of ‘[01m[KQuinticJoint Trajectories::Desired[m[K’
   57 |     QuinticJoint [01;31m[KDesired[m[K;
      |                  [01;31m[K^~~~~~~[m[K
[01m[K/home/pth/pth/model/Go2_simulator/src/controls/go2_controller/include/Tools/Trajectories.hpp:56:17:[m[K [01;36m[Knote: [m[Kprevious declaration ‘[01m[KQuinticTask Trajectories::Desired[m[K’
   56 |     QuinticTask [01;36m[KDesired[m[K;
      |                 [01;36m[K^~~~~~~[m[K
[01m[K/home/pth/pth/model/Go2_simulator/src/controls/go2_controller/include/Tools/Trajectories.hpp:72:5:[m[K [01;31m[Kerror: [m[K‘[01m[KTrajectoryPoint[m[K’ does not name a type; did you mean ‘[01m[KTrajectories[m[K’?
   72 |     [01;31m[KTrajectoryPoint[m[K Quintic_Task_rostime(ros::Time &start_time, double motion_time, const Eigen::Vector3d &x_current, const Eigen::Vector3d &x_final);
      |     [01;31m[K^~~~~~~~~~~~~~~[m[K
      |     [32m[KTrajectories[m[K
In file included from [01m[K/home/pth/pth/model/Go2_simulator/src/controls/go2_controller/include/Tools/TaskSpacePDControl.cpp:1[m[K:
[01m[K/home/pth/pth/model/Go2_simulator/src/controls/go2_controller/include/go2_controller.h:107:5:[m[K [01;31m[Kerror: [m[K‘[01m[KTrajectoryPoint[m[K’ does not name a type; did you mean ‘[01m[KTrajectories[m[K’?
  107 |     [01;31m[KTrajectoryPoint[m[K Quintic_Task(ros::Time &start_time, double motion_time, Eigen::Vector3d &x_current, Eigen::Vector3d &x_final);
      |     [01;31m[K^~~~~~~~~~~~~~~[m[K
      |     [32m[KTrajectories[m[K
[01m[K/home/pth/pth/model/Go2_simulator/src/controls/go2_controller/include/go2_controller.h:226:5:[m[K [01;31m[Kerror: [m[K‘[01m[KTrajectoryPoint[m[K’ does not name a type; did you mean ‘[01m[KTrajectories[m[K’?
  226 |     [01;31m[KTrajectoryPoint[m[K Sinusoidal_Task(ros::Time &start_time, double period,
      |     [01;31m[K^~~~~~~~~~~~~~~[m[K
      |     [32m[KTrajectories[m[K
make[2]: *** [include/Tools/CMakeFiles/Tools.dir/build.make:121: include/Tools/CMakeFiles/Tools.dir/TaskSpacePDControl.cpp.o] Error 1
make[1]: *** [CMakeFiles/Makefile2:3113: include/Tools/CMakeFiles/Tools.dir/all] Error 2
make: *** [Makefile:146: all] Error 2
