[01m[K/home/pth/pth/model/Go2_simulator/src/controls/go2_controller/src/go2_controller.cpp:[m[K In member function ‘[01m[Kvoid go2_controller::Squating()[m[K’:
[01m[K/home/pth/pth/model/Go2_simulator/src/controls/go2_controller/src/go2_controller.cpp:302:47:[m[K [01;31m[Kerror: [m[Kcannot convert ‘[01m[Kros::Time[m[K’ to ‘[01m[Kint[m[K’
  302 |     QuinticTask FL_target = PLAN.Quintic_Task([01;31m[Kmotion_start_time_[m[K, motion_duration, EE_Pose_start[FL], EE_Pose_start[FL]);
      |                                               [01;31m[K^~~~~~~~~~~~~~~~~~[m[K
      |                                               [01;31m[K|[m[K
      |                                               [01;31m[Kros::Time[m[K
In file included from [01m[K/home/pth/pth/model/Go2_simulator/src/controls/go2_controller/include/go2_controller.h:45[m[K,
                 from [01m[K/home/pth/pth/model/Go2_simulator/src/controls/go2_controller/src/go2_controller.cpp:1[m[K:
[01m[K/home/pth/pth/model/Go2_simulator/src/controls/go2_controller/include/Tools/Trajectories.hpp:70:34:[m[K [01;36m[Knote: [m[K  initializing argument 1 of ‘[01m[KQuinticTask Trajectories::Quintic_Task(int, double, Eigen::Vector3d, Eigen::Vector3d)[m[K’
   70 |     QuinticTask Quintic_Task([01;36m[Kint tick[m[K, double motion_time, Eigen::Vector3d EE_start_, Eigen::Vector3d EE_final_);
      |                              [01;36m[K~~~~^~~~[m[K
[01m[K/home/pth/pth/model/Go2_simulator/src/controls/go2_controller/src/go2_controller.cpp:303:47:[m[K [01;31m[Kerror: [m[Kcannot convert ‘[01m[Kros::Time[m[K’ to ‘[01m[Kint[m[K’
  303 |     QuinticTask FR_target = PLAN.Quintic_Task([01;31m[Kmotion_start_time_[m[K, motion_duration, EE_Pose_start[FR], EE_Pose_start[FR]);
      |                                               [01;31m[K^~~~~~~~~~~~~~~~~~[m[K
      |                                               [01;31m[K|[m[K
      |                                               [01;31m[Kros::Time[m[K
In file included from [01m[K/home/pth/pth/model/Go2_simulator/src/controls/go2_controller/include/go2_controller.h:45[m[K,
                 from [01m[K/home/pth/pth/model/Go2_simulator/src/controls/go2_controller/src/go2_controller.cpp:1[m[K:
[01m[K/home/pth/pth/model/Go2_simulator/src/controls/go2_controller/include/Tools/Trajectories.hpp:70:34:[m[K [01;36m[Knote: [m[K  initializing argument 1 of ‘[01m[KQuinticTask Trajectories::Quintic_Task(int, double, Eigen::Vector3d, Eigen::Vector3d)[m[K’
   70 |     QuinticTask Quintic_Task([01;36m[Kint tick[m[K, double motion_time, Eigen::Vector3d EE_start_, Eigen::Vector3d EE_final_);
      |                              [01;36m[K~~~~^~~~[m[K
[01m[K/home/pth/pth/model/Go2_simulator/src/controls/go2_controller/src/go2_controller.cpp:304:47:[m[K [01;31m[Kerror: [m[Kcannot convert ‘[01m[Kros::Time[m[K’ to ‘[01m[Kint[m[K’
  304 |     QuinticTask RL_target = PLAN.Quintic_Task([01;31m[Kmotion_start_time_[m[K, motion_duration, EE_Pose_start[RL], EE_Pose_start[RL]);
      |                                               [01;31m[K^~~~~~~~~~~~~~~~~~[m[K
      |                                               [01;31m[K|[m[K
      |                                               [01;31m[Kros::Time[m[K
In file included from [01m[K/home/pth/pth/model/Go2_simulator/src/controls/go2_controller/include/go2_controller.h:45[m[K,
                 from [01m[K/home/pth/pth/model/Go2_simulator/src/controls/go2_controller/src/go2_controller.cpp:1[m[K:
[01m[K/home/pth/pth/model/Go2_simulator/src/controls/go2_controller/include/Tools/Trajectories.hpp:70:34:[m[K [01;36m[Knote: [m[K  initializing argument 1 of ‘[01m[KQuinticTask Trajectories::Quintic_Task(int, double, Eigen::Vector3d, Eigen::Vector3d)[m[K’
   70 |     QuinticTask Quintic_Task([01;36m[Kint tick[m[K, double motion_time, Eigen::Vector3d EE_start_, Eigen::Vector3d EE_final_);
      |                              [01;36m[K~~~~^~~~[m[K
[01m[K/home/pth/pth/model/Go2_simulator/src/controls/go2_controller/src/go2_controller.cpp:305:47:[m[K [01;31m[Kerror: [m[Kcannot convert ‘[01m[Kros::Time[m[K’ to ‘[01m[Kint[m[K’
  305 |     QuinticTask RR_target = PLAN.Quintic_Task([01;31m[Kmotion_start_time_[m[K, motion_duration, EE_Pose_start[RR], EE_Pose_start[RR]);
      |                                               [01;31m[K^~~~~~~~~~~~~~~~~~[m[K
      |                                               [01;31m[K|[m[K
      |                                               [01;31m[Kros::Time[m[K
In file included from [01m[K/home/pth/pth/model/Go2_simulator/src/controls/go2_controller/include/go2_controller.h:45[m[K,
                 from [01m[K/home/pth/pth/model/Go2_simulator/src/controls/go2_controller/src/go2_controller.cpp:1[m[K:
[01m[K/home/pth/pth/model/Go2_simulator/src/controls/go2_controller/include/Tools/Trajectories.hpp:70:34:[m[K [01;36m[Knote: [m[K  initializing argument 1 of ‘[01m[KQuinticTask Trajectories::Quintic_Task(int, double, Eigen::Vector3d, Eigen::Vector3d)[m[K’
   70 |     QuinticTask Quintic_Task([01;36m[Kint tick[m[K, double motion_time, Eigen::Vector3d EE_start_, Eigen::Vector3d EE_final_);
      |                              [01;36m[K~~~~^~~~[m[K
[01m[K/home/pth/pth/model/Go2_simulator/src/controls/go2_controller/src/go2_controller.cpp:[m[K In member function ‘[01m[Kvoid go2_controller::Init()[m[K’:
[01m[K/home/pth/pth/model/Go2_simulator/src/controls/go2_controller/src/go2_controller.cpp:7:11:[m[K [01;35m[Kwarning: [m[Kignoring return value of ‘[01m[Kint system(const char*)[m[K’, declared with attribute warn_unused_result [[01;35m[K-Wunused-result[m[K]
    7 |     [01;35m[Ksystem("clear")[m[K;
      |     [01;35m[K~~~~~~^~~~~~~~~[m[K
make[2]: *** [CMakeFiles/go2_controller.dir/build.make:79: CMakeFiles/go2_controller.dir/src/go2_controller.cpp.o] Error 1
make[1]: *** [CMakeFiles/Makefile2:2775: CMakeFiles/go2_controller.dir/all] Error 2
make: *** [Makefile:146: all] Error 2
