In file included from [01m[K/home/pth/pth/model/Go2_simulator/src/controls/go2_controller/include/Tools/Trajectories.cpp:1[m[K:
[01m[K/home/pth/pth/model/Go2_simulator/src/controls/go2_controller/include/Tools/Trajectories.hpp:82:107:[m[K [01;31m[Kerror: [m[Kexpected ‘[01m[K;[m[K’ at end of member declaration
   82 |     Eigen::Vector3d Raibert_Heuristic(int leg, Eigen::Vector3d p_com, Eigen::Vector3d v_com, double T_Gait[01;31m[K)[m[K
      |                                                                                                           [01;31m[K^[m[K
      |                                                                                                            [32m[K;[m[K
[01m[K/home/pth/pth/model/Go2_simulator/src/controls/go2_controller/include/Tools/Trajectories.cpp:259:8:[m[K [01;31m[Kerror: [m[Kno declaration matches ‘[01m[Kdouble Trajectories::Raibert_Heuristic(int, Eigen::Vector3d, Eigen::Vector3d, double)[m[K’
  259 | double [01;31m[KTrajectories[m[K::Raibert_Heuristic(int leg, Eigen::Vector3d p_com, Eigen::Vector3d v_com, double T_Gait)
      |        [01;31m[K^~~~~~~~~~~~[m[K
In file included from [01m[K/home/pth/pth/model/Go2_simulator/src/controls/go2_controller/include/Tools/Trajectories.cpp:1[m[K:
[01m[K/home/pth/pth/model/Go2_simulator/src/controls/go2_controller/include/Tools/Trajectories.hpp:82:21:[m[K [01;36m[Knote: [m[Kcandidates are: ‘[01m[KEigen::Vector3d Trajectories::Raibert_Heuristic(int, Eigen::Vector3d, Eigen::Vector3d, double)[m[K’
   82 |     Eigen::Vector3d [01;36m[KRaibert_Heuristic[m[K(int leg, Eigen::Vector3d p_com, Eigen::Vector3d v_com, double T_Gait)
      |                     [01;36m[K^~~~~~~~~~~~~~~~~[m[K
[01m[K/home/pth/pth/model/Go2_simulator/src/controls/go2_controller/include/Tools/Trajectories.hpp:69:12:[m[K [01;36m[Knote: [m[K                ‘[01m[Kdouble Trajectories::Raibert_Heuristic()[m[K’
   69 |     double [01;36m[KRaibert_Heuristic[m[K();
      |            [01;36m[K^~~~~~~~~~~~~~~~~[m[K
In file included from [01m[K/home/pth/pth/model/Go2_simulator/src/controls/go2_controller/include/Tools/Trajectories.cpp:1[m[K:
[01m[K/home/pth/pth/model/Go2_simulator/src/controls/go2_controller/include/Tools/Trajectories.hpp:30:7:[m[K [01;36m[Knote: [m[K‘[01m[Kclass Trajectories[m[K’ defined here
   30 | class [01;36m[KTrajectories[m[K
      |       [01;36m[K^~~~~~~~~~~~[m[K
make[2]: *** [include/Tools/CMakeFiles/Tools.dir/build.make:107: include/Tools/CMakeFiles/Tools.dir/Trajectories.cpp.o] Error 1
make[2]: *** Waiting for unfinished jobs....
In file included from [01m[K/home/pth/pth/model/Go2_simulator/src/controls/go2_controller/include/go2_controller.h:45[m[K,
                 from [01m[K/home/pth/pth/model/Go2_simulator/src/controls/go2_controller/include/Tools/TaskSpacePDControl.cpp:1[m[K:
[01m[K/home/pth/pth/model/Go2_simulator/src/controls/go2_controller/include/Tools/Trajectories.hpp:82:107:[m[K [01;31m[Kerror: [m[Kexpected ‘[01m[K;[m[K’ at end of member declaration
   82 |     Eigen::Vector3d Raibert_Heuristic(int leg, Eigen::Vector3d p_com, Eigen::Vector3d v_com, double T_Gait[01;31m[K)[m[K
      |                                                                                                           [01;31m[K^[m[K
      |                                                                                                            [32m[K;[m[K
make[2]: *** [include/Tools/CMakeFiles/Tools.dir/build.make:121: include/Tools/CMakeFiles/Tools.dir/TaskSpacePDControl.cpp.o] Error 1
make[1]: *** [CMakeFiles/Makefile2:3113: include/Tools/CMakeFiles/Tools.dir/all] Error 2
make: *** [Makefile:146: all] Error 2
