[01m[K/home/pth/pth/model/Go2_simulator/src/controls/go2_controller/src/go2_controller.cpp:[m[K In member function ‘[01m[Kvoid go2_controller::Squating()[m[K’:
[01m[K/home/pth/pth/model/Go2_simulator/src/controls/go2_controller/src/go2_controller.cpp:302:5:[m[K [01;31m[Kerror: [m[K‘[01m[KTrajectoryPoint[m[K’ was not declared in this scope; did you mean ‘[01m[KTrajectories[m[K’?
  302 |     [01;31m[KTrajectoryPoint[m[K FL_target = PLAN.Quintic_Task(motion_start_time_, motion_duration, EE_Pose_start[FL], EE_Pose_start[FL]);
      |     [01;31m[K^~~~~~~~~~~~~~~[m[K
      |     [32m[KTrajectories[m[K
[01m[K/home/pth/pth/model/Go2_simulator/src/controls/go2_controller/src/go2_controller.cpp:303:20:[m[K [01;31m[Kerror: [m[Kexpected ‘[01m[K;[m[K’ before ‘[01m[KFR_target[m[K’
  303 |     TrajectoryPoint[01;31m[K [m[K[32m[KFR_target[m[K = PLAN.Quintic_Task(motion_start_time_, motion_duration, EE_Pose_start[FR], EE_Pose_start[FR]);
      |                    [01;31m[K^[m[K[32m[K~~~~~~~~~[m[K
      |                    [32m[K;[m[K
[01m[K/home/pth/pth/model/Go2_simulator/src/controls/go2_controller/src/go2_controller.cpp:304:20:[m[K [01;31m[Kerror: [m[Kexpected ‘[01m[K;[m[K’ before ‘[01m[KRL_target[m[K’
  304 |     TrajectoryPoint[01;31m[K [m[K[32m[KRL_target[m[K = PLAN.Quintic_Task(motion_start_time_, motion_duration, EE_Pose_start[RL], EE_Pose_start[RL]);
      |                    [01;31m[K^[m[K[32m[K~~~~~~~~~[m[K
      |                    [32m[K;[m[K
[01m[K/home/pth/pth/model/Go2_simulator/src/controls/go2_controller/src/go2_controller.cpp:305:20:[m[K [01;31m[Kerror: [m[Kexpected ‘[01m[K;[m[K’ before ‘[01m[KRR_target[m[K’
  305 |     TrajectoryPoint[01;31m[K [m[K[32m[KRR_target[m[K = PLAN.Quintic_Task(motion_start_time_, motion_duration, EE_Pose_start[RR], EE_Pose_start[RR]);
      |                    [01;31m[K^[m[K[32m[K~~~~~~~~~[m[K
      |                    [32m[K;[m[K
[01m[K/home/pth/pth/model/Go2_simulator/src/controls/go2_controller/src/go2_controller.cpp:308:27:[m[K [01;31m[Kerror: [m[K‘[01m[KFL_target[m[K’ was not declared in this scope
  308 |     EE_Pose_desired[FL] = [01;31m[KFL_target[m[K.position;
      |                           [01;31m[K^~~~~~~~~[m[K
[01m[K/home/pth/pth/model/Go2_simulator/src/controls/go2_controller/src/go2_controller.cpp:309:27:[m[K [01;31m[Kerror: [m[K‘[01m[KFR_target[m[K’ was not declared in this scope
  309 |     EE_Pose_desired[FR] = [01;31m[KFR_target[m[K.position;
      |                           [01;31m[K^~~~~~~~~[m[K
[01m[K/home/pth/pth/model/Go2_simulator/src/controls/go2_controller/src/go2_controller.cpp:310:27:[m[K [01;31m[Kerror: [m[K‘[01m[KRL_target[m[K’ was not declared in this scope
  310 |     EE_Pose_desired[RL] = [01;31m[KRL_target[m[K.position;
      |                           [01;31m[K^~~~~~~~~[m[K
[01m[K/home/pth/pth/model/Go2_simulator/src/controls/go2_controller/src/go2_controller.cpp:311:27:[m[K [01;31m[Kerror: [m[K‘[01m[KRR_target[m[K’ was not declared in this scope
  311 |     EE_Pose_desired[RR] = [01;31m[KRR_target[m[K.position;
      |                           [01;31m[K^~~~~~~~~[m[K
[01m[K/home/pth/pth/model/Go2_simulator/src/controls/go2_controller/src/go2_controller.cpp:[m[K In member function ‘[01m[Kvoid go2_controller::Init()[m[K’:
[01m[K/home/pth/pth/model/Go2_simulator/src/controls/go2_controller/src/go2_controller.cpp:7:11:[m[K [01;35m[Kwarning: [m[Kignoring return value of ‘[01m[Kint system(const char*)[m[K’, declared with attribute warn_unused_result [[01;35m[K-Wunused-result[m[K]
    7 |     [01;35m[Ksystem("clear")[m[K;
      |     [01;35m[K~~~~~~^~~~~~~~~[m[K
make[2]: *** [CMakeFiles/go2_controller.dir/build.make:79: CMakeFiles/go2_controller.dir/src/go2_controller.cpp.o] Error 1
make[1]: *** [CMakeFiles/Makefile2:2775: CMakeFiles/go2_controller.dir/all] Error 2
make: *** [Makefile:146: all] Error 2
