[  0%] [0mBuilt target geometry_msgs_generate_messages_eus[0m
[  0%] [0mBuilt target go2_controller_xacro_generated_to_devel_space_[0m
[  0%] [0mBuilt target geometry_msgs_generate_messages_cpp[0m
[  0%] [0mBuilt target geometry_msgs_generate_messages_lisp[0m
[  0%] [0mBuilt target geometry_msgs_generate_messages_nodejs[0m
[  0%] [0mBuilt target geometry_msgs_generate_messages_py[0m
[  0%] [0mBuilt target std_msgs_generate_messages_cpp[0m
[  0%] [0mBuilt target std_msgs_generate_messages_nodejs[0m
[  0%] [0mBuilt target std_msgs_generate_messages_lisp[0m
[  0%] [0mBuilt target std_msgs_generate_messages_eus[0m
[  0%] [0mBuilt target std_msgs_generate_messages_py[0m
[  0%] [0mBuilt target roscpp_generate_messages_cpp[0m
[  0%] [0mBuilt target roscpp_generate_messages_eus[0m
[  0%] [0mBuilt target roscpp_generate_messages_lisp[0m
[  0%] [0mBuilt target roscpp_generate_messages_py[0m
[  0%] [0mBuilt target roscpp_generate_messages_nodejs[0m
[  0%] [0mBuilt target rosgraph_msgs_generate_messages_lisp[0m
[  0%] [0mBuilt target rosgraph_msgs_generate_messages_eus[0m
[  0%] [0mBuilt target rosgraph_msgs_generate_messages_nodejs[0m
[  0%] [0mBuilt target rosgraph_msgs_generate_messages_py[0m
[  0%] [0mBuilt target rosgraph_msgs_generate_messages_cpp[0m
[  0%] [0mBuilt target sensor_msgs_generate_messages_cpp[0m
[  0%] [0mBuilt target sensor_msgs_generate_messages_eus[0m
[  0%] [0mBuilt target sensor_msgs_generate_messages_lisp[0m
[  0%] [0mBuilt target sensor_msgs_generate_messages_nodejs[0m
[  0%] [0mBuilt target tf_generate_messages_cpp[0m
[  0%] [0mBuilt target tf_generate_messages_eus[0m
[  0%] [0mBuilt target sensor_msgs_generate_messages_py[0m
[  0%] [0mBuilt target tf_generate_messages_lisp[0m
[  0%] [0mBuilt target tf_generate_messages_nodejs[0m
[  0%] [0mBuilt target tf_generate_messages_py[0m
[  0%] [0mBuilt target actionlib_generate_messages_lisp[0m
[  0%] [0mBuilt target actionlib_generate_messages_py[0m
[  0%] [0mBuilt target actionlib_generate_messages_eus[0m
[  0%] [0mBuilt target actionlib_generate_messages_cpp[0m
[  0%] [0mBuilt target actionlib_generate_messages_nodejs[0m
[  0%] [0mBuilt target actionlib_msgs_generate_messages_cpp[0m
[  0%] [0mBuilt target actionlib_msgs_generate_messages_eus[0m
[  0%] [0mBuilt target actionlib_msgs_generate_messages_lisp[0m
[  0%] [0mBuilt target tf2_msgs_generate_messages_eus[0m
[  0%] [0mBuilt target actionlib_msgs_generate_messages_nodejs[0m
[  0%] [0mBuilt target actionlib_msgs_generate_messages_py[0m
[ 11%] [32mBuilding CXX object CMakeFiles/go2_controller.dir/src/go2_controller.cpp.o[0m
[ 11%] [0mBuilt target tf2_msgs_generate_messages_cpp[0m
[ 11%] [0mBuilt target tf2_msgs_generate_messages_lisp[0m
[ 11%] [0mBuilt target gazebo_ros_gencfg[0m
[ 11%] [0mBuilt target std_srvs_generate_messages_cpp[0m
[ 11%] [0mBuilt target tf2_msgs_generate_messages_py[0m
[ 11%] [0mBuilt target tf2_msgs_generate_messages_nodejs[0m
[ 11%] [0mBuilt target std_srvs_generate_messages_eus[0m
[ 11%] [0mBuilt target std_srvs_generate_messages_lisp[0m
[ 11%] [0mBuilt target std_srvs_generate_messages_nodejs[0m
[ 11%] [0mBuilt target std_srvs_generate_messages_py[0m
[ 11%] [0mBuilt target dynamic_reconfigure_generate_messages_cpp[0m
[ 11%] [0mBuilt target dynamic_reconfigure_generate_messages_eus[0m
[ 11%] [0mBuilt target dynamic_reconfigure_generate_messages_py[0m
[ 11%] [0mBuilt target dynamic_reconfigure_generate_messages_lisp[0m
[ 11%] [0mBuilt target dynamic_reconfigure_gencfg[0m
[ 11%] [0mBuilt target dynamic_reconfigure_generate_messages_nodejs[0m
[ 11%] [0mBuilt target gazebo_msgs_generate_messages_eus[0m
[ 11%] [0mBuilt target gazebo_msgs_generate_messages_py[0m
[ 11%] [0mBuilt target gazebo_msgs_generate_messages_lisp[0m
[ 11%] [0mBuilt target gazebo_msgs_generate_messages_nodejs[0m
[ 11%] [0mBuilt target trajectory_msgs_generate_messages_eus[0m
[ 11%] [0mBuilt target gazebo_msgs_generate_messages_cpp[0m
[ 11%] [0mBuilt target trajectory_msgs_generate_messages_cpp[0m
[ 11%] [0mBuilt target trajectory_msgs_generate_messages_lisp[0m
[ 11%] [0mBuilt target trajectory_msgs_generate_messages_py[0m
[ 11%] [0mBuilt target controller_manager_msgs_generate_messages_cpp[0m
[ 11%] [0mBuilt target controller_manager_msgs_generate_messages_eus[0m
[ 11%] [0mBuilt target trajectory_msgs_generate_messages_nodejs[0m
[ 11%] [0mBuilt target controller_manager_msgs_generate_messages_lisp[0m
[ 11%] [0mBuilt target controller_manager_msgs_generate_messages_nodejs[0m
[ 11%] [0mBuilt target controller_manager_msgs_generate_messages_py[0m
[01m[K/home/pth/pth/model/Go2_simulator/src/controls/go2_controller/src/go2_controller.cpp:[m[K In member function ‘[01m[Kvoid go2_controller::Command(bool)[m[K’:
[01m[K/home/pth/pth/model/Go2_simulator/src/controls/go2_controller/src/go2_controller.cpp:61:31:[m[K [01;31m[Kerror: [m[K‘[01m[KSQUAT_START[m[K’ was not declared in this scope
   61 |                 controlmode = [01;31m[KSQUAT_START[m[K;
      |                               [01;31m[K^~~~~~~~~~~[m[K
[01m[K/home/pth/pth/model/Go2_simulator/src/controls/go2_controller/src/go2_controller.cpp:65:14:[m[K [01;31m[Kerror: [m[K‘[01m[KSQUAT_START[m[K’ was not declared in this scope
   65 |         case [01;31m[KSQUAT_START[m[K: // [수정됨] SQUATING_INIT 대신 사용
      |              [01;31m[K^~~~~~~~~~~[m[K
[01m[K/home/pth/pth/model/Go2_simulator/src/controls/go2_controller/src/go2_controller.cpp:83:27:[m[K [01;31m[Kerror: [m[K‘[01m[KSQUAT_DOWN[m[K’ was not declared in this scope
   83 |             controlmode = [01;31m[KSQUAT_DOWN[m[K; // 다음 틱부터 SQUAT_DOWN 실행
      |                           [01;31m[K^~~~~~~~~~[m[K
[01m[K/home/pth/pth/model/Go2_simulator/src/controls/go2_controller/src/go2_controller.cpp:89:14:[m[K [01;31m[Kerror: [m[K‘[01m[KSQUAT_DOWN[m[K’ was not declared in this scope
   89 |         case [01;31m[KSQUAT_DOWN[m[K:
      |              [01;31m[K^~~~~~~~~~[m[K
[01m[K/home/pth/pth/model/Go2_simulator/src/controls/go2_controller/src/go2_controller.cpp:110:31:[m[K [01;31m[Kerror: [m[K‘[01m[KSQUAT_UP[m[K’ was not declared in this scope
  110 |                 controlmode = [01;31m[KSQUAT_UP[m[K; // 상태 변경
      |                               [01;31m[K^~~~~~~~[m[K
[01m[K/home/pth/pth/model/Go2_simulator/src/controls/go2_controller/src/go2_controller.cpp:114:14:[m[K [01;31m[Kerror: [m[K‘[01m[KSQUAT_UP[m[K’ was not declared in this scope
  114 |         case [01;31m[KSQUAT_UP[m[K:
      |              [01;31m[K^~~~~~~~[m[K
[01m[K/home/pth/pth/model/Go2_simulator/src/controls/go2_controller/src/go2_controller.cpp:[m[K In member function ‘[01m[Kvoid go2_controller::Init()[m[K’:
[01m[K/home/pth/pth/model/Go2_simulator/src/controls/go2_controller/src/go2_controller.cpp:6:11:[m[K [01;35m[Kwarning: [m[Kignoring return value of ‘[01m[Kint system(const char*)[m[K’, declared with attribute warn_unused_result [[01;35m[K-Wunused-result[m[K]
    6 |     [01;35m[Ksystem("clear")[m[K;
      |     [01;35m[K~~~~~~^~~~~~~~~[m[K
make[2]: *** [CMakeFiles/go2_controller.dir/build.make:79: CMakeFiles/go2_controller.dir/src/go2_controller.cpp.o] Error 1
make[1]: *** [CMakeFiles/Makefile2:2729: CMakeFiles/go2_controller.dir/all] Error 2
make: *** [Makefile:146: all] Error 2
