[01m[K/home/pth/pth/model/Go2_simulator/src/controls/go2_controller/src/go2_controller.cpp:419:6:[m[K [01;31m[Kerror: [m[Kno declaration matches ‘[01m[Kvoid go2_controller::SwingLeg_Control()[m[K’
  419 | void [01;31m[Kgo2_controller[m[K::SwingLeg_Control()
      |      [01;31m[K^~~~~~~~~~~~~~[m[K
In file included from [01m[K/home/pth/pth/model/Go2_simulator/src/controls/go2_controller/src/go2_controller.cpp:1[m[K:
[01m[K/home/pth/pth/model/Go2_simulator/src/controls/go2_controller/include/go2_controller.h:110:10:[m[K [01;36m[Knote: [m[Kcandidate is: ‘[01m[Kvoid go2_controller::SwingLeg_Control(int)[m[K’
  110 |     void [01;36m[KSwingLeg_Control[m[K(int leg);
      |          [01;36m[K^~~~~~~~~~~~~~~~[m[K
In file included from [01m[K/home/pth/pth/model/Go2_simulator/src/controls/go2_controller/src/go2_controller.cpp:1[m[K:
[01m[K/home/pth/pth/model/Go2_simulator/src/controls/go2_controller/include/go2_controller.h:64:7:[m[K [01;36m[Knote: [m[K‘[01m[Kclass go2_controller[m[K’ defined here
   64 | class [01;36m[Kgo2_controller[m[K
      |       [01;36m[K^~~~~~~~~~~~~~[m[K
[01m[K/home/pth/pth/model/Go2_simulator/src/controls/go2_controller/src/go2_controller.cpp:[m[K In member function ‘[01m[Kvoid go2_controller::Posture_Control()[m[K’:
[01m[K/home/pth/pth/model/Go2_simulator/src/controls/go2_controller/src/go2_controller.cpp:472:22:[m[K [01;31m[Kerror: [m[Kno matching function for call to ‘[01m[Kgo2_controller::SwingLeg_Control()[m[K’
  472 |     SwingLeg_Control([01;31m[K)[m[K;
      |                      [01;31m[K^[m[K
In file included from [01m[K/home/pth/pth/model/Go2_simulator/src/controls/go2_controller/src/go2_controller.cpp:1[m[K:
[01m[K/home/pth/pth/model/Go2_simulator/src/controls/go2_controller/include/go2_controller.h:110:10:[m[K [01;36m[Knote: [m[Kcandidate: ‘[01m[Kvoid go2_controller::SwingLeg_Control(int)[m[K’
  110 |     void [01;36m[KSwingLeg_Control[m[K(int leg);
      |          [01;36m[K^~~~~~~~~~~~~~~~[m[K
[01m[K/home/pth/pth/model/Go2_simulator/src/controls/go2_controller/include/go2_controller.h:110:10:[m[K [01;36m[Knote: [m[K  candidate expects 1 argument, 0 provided
[01m[K/home/pth/pth/model/Go2_simulator/src/controls/go2_controller/src/go2_controller.cpp:[m[K In member function ‘[01m[Kvoid go2_controller::Init()[m[K’:
[01m[K/home/pth/pth/model/Go2_simulator/src/controls/go2_controller/src/go2_controller.cpp:6:11:[m[K [01;35m[Kwarning: [m[Kignoring return value of ‘[01m[Kint system(const char*)[m[K’, declared with attribute warn_unused_result [[01;35m[K-Wunused-result[m[K]
    6 |     [01;35m[Ksystem("clear")[m[K;
      |     [01;35m[K~~~~~~^~~~~~~~~[m[K
make[2]: *** [CMakeFiles/go2_controller.dir/build.make:79: CMakeFiles/go2_controller.dir/src/go2_controller.cpp.o] Error 1
make[1]: *** [CMakeFiles/Makefile2:2775: CMakeFiles/go2_controller.dir/all] Error 2
make: *** [Makefile:146: all] Error 2
