[01m[K/home/pth/pth/model/Go2_simulator/src/controls/go2_controller/src/go2_controller.cpp:[m[K In member function ‘[01m[Kvoid go2_controller::Swing_Control()[m[K’:
[01m[K/home/pth/pth/model/Go2_simulator/src/controls/go2_controller/src/go2_controller.cpp:421:52:[m[K [01;31m[Kerror: [m[Kinvalid operands of types ‘[01m[KEigen::Vector3d [4][m[K’ {aka ‘[01m[KEigen::Matrix<double, 3, 1> [4][m[K’} and ‘[01m[Kconst double[m[K’ to binary ‘[01m[Koperator+[m[K’
  421 |             EE_Pose_final[leg].z() = [32m[KEE_Pose_start[m[K [01;31m[K+[m[K [34m[Kstep_height[m[K;
      |                                      [32m[K~~~~~~~~~~~~~[m[K [01;31m[K^[m[K [34m[K~~~~~~~~~~~[m[K
      |                                      [32m[K|[m[K               [34m[K|[m[K
      |                                      [32m[K|[m[K               [34m[Kconst double[m[K
      |                                      [32m[KEigen::Vector3d [4] {aka Eigen::Matrix<double, 3, 1> [4]}[m[K
[01m[K/home/pth/pth/model/Go2_simulator/src/controls/go2_controller/src/go2_controller.cpp:[m[K In member function ‘[01m[Kvoid go2_controller::Posture_Control()[m[K’:
[01m[K/home/pth/pth/model/Go2_simulator/src/controls/go2_controller/src/go2_controller.cpp:461:10:[m[K [01;31m[Kerror: [m[Kexpected primary-expression before ‘[01m[K)[m[K’ token
  461 |     for ([01;31m[K)[m[K
      |          [01;31m[K^[m[K
[01m[K/home/pth/pth/model/Go2_simulator/src/controls/go2_controller/src/go2_controller.cpp:465:5:[m[K [01;31m[Kerror: [m[Kexpected primary-expression before ‘[01m[Kfor[m[K’
  465 |     [01;31m[Kfor[m[K (int leg = 0; leg < NUM_LEG; leg++)
      |     [01;31m[K^~~[m[K
[01m[K/home/pth/pth/model/Go2_simulator/src/controls/go2_controller/src/go2_controller.cpp:463:21:[m[K [01;31m[Kerror: [m[Kexpected ‘[01m[K;[m[K’ before ‘[01m[Kfor[m[K’
  463 |     Swing_Control();
      |                     [01;31m[K^[m[K
      |                     [32m[K;[m[K
  464 | 
  465 |     [32m[Kfor[m[K (int leg = 0; leg < NUM_LEG; leg++)
      |     [32m[K~~~[m[K              
[01m[K/home/pth/pth/model/Go2_simulator/src/controls/go2_controller/src/go2_controller.cpp:465:5:[m[K [01;31m[Kerror: [m[Kexpected primary-expression before ‘[01m[Kfor[m[K’
  465 |     [01;31m[Kfor[m[K (int leg = 0; leg < NUM_LEG; leg++)
      |     [01;31m[K^~~[m[K
[01m[K/home/pth/pth/model/Go2_simulator/src/controls/go2_controller/src/go2_controller.cpp:463:21:[m[K [01;31m[Kerror: [m[Kexpected ‘[01m[K)[m[K’ before ‘[01m[Kfor[m[K’
  463 |     Swing_Control();
      |                     [01;31m[K^[m[K
      |                     [32m[K)[m[K
  464 | 
  465 |     [32m[Kfor[m[K (int leg = 0; leg < NUM_LEG; leg++)
      |     [32m[K~~~[m[K              
[01m[K/home/pth/pth/model/Go2_simulator/src/controls/go2_controller/src/go2_controller.cpp:461:9:[m[K [01;36m[Knote: [m[Kto match this ‘[01m[K([m[K’
  461 |     for [01;36m[K([m[K)
      |         [01;36m[K^[m[K
[01m[K/home/pth/pth/model/Go2_simulator/src/controls/go2_controller/src/go2_controller.cpp:[m[K In member function ‘[01m[Kvoid go2_controller::Init()[m[K’:
[01m[K/home/pth/pth/model/Go2_simulator/src/controls/go2_controller/src/go2_controller.cpp:7:11:[m[K [01;35m[Kwarning: [m[Kignoring return value of ‘[01m[Kint system(const char*)[m[K’, declared with attribute warn_unused_result [[01;35m[K-Wunused-result[m[K]
    7 |     [01;35m[Ksystem("clear")[m[K;
      |     [01;35m[K~~~~~~^~~~~~~~~[m[K
make[2]: *** [CMakeFiles/go2_controller.dir/build.make:79: CMakeFiles/go2_controller.dir/src/go2_controller.cpp.o] Error 1
make[1]: *** [CMakeFiles/Makefile2:2775: CMakeFiles/go2_controller.dir/all] Error 2
make: *** [Makefile:146: all] Error 2
