[01m[Kc++:[m[K [01;31m[Kerror: [m[K/home/pth/pth/model/Go2_simulator/src/controls/go2_controller/src/Kinematics.cpp: No such file or directory
[01m[Kc++:[m[K [01;31m[Kfatal error: [m[Kno input files
compilation terminated.
make[2]: *** [CMakeFiles/go2_controller.dir/build.make:93: CMakeFiles/go2_controller.dir/src/Kinematics.cpp.o] Error 1
make[2]: *** Waiting for unfinished jobs....
In file included from [01m[K/home/pth/pth/model/Go2_simulator/src/controls/go2_controller/include/go2_controller.h:39[m[K,
                 from [01m[K/home/pth/pth/model/Go2_simulator/src/controls/go2_controller/src/go2_controller.cpp:1[m[K:
[01m[K/home/pth/pth/model/Go2_simulator/src/controls/go2_controller/include/Tools/SingleRigidBody.hpp:43:60:[m[K [01;31m[Kerror: [m[Kexpected ‘[01m[K;[m[K’ at end of member declaration
   43 |     Eigen::Matrix3d MakeCross2Skew(const Eigen::Vector3d &p[01;31m[K)[m[K
      |                                                            [01;31m[K^[m[K
      |                                                             [32m[K;[m[K
[01m[K/home/pth/pth/model/Go2_simulator/src/controls/go2_controller/include/Tools/SingleRigidBody.hpp:44:77:[m[K [01;31m[Kerror: [m[Kexpected ‘[01m[K;[m[K’ at end of member declaration
   44 |     Eigen::Matrix3d MakeMatrix2Skew(Eigen::Matrix3d &R1, Eigen::Matrix3d &R2[01;31m[K)[m[K void Update_A_Matrix()
      |                                                                             [01;31m[K^[m[K
      |                                                                              [32m[K;[m[K
[01m[K/home/pth/pth/model/Go2_simulator/src/controls/go2_controller/include/Tools/SingleRigidBody.hpp:44:100:[m[K [01;31m[Kerror: [m[Kexpected ‘[01m[K;[m[K’ at end of member declaration
   44 |     Eigen::Matrix3d MakeMatrix2Skew(Eigen::Matrix3d &R1, Eigen::Matrix3d &R2) void Update_A_Matrix([01;31m[K)[m[K
      |                                                                                                    [01;31m[K^[m[K
      |                                                                                                     [32m[K;[m[K
[01m[K/home/pth/pth/model/Go2_simulator/src/controls/go2_controller/include/Tools/SingleRigidBody.hpp:66:2:[m[K [01;31m[Kerror: [m[Kexpected ‘[01m[K;[m[K’ after class definition
   66 | }
      |  [01;31m[K^[m[K
      |  [32m[K;[m[K
[01m[K/home/pth/pth/model/Go2_simulator/src/controls/go2_controller/include/Tools/SingleRigidBody.hpp:[m[K In member function ‘[01m[KEigen::VectorXd SingleRigidBody::Get_Computed_Force()[m[K’:
[01m[K/home/pth/pth/model/Go2_simulator/src/controls/go2_controller/include/Tools/SingleRigidBody.hpp:65:57:[m[K [01;31m[Kerror: [m[Kexpected ‘[01m[K;[m[K’ before ‘[01m[K}[m[K’ token
   65 |     Eigen::VectorXd Get_Computed_Force() { return F_body[01;31m[K [m[K[32m[K}[m[K
      |                                                         [01;31m[K^[m[K[32m[K~[m[K
      |                                                         [32m[K;[m[K
In file included from [01m[K/home/pth/pth/model/Go2_simulator/src/controls/go2_controller/include/go2_controller.h:40[m[K,
                 from [01m[K/home/pth/pth/model/Go2_simulator/src/controls/go2_controller/src/go2_controller.cpp:1[m[K:
[01m[K/home/pth/pth/model/Go2_simulator/src/controls/go2_controller/include/Tools/Kinematics.hpp:[m[K At global scope:
[01m[K/home/pth/pth/model/Go2_simulator/src/controls/go2_controller/include/Tools/Kinematics.hpp:55:80:[m[K [01;31m[Kerror: [m[Kexpected ‘[01m[K;[m[K’ at end of member declaration
   55 |     void Forward_Kinematics(const Eigen::Vector3d& q, const Eigen::Vector3d& dq[01;31m[K)[m[K
      |                                                                                [01;31m[K^[m[K
      |                                                                                 [32m[K;[m[K
[01m[K/home/pth/pth/model/Go2_simulator/src/controls/go2_controller/include/Tools/Kinematics.hpp:56:43:[m[K [01;31m[Kerror: [m[Kexpected ‘[01m[K;[m[K’ at end of member declaration
   56 |     void Jacobian(const Eigen::VectorXd& q[01;31m[K)[m[K
      |                                           [01;31m[K^[m[K
      |                                            [32m[K;[m[K
[01m[K/home/pth/pth/model/Go2_simulator/src/controls/go2_controller/include/Tools/Kinematics.hpp:59:2:[m[K [01;31m[Kerror: [m[Kexpected ‘[01m[K;[m[K’ after class definition
   59 | }
      |  [01;31m[K^[m[K
      |  [32m[K;[m[K
In file included from [01m[K/home/pth/pth/model/Go2_simulator/src/controls/go2_controller/src/go2_controller.cpp:1[m[K:
[01m[K/home/pth/pth/model/Go2_simulator/src/controls/go2_controller/include/go2_controller.h:58:6:[m[K [01;31m[Kerror: [m[Kmultiple definition of ‘[01m[Kenum Leg_Num[m[K’
   58 | enum [01;31m[KLeg_Num[m[K
      |      [01;31m[K^~~~~~~[m[K
In file included from [01m[K/home/pth/pth/model/Go2_simulator/src/controls/go2_controller/include/go2_controller.h:40[m[K,
                 from [01m[K/home/pth/pth/model/Go2_simulator/src/controls/go2_controller/src/go2_controller.cpp:1[m[K:
[01m[K/home/pth/pth/model/Go2_simulator/src/controls/go2_controller/include/Tools/Kinematics.hpp:8:6:[m[K [01;36m[Knote: [m[Kprevious definition here
    8 | enum [01;36m[KLeg_Num[m[K
      |      [01;36m[K^~~~~~~[m[K
[01m[K/home/pth/pth/model/Go2_simulator/src/controls/go2_controller/src/go2_controller.cpp:[m[K In member function ‘[01m[Kvoid go2_controller::Command(bool)[m[K’:
[01m[K/home/pth/pth/model/Go2_simulator/src/controls/go2_controller/src/go2_controller.cpp:67:31:[m[K [01;31m[Kerror: [m[Kcannot convert ‘[01m[KSingleRigidBody[m[K’ to ‘[01m[KControlMode[m[K’ in assignment
   67 |                 controlmode = [01;31m[KSRBM[m[K;
      |                               [01;31m[K^~~~[m[K
      |                               [01;31m[K|[m[K
      |                               [01;31m[KSingleRigidBody[m[K
[01m[K/home/pth/pth/model/Go2_simulator/src/controls/go2_controller/src/go2_controller.cpp:76:14:[m[K [01;31m[Kerror: [m[Kuse of ‘[01m[Kthis[m[K’ in a constant expression
   76 |         case [01;31m[KSRBM[m[K:
      |              [01;31m[K^~~~[m[K
[01m[K/home/pth/pth/model/Go2_simulator/src/controls/go2_controller/src/go2_controller.cpp:76:14:[m[K [01;31m[Kerror: [m[Kcould not convert ‘[01m[K((go2_controller*)this)->go2_controller::SRBM[m[K’ from ‘[01m[KSingleRigidBody[m[K’ to ‘[01m[Kint[m[K’
[01m[K/home/pth/pth/model/Go2_simulator/src/controls/go2_controller/src/go2_controller.cpp:[m[K In member function ‘[01m[Kvoid go2_controller::Init()[m[K’:
[01m[K/home/pth/pth/model/Go2_simulator/src/controls/go2_controller/src/go2_controller.cpp:6:11:[m[K [01;35m[Kwarning: [m[Kignoring return value of ‘[01m[Kint system(const char*)[m[K’, declared with attribute warn_unused_result [[01;35m[K-Wunused-result[m[K]
    6 |     [01;35m[Ksystem("clear")[m[K;
      |     [01;35m[K~~~~~~^~~~~~~~~[m[K
make[2]: *** [CMakeFiles/go2_controller.dir/build.make:79: CMakeFiles/go2_controller.dir/src/go2_controller.cpp.o] Error 1
make[1]: *** [CMakeFiles/Makefile2:2729: CMakeFiles/go2_controller.dir/all] Error 2
make: *** [Makefile:146: all] Error 2
