[  0%] [0mBuilt target go2_controller_xacro_generated_to_devel_space_[0m
[ 79%] [0mBuilt target osqpeigen[0m
[ 79%] [0mBuilt target geometry_msgs_generate_messages_cpp[0m
[ 79%] [0mBuilt target geometry_msgs_generate_messages_eus[0m
[ 79%] [0mBuilt target geometry_msgs_generate_messages_lisp[0m
[ 79%] [0mBuilt target geometry_msgs_generate_messages_nodejs[0m
[ 79%] [0mBuilt target geometry_msgs_generate_messages_py[0m
[ 79%] [0mBuilt target std_msgs_generate_messages_cpp[0m
[ 79%] [0mBuilt target std_msgs_generate_messages_eus[0m
[ 79%] [0mBuilt target std_msgs_generate_messages_lisp[0m
[ 79%] [0mBuilt target std_msgs_generate_messages_nodejs[0m
[ 79%] [0mBuilt target std_msgs_generate_messages_py[0m
[ 79%] [0mBuilt target roscpp_generate_messages_cpp[0m
[ 79%] [0mBuilt target roscpp_generate_messages_eus[0m
[ 79%] [0mBuilt target roscpp_generate_messages_lisp[0m
[ 79%] [0mBuilt target roscpp_generate_messages_nodejs[0m
[ 79%] [0mBuilt target roscpp_generate_messages_py[0m
[ 79%] [0mBuilt target rosgraph_msgs_generate_messages_cpp[0m
[ 79%] [0mBuilt target rosgraph_msgs_generate_messages_eus[0m
[ 79%] [0mBuilt target rosgraph_msgs_generate_messages_lisp[0m
[ 79%] [0mBuilt target rosgraph_msgs_generate_messages_nodejs[0m
[ 79%] [0mBuilt target rosgraph_msgs_generate_messages_py[0m
[ 79%] [0mBuilt target sensor_msgs_generate_messages_cpp[0m
[ 79%] [0mBuilt target sensor_msgs_generate_messages_eus[0m
[ 79%] [0mBuilt target sensor_msgs_generate_messages_lisp[0m
[ 79%] [0mBuilt target sensor_msgs_generate_messages_nodejs[0m
[ 79%] [0mBuilt target sensor_msgs_generate_messages_py[0m
[ 79%] [0mBuilt target tf_generate_messages_cpp[0m
[ 79%] [0mBuilt target tf_generate_messages_eus[0m
[ 79%] [0mBuilt target tf_generate_messages_lisp[0m
[ 79%] [0mBuilt target tf_generate_messages_nodejs[0m
[ 79%] [0mBuilt target actionlib_generate_messages_cpp[0m
[ 79%] [0mBuilt target tf_generate_messages_py[0m
[ 79%] [0mBuilt target actionlib_generate_messages_eus[0m
[ 79%] [0mBuilt target actionlib_generate_messages_lisp[0m
[ 79%] [0mBuilt target actionlib_generate_messages_nodejs[0m
[ 79%] [0mBuilt target actionlib_generate_messages_py[0m
[ 79%] [0mBuilt target actionlib_msgs_generate_messages_cpp[0m
[ 79%] [0mBuilt target actionlib_msgs_generate_messages_lisp[0m
[ 79%] [0mBuilt target actionlib_msgs_generate_messages_eus[0m
[ 79%] [0mBuilt target actionlib_msgs_generate_messages_nodejs[0m
[ 79%] [0mBuilt target actionlib_msgs_generate_messages_py[0m
[ 79%] [0mBuilt target tf2_msgs_generate_messages_cpp[0m
[ 79%] [0mBuilt target tf2_msgs_generate_messages_eus[0m
[ 79%] [0mBuilt target tf2_msgs_generate_messages_lisp[0m
[ 79%] [0mBuilt target tf2_msgs_generate_messages_nodejs[0m
[ 79%] [0mBuilt target tf2_msgs_generate_messages_py[0m
[ 79%] [0mBuilt target gazebo_ros_gencfg[0m
[ 79%] [0mBuilt target std_srvs_generate_messages_cpp[0m
[ 79%] [0mBuilt target std_srvs_generate_messages_eus[0m
[ 79%] [0mBuilt target std_srvs_generate_messages_lisp[0m
[ 79%] [0mBuilt target std_srvs_generate_messages_nodejs[0m
[ 79%] [0mBuilt target std_srvs_generate_messages_py[0m
[ 79%] [0mBuilt target dynamic_reconfigure_generate_messages_cpp[0m
[ 79%] [0mBuilt target dynamic_reconfigure_generate_messages_eus[0m
[ 79%] [0mBuilt target dynamic_reconfigure_generate_messages_lisp[0m
[ 79%] [0mBuilt target dynamic_reconfigure_generate_messages_nodejs[0m
[ 79%] [0mBuilt target dynamic_reconfigure_generate_messages_py[0m
[ 79%] [0mBuilt target dynamic_reconfigure_gencfg[0m
[ 79%] [0mBuilt target gazebo_msgs_generate_messages_lisp[0m
[ 79%] [0mBuilt target gazebo_msgs_generate_messages_cpp[0m
[ 79%] [0mBuilt target gazebo_msgs_generate_messages_eus[0m
[ 79%] [0mBuilt target gazebo_msgs_generate_messages_nodejs[0m
[ 79%] [0mBuilt target gazebo_msgs_generate_messages_py[0m
[ 79%] [0mBuilt target trajectory_msgs_generate_messages_eus[0m
[ 79%] [0mBuilt target trajectory_msgs_generate_messages_cpp[0m
[ 79%] [0mBuilt target trajectory_msgs_generate_messages_lisp[0m
[ 79%] [0mBuilt target trajectory_msgs_generate_messages_py[0m
[ 79%] [0mBuilt target trajectory_msgs_generate_messages_nodejs[0m
[ 79%] [0mBuilt target controller_manager_msgs_generate_messages_cpp[0m
[ 79%] [0mBuilt target controller_manager_msgs_generate_messages_eus[0m
[ 79%] [0mBuilt target controller_manager_msgs_generate_messages_lisp[0m
[ 79%] [0mBuilt target controller_manager_msgs_generate_messages_nodejs[0m
[ 79%] [0mBuilt target controller_manager_msgs_generate_messages_py[0m
[ 81%] [32mBuilding CXX object include/Tools/CMakeFiles/Tools.dir/TaskSpacePDControl.cpp.o[0m
[ 83%] [32mBuilding CXX object include/Tools/CMakeFiles/Tools.dir/SingleRigidBody.cpp.o[0m
[01m[K/home/pth/pth/model/Go2_simulator/src/controls/go2_controller/include/Tools/SingleRigidBody.cpp:144:6:[m[K [01;31m[Kerror: [m[Kno declaration matches ‘[01m[Kvoid SingleRigidBody::Compute_b_Vector(const Vector3d&, const Matrix3d&, double, double, double, double)[m[K’
  144 | void [01;31m[KSingleRigidBody[m[K::Compute_b_Vector(const Eigen::Vector3d &p_des_world, const Eigen::Matrix3d &R_des_body,
      |      [01;31m[K^~~~~~~~~~~~~~~[m[K
In file included from [01m[K/home/pth/pth/model/Go2_simulator/src/controls/go2_controller/include/Tools/SingleRigidBody.cpp:1[m[K:
[01m[K/home/pth/pth/model/Go2_simulator/src/controls/go2_controller/include/Tools/SingleRigidBody.hpp:84:10:[m[K [01;36m[Knote: [m[Kcandidate is: ‘[01m[Kvoid SingleRigidBody::Compute_b_Vector(const Vector3d&, const Matrix3d&, Eigen::Matrix3d, Eigen::Matrix3d, Eigen::Matrix3d, Eigen::Matrix3d)[m[K’
   84 |     void [01;36m[KCompute_b_Vector[m[K(const Eigen::Vector3d &p_des_world, const Eigen::Matrix3d &R_des_body,
      |          [01;36m[K^~~~~~~~~~~~~~~~[m[K
In file included from [01m[K/home/pth/pth/model/Go2_simulator/src/controls/go2_controller/include/Tools/SingleRigidBody.cpp:1[m[K:
[01m[K/home/pth/pth/model/Go2_simulator/src/controls/go2_controller/include/Tools/SingleRigidBody.hpp:16:7:[m[K [01;36m[Knote: [m[K‘[01m[Kclass SingleRigidBody[m[K’ defined here
   16 | class [01;36m[KSingleRigidBody[m[K
      |       [01;36m[K^~~~~~~~~~~~~~~[m[K
make[2]: *** [include/Tools/CMakeFiles/Tools.dir/build.make:79: include/Tools/CMakeFiles/Tools.dir/SingleRigidBody.cpp.o] Error 1
make[2]: *** Waiting for unfinished jobs....
make[1]: *** [CMakeFiles/Makefile2:3113: include/Tools/CMakeFiles/Tools.dir/all] Error 2
make: *** [Makefile:146: all] Error 2
