[01m[K/home/pth/pth/model/Go2_simulator/src/controls/go2_controller/include/Tools/Trajectories.cpp:[m[K In constructor ‘[01m[KTrajectories::Trajectories()[m[K’:
[01m[K/home/pth/pth/model/Go2_simulator/src/controls/go2_controller/include/Tools/Trajectories.cpp:13:5:[m[K [01;31m[Kerror: [m[K‘[01m[Kfrequecy[m[K’ was not declared in this scope; did you mean ‘[01m[Kfrequency[m[K’?
   13 |     [01;31m[Kfrequecy[m[K = 500.0;
      |     [01;31m[K^~~~~~~~[m[K
      |     [32m[Kfrequency[m[K
[01m[K/home/pth/pth/model/Go2_simulator/src/controls/go2_controller/include/Tools/Trajectories.cpp:[m[K In function ‘[01m[Kvoid Set_Coefficient_QuinticJoint(int&, double, Eigen::VectorXd, Eigen::VectorXd)[m[K’:
[01m[K/home/pth/pth/model/Go2_simulator/src/controls/go2_controller/include/Tools/Trajectories.cpp:24:9:[m[K [01;31m[Kerror: [m[K‘[01m[KMotion_Flag[m[K’ was not declared in this scope
   24 |     if ([01;31m[KMotion_Flag[m[K == 0)
      |         [01;31m[K^~~~~~~~~~~[m[K
[01m[K/home/pth/pth/model/Go2_simulator/src/controls/go2_controller/include/Tools/Trajectories.cpp:[m[K In function ‘[01m[KEigen::VectorXd Compute_QuinticJoint(double, Eigen::MatrixXd)[m[K’:
[01m[K/home/pth/pth/model/Go2_simulator/src/controls/go2_controller/include/Tools/Trajectories.cpp:34:20:[m[K [01;31m[Kerror: [m[K‘[01m[Kt1[m[K’ was not declared in this scope; did you mean ‘[01m[Kt5[m[K’?
   34 |     t_vector << 1, [01;31m[Kt1[m[K, t2, t3, t4, t5;
      |                    [01;31m[K^~[m[K
      |                    [32m[Kt5[m[K
[01m[K/home/pth/pth/model/Go2_simulator/src/controls/go2_controller/include/Tools/Trajectories.cpp:[m[K In function ‘[01m[KEigen::VectorXd Sinusoidal_Joint(int&, double, Eigen::VectorXd, Eigen::VectorXd)[m[K’:
[01m[K/home/pth/pth/model/Go2_simulator/src/controls/go2_controller/include/Tools/Trajectories.cpp:43:21:[m[K [01;31m[Kerror: [m[K‘[01m[Kfrequency[m[K’ was not declared in this scope
   43 |     double period = [01;31m[Kfrequency[m[K * motion_time;
      |                     [01;31m[K^~~~~~~~~[m[K
[01m[K/home/pth/pth/model/Go2_simulator/src/controls/go2_controller/include/Tools/Trajectories.cpp:48:9:[m[K [01;31m[Kerror: [m[K‘[01m[Kq_desired[m[K’ was not declared in this scope
   48 |         [01;31m[Kq_desired[m[K = q_start_ + (q_final_ - q_start_) * 0.5(1 - cos(3.14 * (init_time) / period));
      |         [01;31m[K^~~~~~~~~[m[K
[01m[K/home/pth/pth/model/Go2_simulator/src/controls/go2_controller/include/Tools/Trajectories.cpp:48:96:[m[K [01;31m[Kerror: [m[Kexpression cannot be used as a function
   48 |         q_desired = q_start_ + (q_final_ - q_start_) * 0.5(1 - cos(3.14 * (init_time) / period)[01;31m[K)[m[K;
      |                                                                                                [01;31m[K^[m[K
[01m[K/home/pth/pth/model/Go2_simulator/src/controls/go2_controller/include/Tools/Trajectories.cpp:52:9:[m[K [01;31m[Kerror: [m[K‘[01m[Kq_desired[m[K’ was not declared in this scope
   52 |         [01;31m[Kq_desired[m[K = q_final;
      |         [01;31m[K^~~~~~~~~[m[K
[01m[K/home/pth/pth/model/Go2_simulator/src/controls/go2_controller/include/Tools/Trajectories.cpp:52:21:[m[K [01;31m[Kerror: [m[K‘[01m[Kq_final[m[K’ was not declared in this scope; did you mean ‘[01m[Kq_final_[m[K’?
   52 |         q_desired = [01;31m[Kq_final[m[K;
      |                     [01;31m[K^~~~~~~[m[K
      |                     [32m[Kq_final_[m[K
[01m[K/home/pth/pth/model/Go2_simulator/src/controls/go2_controller/include/Tools/Trajectories.cpp:55:12:[m[K [01;31m[Kerror: [m[K‘[01m[Kq_desired[m[K’ was not declared in this scope
   55 |     return [01;31m[Kq_desired[m[K;
      |            [01;31m[K^~~~~~~~~[m[K
[01m[K/home/pth/pth/model/Go2_simulator/src/controls/go2_controller/include/Tools/Trajectories.cpp:[m[K At global scope:
[01m[K/home/pth/pth/model/Go2_simulator/src/controls/go2_controller/include/Tools/Trajectories.cpp:175:17:[m[K [01;31m[Kerror: [m[Kno declaration matches ‘[01m[KEigen::VectorXd Trajectories::Quintic_Joint(double&, double, const VectorXd&, const VectorXd&)[m[K’
  175 | Eigen::VectorXd [01;31m[KTrajectories[m[K::Quintic_Joint(double &tick, double motion_time, const Eigen::VectorXd &q_start, const Eigen::VectorXd &q_final)
      |                 [01;31m[K^~~~~~~~~~~~[m[K
In file included from [01m[K/home/pth/pth/model/Go2_simulator/src/controls/go2_controller/include/Tools/Trajectories.cpp:1[m[K:
[01m[K/home/pth/pth/model/Go2_simulator/src/controls/go2_controller/include/Tools/Trajectories.hpp:62:21:[m[K [01;36m[Knote: [m[Kcandidate is: ‘[01m[KEigen::VectorXd Trajectories::Quintic_Joint(double, double, const VectorXd&, const VectorXd&)[m[K’
   62 |     Eigen::VectorXd [01;36m[KQuintic_Joint[m[K(double t, double motion_time, const Eigen::VectorXd &q_start, const Eigen::VectorXd &q_final);
      |                     [01;36m[K^~~~~~~~~~~~~[m[K
In file included from [01m[K/home/pth/pth/model/Go2_simulator/src/controls/go2_controller/include/Tools/Trajectories.cpp:1[m[K:
[01m[K/home/pth/pth/model/Go2_simulator/src/controls/go2_controller/include/Tools/Trajectories.hpp:25:7:[m[K [01;36m[Knote: [m[K‘[01m[Kclass Trajectories[m[K’ defined here
   25 | class [01;36m[KTrajectories[m[K
      |       [01;36m[K^~~~~~~~~~~~[m[K
make[2]: *** [include/Tools/CMakeFiles/Tools.dir/build.make:107: include/Tools/CMakeFiles/Tools.dir/Trajectories.cpp.o] Error 1
make[2]: *** Waiting for unfinished jobs....
make[1]: *** [CMakeFiles/Makefile2:3113: include/Tools/CMakeFiles/Tools.dir/all] Error 2
make: *** [Makefile:146: all] Error 2
