[01m[K/home/pth/pth/model/Go2_simulator/src/controls/go2_controller/src/go2_controller.cpp:[m[K In member function ‘[01m[Kvoid go2_controller::SRBMControl()[m[K’:
[01m[K/home/pth/pth/model/Go2_simulator/src/controls/go2_controller/src/go2_controller.cpp:365:22:[m[K [01;31m[Kerror: [m[K‘[01m[KTrot_gait[m[K’ was not declared in this scope; did you mean ‘[01m[KTrot_Gait[m[K’?
  365 |     CENT.Set_GaitRef([01;31m[KTrot_gait[m[K);
      |                      [01;31m[K^~~~~~~~~[m[K
      |                      [32m[KTrot_Gait[m[K
[01m[K/home/pth/pth/model/Go2_simulator/src/controls/go2_controller/src/go2_controller.cpp:[m[K In member function ‘[01m[Kvoid go2_controller::Posture_Control()[m[K’:
[01m[K/home/pth/pth/model/Go2_simulator/src/controls/go2_controller/src/go2_controller.cpp:429:13:[m[K [01;31m[Kerror: [m[K‘[01m[KTrot_gait[m[K’ was not declared in this scope; did you mean ‘[01m[KTrot_Gait[m[K’?
  429 |         if ([01;31m[KTrot_gait[m[K[leg](0) == 0)  // Trot_Gait[leg](0) == STANCE , Contact_State[leg] == STANCE
      |             [01;31m[K^~~~~~~~~[m[K
      |             [32m[KTrot_Gait[m[K
[01m[K/home/pth/pth/model/Go2_simulator/src/controls/go2_controller/src/go2_controller.cpp:[m[K In member function ‘[01m[Kvoid go2_controller::StanceLeg_Control(int)[m[K’:
[01m[K/home/pth/pth/model/Go2_simulator/src/controls/go2_controller/src/go2_controller.cpp:465:5:[m[K [01;31m[Kerror: [m[K‘[01m[KLeg_force[m[K’ was not declared in this scope; did you mean ‘[01m[KLeg_Force[m[K’?
  465 |     [01;31m[KLeg_force[m[K[leg](X) = GRF(3 * leg);
      |     [01;31m[K^~~~~~~~~[m[K
      |     [32m[KLeg_Force[m[K
[01m[K/home/pth/pth/model/Go2_simulator/src/controls/go2_controller/src/go2_controller.cpp:[m[K In member function ‘[01m[Kvoid go2_controller::Init()[m[K’:
[01m[K/home/pth/pth/model/Go2_simulator/src/controls/go2_controller/src/go2_controller.cpp:6:11:[m[K [01;35m[Kwarning: [m[Kignoring return value of ‘[01m[Kint system(const char*)[m[K’, declared with attribute warn_unused_result [[01;35m[K-Wunused-result[m[K]
    6 |     [01;35m[Ksystem("clear")[m[K;
      |     [01;35m[K~~~~~~^~~~~~~~~[m[K
make[2]: *** [CMakeFiles/go2_controller.dir/build.make:79: CMakeFiles/go2_controller.dir/src/go2_controller.cpp.o] Error 1
make[1]: *** [CMakeFiles/Makefile2:2775: CMakeFiles/go2_controller.dir/all] Error 2
make: *** [Makefile:146: all] Error 2
