[01m[K/home/pth/pth/model/Go2_simulator/src/controls/go2_controller/include/Tools/Centroidal_Dynamics.cpp:[m[K In member function ‘[01m[Kvoid Centroidal_Dynamics::Set_LinearMatrix()[m[K’:
[01m[K/home/pth/pth/model/Go2_simulator/src/controls/go2_controller/include/Tools/Centroidal_Dynamics.cpp:142:23:[m[K [01;31m[Kerror: [m[K‘[01m[Kleg[m[K’ was not declared in this scope; did you mean ‘[01m[Klog[m[K’?
  142 |     int rowBase = 5 * [01;31m[Kleg[m[K;
      |                       [01;31m[K^~~[m[K
      |                       [32m[Klog[m[K
make[2]: *** [include/Tools/CMakeFiles/Tools.dir/build.make:135: include/Tools/CMakeFiles/Tools.dir/Centroidal_Dynamics.cpp.o] Error 1
make[2]: *** Waiting for unfinished jobs....
In file included from [01m[K/home/pth/pth/model/Go2_simulator/src/controls/go2_controller/include/go2_controller.h:45[m[K,
                 from [01m[K/home/pth/pth/model/Go2_simulator/src/controls/go2_controller/include/Tools/TaskSpacePDControl.cpp:1[m[K:
[01m[K/home/pth/pth/model/Go2_simulator/src/controls/go2_controller/include/Tools/Centt.hpp:19:7:[m[K [01;31m[Kerror: [m[Kredefinition of ‘[01m[Kclass Centroidal_Dynamics[m[K’
   19 | class [01;31m[KCentroidal_Dynamics[m[K
      |       [01;31m[K^~~~~~~~~~~~~~~~~~~[m[K
In file included from [01m[K/home/pth/pth/model/Go2_simulator/src/controls/go2_controller/include/go2_controller.h:44[m[K,
                 from [01m[K/home/pth/pth/model/Go2_simulator/src/controls/go2_controller/include/Tools/TaskSpacePDControl.cpp:1[m[K:
[01m[K/home/pth/pth/model/Go2_simulator/src/controls/go2_controller/include/Tools/Centroidal_Dynamics.hpp:19:7:[m[K [01;36m[Knote: [m[Kprevious definition of ‘[01m[Kclass Centroidal_Dynamics[m[K’
   19 | class [01;36m[KCentroidal_Dynamics[m[K
      |       [01;36m[K^~~~~~~~~~~~~~~~~~~[m[K
make[2]: *** [include/Tools/CMakeFiles/Tools.dir/build.make:121: include/Tools/CMakeFiles/Tools.dir/TaskSpacePDControl.cpp.o] Error 1
make[1]: *** [CMakeFiles/Makefile2:3113: include/Tools/CMakeFiles/Tools.dir/all] Error 2
make: *** [Makefile:146: all] Error 2
