[  0%] [0mBuilt target geometry_msgs_generate_messages_cpp[0m
[  0%] [0mBuilt target go2_controller_xacro_generated_to_devel_space_[0m
[  0%] [0mBuilt target geometry_msgs_generate_messages_eus[0m
[  0%] [0mBuilt target geometry_msgs_generate_messages_lisp[0m
[  0%] [0mBuilt target geometry_msgs_generate_messages_nodejs[0m
[  0%] [0mBuilt target geometry_msgs_generate_messages_py[0m
[  2%] [32mBuilding C object include/Tools/OsqpEigen/CMakeFiles/osqpeigen.dir/cs.c.o[0m
[  2%] [0mBuilt target std_msgs_generate_messages_cpp[0m
[  2%] [0mBuilt target std_msgs_generate_messages_eus[0m
[  4%] [32mBuilding C object include/Tools/OsqpEigen/CMakeFiles/osqpeigen.dir/ctrlc.c.o[0m
[  6%] [32mBuilding CXX object include/Tools/OsqpEigen/CMakeFiles/osqpeigen.dir/Data.cpp.o[0m
[  8%] [32mBuilding CXX object include/Tools/OsqpEigen/CMakeFiles/osqpeigen.dir/Debug.cpp.o[0m
[  8%] [0mBuilt target std_msgs_generate_messages_lisp[0m
[ 11%] [32mBuilding C object include/Tools/OsqpEigen/CMakeFiles/osqpeigen.dir/error.c.o[0m
[ 11%] [0mBuilt target std_msgs_generate_messages_nodejs[0m
[ 13%] [32mBuilding C object include/Tools/OsqpEigen/CMakeFiles/osqpeigen.dir/kkt.c.o[0m
[ 15%] [32mBuilding C object include/Tools/OsqpEigen/CMakeFiles/osqpeigen.dir/lin_alg.c.o[0m
[ 17%] [32mBuilding C object include/Tools/OsqpEigen/CMakeFiles/osqpeigen.dir/lin_sys.c.o[0m
[ 20%] [32mBuilding C object include/Tools/OsqpEigen/CMakeFiles/osqpeigen.dir/osqp.c.o[0m
[ 20%] [0mBuilt target std_msgs_generate_messages_py[0m
[ 22%] [32mBuilding C object include/Tools/OsqpEigen/CMakeFiles/osqpeigen.dir/polish.c.o[0m
[ 22%] [0mBuilt target roscpp_generate_messages_cpp[0m
[ 22%] [0mBuilt target roscpp_generate_messages_eus[0m
[ 22%] [0mBuilt target roscpp_generate_messages_lisp[0m
[ 24%] [32mBuilding C object include/Tools/OsqpEigen/CMakeFiles/osqpeigen.dir/proj.c.o[0m
[ 26%] [32mBuilding C object include/Tools/OsqpEigen/CMakeFiles/osqpeigen.dir/scaling.c.o[0m
[ 28%] [32mBuilding CXX object include/Tools/OsqpEigen/CMakeFiles/osqpeigen.dir/Solver.cpp.o[0m
[ 28%] [0mBuilt target roscpp_generate_messages_nodejs[0m
[ 31%] [32mBuilding C object include/Tools/OsqpEigen/CMakeFiles/osqpeigen.dir/util.c.o[0m
[ 31%] [0mBuilt target roscpp_generate_messages_py[0m
[ 31%] [0mBuilt target rosgraph_msgs_generate_messages_cpp[0m
[ 33%] [32mBuilding C object include/Tools/OsqpEigen/CMakeFiles/osqpeigen.dir/qdldl_interface.c.o[0m
[ 33%] [0mBuilt target rosgraph_msgs_generate_messages_eus[0m
[ 35%] [32mBuilding C object include/Tools/OsqpEigen/CMakeFiles/osqpeigen.dir/auxil.c.o[0m
[ 37%] [32mBuilding CXX object include/Tools/OsqpEigen/CMakeFiles/osqpeigen.dir/Settings.cpp.o[0m
[ 40%] [32mBuilding C object include/Tools/OsqpEigen/CMakeFiles/osqpeigen.dir/SuiteSparse_config.c.o[0m
[ 42%] [32mBuilding C object include/Tools/OsqpEigen/CMakeFiles/osqpeigen.dir/pardiso_interface.c.o[0m
[ 44%] [32mBuilding C object include/Tools/OsqpEigen/CMakeFiles/osqpeigen.dir/pardiso_loader.c.o[0m
[ 46%] [32mBuilding C object include/Tools/OsqpEigen/CMakeFiles/osqpeigen.dir/lib_handler.c.o[0m
[ 48%] [32mBuilding C object include/Tools/OsqpEigen/CMakeFiles/osqpeigen.dir/amd_1.c.o[0m
[ 51%] [32mBuilding C object include/Tools/OsqpEigen/CMakeFiles/osqpeigen.dir/amd_2.c.o[0m
[ 51%] [0mBuilt target rosgraph_msgs_generate_messages_lisp[0m
[ 53%] [32mBuilding C object include/Tools/OsqpEigen/CMakeFiles/osqpeigen.dir/amd_aat.c.o[0m
[ 55%] [32mBuilding C object include/Tools/OsqpEigen/CMakeFiles/osqpeigen.dir/amd_control.c.o[0m
[ 57%] [32mBuilding C object include/Tools/OsqpEigen/CMakeFiles/osqpeigen.dir/amd_defaults.c.o[0m
[ 60%] [32mBuilding C object include/Tools/OsqpEigen/CMakeFiles/osqpeigen.dir/amd_info.c.o[0m
[ 62%] [32mBuilding C object include/Tools/OsqpEigen/CMakeFiles/osqpeigen.dir/amd_order.c.o[0m
[ 62%] [0mBuilt target rosgraph_msgs_generate_messages_nodejs[0m
[ 64%] [32mBuilding C object include/Tools/OsqpEigen/CMakeFiles/osqpeigen.dir/amd_postorder.c.o[0m
[ 64%] [0mBuilt target rosgraph_msgs_generate_messages_py[0m
[ 66%] [32mBuilding C object include/Tools/OsqpEigen/CMakeFiles/osqpeigen.dir/amd_post_tree.c.o[0m
[ 68%] [32mBuilding C object include/Tools/OsqpEigen/CMakeFiles/osqpeigen.dir/amd_preprocess.c.o[0m
[ 68%] [0mBuilt target sensor_msgs_generate_messages_cpp[0m
[ 71%] [32mBuilding C object include/Tools/OsqpEigen/CMakeFiles/osqpeigen.dir/amd_valid.c.o[0m
[ 73%] [32mBuilding C object include/Tools/OsqpEigen/CMakeFiles/osqpeigen.dir/qdldl.c.o[0m
[ 73%] [0mBuilt target sensor_msgs_generate_messages_eus[0m
[ 73%] [0mBuilt target sensor_msgs_generate_messages_lisp[0m
[ 73%] [0mBuilt target sensor_msgs_generate_messages_nodejs[0m
[ 73%] [0mBuilt target sensor_msgs_generate_messages_py[0m
[ 73%] [0mBuilt target tf_generate_messages_cpp[0m
[ 73%] [0mBuilt target tf_generate_messages_eus[0m
[ 73%] [0mBuilt target tf_generate_messages_lisp[0m
[ 73%] [0mBuilt target tf_generate_messages_nodejs[0m
[ 73%] [0mBuilt target tf_generate_messages_py[0m
[ 73%] [0mBuilt target actionlib_generate_messages_cpp[0m
[ 73%] [0mBuilt target actionlib_generate_messages_eus[0m
[ 73%] [0mBuilt target actionlib_generate_messages_lisp[0m
[ 73%] [0mBuilt target actionlib_generate_messages_nodejs[0m
[ 73%] [0mBuilt target actionlib_generate_messages_py[0m
[ 73%] [0mBuilt target actionlib_msgs_generate_messages_cpp[0m
[ 73%] [0mBuilt target actionlib_msgs_generate_messages_eus[0m
[ 73%] [0mBuilt target actionlib_msgs_generate_messages_lisp[0m
[ 73%] [0mBuilt target actionlib_msgs_generate_messages_nodejs[0m
[ 73%] [0mBuilt target actionlib_msgs_generate_messages_py[0m
[ 73%] [0mBuilt target tf2_msgs_generate_messages_cpp[0m
[ 73%] [0mBuilt target tf2_msgs_generate_messages_eus[0m
[ 73%] [0mBuilt target tf2_msgs_generate_messages_lisp[0m
[ 73%] [0mBuilt target tf2_msgs_generate_messages_nodejs[0m
[ 73%] [0mBuilt target tf2_msgs_generate_messages_py[0m
[ 73%] [0mBuilt target gazebo_ros_gencfg[0m
[ 73%] [0mBuilt target std_srvs_generate_messages_cpp[0m
[ 73%] [0mBuilt target std_srvs_generate_messages_eus[0m
[ 73%] [0mBuilt target std_srvs_generate_messages_lisp[0m
[ 73%] [0mBuilt target std_srvs_generate_messages_nodejs[0m
[ 73%] [0mBuilt target std_srvs_generate_messages_py[0m
[ 73%] [0mBuilt target dynamic_reconfigure_generate_messages_cpp[0m
[ 73%] [0mBuilt target dynamic_reconfigure_generate_messages_eus[0m
[ 73%] [0mBuilt target dynamic_reconfigure_generate_messages_nodejs[0m
[ 73%] [0mBuilt target dynamic_reconfigure_generate_messages_lisp[0m
[ 73%] [0mBuilt target dynamic_reconfigure_gencfg[0m
[ 73%] [0mBuilt target dynamic_reconfigure_generate_messages_py[0m
[ 73%] [0mBuilt target gazebo_msgs_generate_messages_eus[0m
[ 73%] [0mBuilt target gazebo_msgs_generate_messages_cpp[0m
[ 73%] [0mBuilt target gazebo_msgs_generate_messages_nodejs[0m
[ 73%] [0mBuilt target gazebo_msgs_generate_messages_lisp[0m
[ 73%] [0mBuilt target trajectory_msgs_generate_messages_cpp[0m
[ 73%] [0mBuilt target gazebo_msgs_generate_messages_py[0m
[ 73%] [0mBuilt target trajectory_msgs_generate_messages_eus[0m
[ 73%] [0mBuilt target trajectory_msgs_generate_messages_lisp[0m
[ 73%] [0mBuilt target trajectory_msgs_generate_messages_nodejs[0m
[ 73%] [0mBuilt target trajectory_msgs_generate_messages_py[0m
[ 73%] [0mBuilt target controller_manager_msgs_generate_messages_eus[0m
[ 73%] [0mBuilt target controller_manager_msgs_generate_messages_cpp[0m
[ 73%] [0mBuilt target controller_manager_msgs_generate_messages_nodejs[0m
[ 73%] [0mBuilt target controller_manager_msgs_generate_messages_lisp[0m
[ 73%] [0mBuilt target controller_manager_msgs_generate_messages_py[0m
[ 75%] [1m[32mLinking CXX shared library /home/pth/pth/model/Go2_simulator/devel/.private/go2_controller/lib/libosqpeigen.so[0m
[ 75%] [0mBuilt target osqpeigen[0m
[ 77%] [32mBuilding CXX object include/Tools/CMakeFiles/Tools.dir/SingleRigidBody.cpp.o[0m
[ 80%] [32mBuilding CXX object include/Tools/CMakeFiles/Tools.dir/Kinematics.cpp.o[0m
[ 82%] [32mBuilding CXX object include/Tools/CMakeFiles/Tools.dir/Trajectories.cpp.o[0m
[ 84%] [32mBuilding CXX object include/Tools/CMakeFiles/Tools.dir/TaskSpacePDControl.cpp.o[0m
[ 86%] [32mBuilding CXX object include/Tools/CMakeFiles/Tools.dir/Centroidal_Dynamics.cpp.o[0m
[ 88%] [32mBuilding CXX object include/Tools/CMakeFiles/Tools.dir/Pinocchio_Interface.cpp.o[0m
[ 91%] [1m[32mLinking CXX shared library /home/pth/pth/model/Go2_simulator/devel/.private/go2_controller/lib/libTools.so[0m
[ 91%] [0mBuilt target Tools[0m
[ 93%] [1m[32mLinking CXX shared library /home/pth/pth/model/Go2_simulator/devel/.private/go2_controller/lib/libgo2_controller.so[0m
[ 95%] [0mBuilt target go2_controller[0m
[ 97%] [1m[32mLinking CXX executable /home/pth/pth/model/Go2_simulator/devel/.private/go2_controller/lib/go2_controller/go2_node[0m
/usr/bin/ld: CMakeFiles/go2_node.dir/src/go2_controller_node.cpp.o: in function `PinocchioInterface::PinocchioInterface(std::__cxx11::basic_string<char, std::char_traits<char>, std::allocator<char> >, std::vector<std::__cxx11::basic_string<char, std::char_traits<char>, std::allocator<char> >, std::allocator<std::__cxx11::basic_string<char, std::char_traits<char>, std::allocator<char> > > >)':
go2_controller_node.cpp:(.text._ZN18PinocchioInterfaceC2ENSt7__cxx1112basic_stringIcSt11char_traitsIcESaIcEEESt6vectorIS5_SaIS5_EE[_ZN18PinocchioInterfaceC5ENSt7__cxx1112basic_stringIcSt11char_traitsIcESaIcEEESt6vectorIS5_SaIS5_EE]+0xbdb): undefined reference to `pinocchio::urdf::details::parseRootTree(std::__cxx11::basic_string<char, std::char_traits<char>, std::allocator<char> > const&, pinocchio::urdf::details::UrdfVisitorBaseTpl<double, 0>&, bool)'
collect2: error: ld returned 1 exit status
make[2]: *** [CMakeFiles/go2_node.dir/build.make:243: /home/pth/pth/model/Go2_simulator/devel/.private/go2_controller/lib/go2_controller/go2_node] Error 1
make[1]: *** [CMakeFiles/Makefile2:2881: CMakeFiles/go2_node.dir/all] Error 2
make: *** [Makefile:146: all] Error 2
