[01m[K/home/pth/pth/model/Go2_simulator/src/controls/go2_controller/include/Tools/Trajectories.cpp:[m[K In member function ‘[01m[KTrajectoryPoint Trajectories::Quintic_Task(ros::Time&, double, const Vector3d&, const Vector3d&)[m[K’:
[01m[K/home/pth/pth/model/Go2_simulator/src/controls/go2_controller/include/Tools/Trajectories.cpp:71:41:[m[K [01;31m[Kerror: [m[K‘[01m[KEE_Pose_FL_desired[m[K’ was not declared in this scope
   71 |         Eigen::Vector3d initial_error = [01;31m[KEE_Pose_FL_desired[m[K - EE_Pose_FL;
      |                                         [01;31m[K^~~~~~~~~~~~~~~~~~[m[K
[01m[K/home/pth/pth/model/Go2_simulator/src/controls/go2_controller/include/Tools/Trajectories.cpp:71:62:[m[K [01;31m[Kerror: [m[K‘[01m[KEE_Pose_FL[m[K’ was not declared in this scope
   71 |         Eigen::Vector3d initial_error = EE_Pose_FL_desired - [01;31m[KEE_Pose_FL[m[K;
      |                                                              [01;31m[K^~~~~~~~~~[m[K
[01m[K/home/pth/pth/model/Go2_simulator/src/controls/go2_controller/include/Tools/Trajectories.cpp:[m[K At global scope:
[01m[K/home/pth/pth/model/Go2_simulator/src/controls/go2_controller/include/Tools/Trajectories.cpp:99:17:[m[K [01;31m[Kerror: [m[K‘[01m[Kgo2_controller[m[K’ has not been declared
   99 | TrajectoryPoint [01;31m[Kgo2_controller[m[K::Sinusoidal_Task(ros::Time &start_time, double period,
      |                 [01;31m[K^~~~~~~~~~~~~~[m[K
[01m[K/home/pth/pth/model/Go2_simulator/src/controls/go2_controller/include/Tools/Trajectories.cpp:[m[K In member function ‘[01m[KEigen::VectorXd Trajectories::Quintic_Joint(ros::Time&, double, const VectorXd&, const VectorXd&)[m[K’:
[01m[K/home/pth/pth/model/Go2_simulator/src/controls/go2_controller/include/Tools/Trajectories.cpp:159:9:[m[K [01;31m[Kerror: [m[K‘[01m[Kq_desired[m[K’ was not declared in this scope
  159 |         [01;31m[Kq_desired[m[K = q;
      |         [01;31m[K^~~~~~~~~[m[K
[01m[K/home/pth/pth/model/Go2_simulator/src/controls/go2_controller/include/Tools/Trajectories.cpp:172:9:[m[K [01;31m[Kerror: [m[K‘[01m[Kq_desired[m[K’ was not declared in this scope
  172 |         [01;31m[Kq_desired[m[K = (T_vec * A).transpose(); // 12 x 1 열벡터가 된다.
      |         [01;31m[K^~~~~~~~~[m[K
[01m[K/home/pth/pth/model/Go2_simulator/src/controls/go2_controller/include/Tools/Trajectories.cpp:[m[K At global scope:
[01m[K/home/pth/pth/model/Go2_simulator/src/controls/go2_controller/include/Tools/Trajectories.cpp:177:17:[m[K [01;31m[Kerror: [m[Kno declaration matches ‘[01m[KTrajectoryPoint Trajectories::Sinusoidal_Task()[m[K’
  177 | TrajectoryPoint [01;31m[KTrajectories[m[K::Sinusoidal_Task()
      |                 [01;31m[K^~~~~~~~~~~~[m[K
In file included from [01m[K/home/pth/pth/model/Go2_simulator/src/controls/go2_controller/include/Tools/Trajectories.cpp:1[m[K:
[01m[K/home/pth/pth/model/Go2_simulator/src/controls/go2_controller/include/Tools/Trajectories.hpp:47:21:[m[K [01;36m[Knote: [m[Kcandidate is: ‘[01m[KTrajectoryPoint Trajectories::Sinusoidal_Task(ros::Time&, double, const Vector3d&, const Vector3d&)[m[K’
   47 |     TrajectoryPoint [01;36m[KSinusoidal_Task[m[K(ros::Time &start_time, double period,
      |                     [01;36m[K^~~~~~~~~~~~~~~[m[K
In file included from [01m[K/home/pth/pth/model/Go2_simulator/src/controls/go2_controller/include/Tools/Trajectories.cpp:1[m[K:
[01m[K/home/pth/pth/model/Go2_simulator/src/controls/go2_controller/include/Tools/Trajectories.hpp:15:7:[m[K [01;36m[Knote: [m[K‘[01m[Kclass Trajectories[m[K’ defined here
   15 | class [01;36m[KTrajectories[m[K
      |       [01;36m[K^~~~~~~~~~~~[m[K
[01m[K/home/pth/pth/model/Go2_simulator/src/controls/go2_controller/include/Tools/Trajectories.cpp:[m[K In member function ‘[01m[KEigen::VectorXd Trajectories::Sinusoidal_Joint()[m[K’:
[01m[K/home/pth/pth/model/Go2_simulator/src/controls/go2_controller/include/Tools/Trajectories.cpp:184:5:[m[K [01;31m[Kerror: [m[Kreturn-statement with no value, in function returning ‘[01m[KEigen::VectorXd[m[K’ {aka ‘[01m[KEigen::Matrix<double, -1, 1>[m[K’} [[01;31m[K-fpermissive[m[K]
  184 |     [01;31m[Kreturn[m[K;
      |     [01;31m[K^~~~~~[m[K
make[2]: *** [include/Tools/CMakeFiles/Tools.dir/build.make:107: include/Tools/CMakeFiles/Tools.dir/Trajectories.cpp.o] Error 1
make[2]: *** Waiting for unfinished jobs....
make[1]: *** [CMakeFiles/Makefile2:3113: include/Tools/CMakeFiles/Tools.dir/all] Error 2
make: *** [Makefile:146: all] Error 2
