[01m[K/home/pth/pth/model/Go2_simulator/src/controls/go2_controller/include/Tools/SingleRigidBody.cpp:39:6:[m[K [01;31m[Kerror: [m[Kno declaration matches ‘[01m[Kvoid SingleRigidBody::SetFootPosition(const std::array<Eigen::Matrix<double, 3, 1>, 4>&, Eigen::Vector3d&)[m[K’
   39 | void [01;31m[KSingleRigidBody[m[K::SetFootPosition(const std::array<Eigen::Vector3d, 4> &feet_pos, Eigen::Vector3d &p_com)
      |      [01;31m[K^~~~~~~~~~~~~~~[m[K
In file included from [01m[K/home/pth/pth/model/Go2_simulator/src/controls/go2_controller/include/Tools/SingleRigidBody.cpp:1[m[K:
[01m[K/home/pth/pth/model/Go2_simulator/src/controls/go2_controller/include/Tools/SingleRigidBody.hpp:67:10:[m[K [01;36m[Knote: [m[Kcandidate is: ‘[01m[Kvoid SingleRigidBody::SetFootPosition(const std::array<Eigen::Matrix<double, 3, 1>, 4>&, const Vector3d&)[m[K’
   67 |     void [01;36m[KSetFootPosition[m[K(const std::array<Eigen::Vector3d, 4> &feet_pos, const Eigen::Vector3d &p_com);
      |          [01;36m[K^~~~~~~~~~~~~~~[m[K
In file included from [01m[K/home/pth/pth/model/Go2_simulator/src/controls/go2_controller/include/Tools/SingleRigidBody.cpp:1[m[K:
[01m[K/home/pth/pth/model/Go2_simulator/src/controls/go2_controller/include/Tools/SingleRigidBody.hpp:11:7:[m[K [01;36m[Knote: [m[K‘[01m[Kclass SingleRigidBody[m[K’ defined here
   11 | class [01;36m[KSingleRigidBody[m[K
      |       [01;36m[K^~~~~~~~~~~~~~~[m[K
[01m[K/home/pth/pth/model/Go2_simulator/src/controls/go2_controller/include/Tools/SingleRigidBody.cpp:58:17:[m[K [01;31m[Kerror: [m[Kno declaration matches ‘[01m[KEigen::Vector3d SingleRigidBody::MakeMatrix2Skew(Eigen::Matrix3d&, Eigen::Matrix3d&)[m[K’
   58 | Eigen::Vector3d [01;31m[KSingleRigidBody[m[K::MakeMatrix2Skew(Eigen::Matrix3d &R1, Eigen::Matrix3d &R2)
      |                 [01;31m[K^~~~~~~~~~~~~~~[m[K
In file included from [01m[K/home/pth/pth/model/Go2_simulator/src/controls/go2_controller/include/Tools/SingleRigidBody.cpp:1[m[K:
[01m[K/home/pth/pth/model/Go2_simulator/src/controls/go2_controller/include/Tools/SingleRigidBody.hpp:54:21:[m[K [01;36m[Knote: [m[Kcandidate is: ‘[01m[KEigen::Matrix3d SingleRigidBody::MakeMatrix2Skew(Eigen::Matrix3d&, Eigen::Matrix3d&)[m[K’
   54 |     Eigen::Matrix3d [01;36m[KMakeMatrix2Skew[m[K(Eigen::Matrix3d &R1, Eigen::Matrix3d &R2);
      |                     [01;36m[K^~~~~~~~~~~~~~~[m[K
In file included from [01m[K/home/pth/pth/model/Go2_simulator/src/controls/go2_controller/include/Tools/SingleRigidBody.cpp:1[m[K:
[01m[K/home/pth/pth/model/Go2_simulator/src/controls/go2_controller/include/Tools/SingleRigidBody.hpp:11:7:[m[K [01;36m[Knote: [m[K‘[01m[Kclass SingleRigidBody[m[K’ defined here
   11 | class [01;36m[KSingleRigidBody[m[K
      |       [01;36m[K^~~~~~~~~~~~~~~[m[K
[01m[K/home/pth/pth/model/Go2_simulator/src/controls/go2_controller/include/Tools/SingleRigidBody.cpp:[m[K In member function ‘[01m[Kvoid SingleRigidBody::Compute_b_Vector(const Vector3d&, const Matrix3d&, double, double, double, double)[m[K’:
[01m[K/home/pth/pth/model/Go2_simulator/src/controls/go2_controller/include/Tools/SingleRigidBody.cpp:94:52:[m[K [01;31m[Kerror: [m[K‘[01m[Kref_p_com[m[K’ was not declared in this scope
   94 |     Eigen::Vector3d p_des_body = R_world_to_body * [01;31m[Kref_p_com[m[K;
      |                                                    [01;31m[K^~~~~~~~~[m[K
[01m[K/home/pth/pth/model/Go2_simulator/src/controls/go2_controller/include/Tools/SingleRigidBody.cpp:97:77:[m[K [01;31m[Kerror: [m[Kbinding reference of type ‘[01m[KEigen::Matrix3d&[m[K’ {aka ‘[01m[KEigen::Matrix<double, 3, 3>&[m[K’} to ‘[01m[Kconst Matrix3d[m[K’ {aka ‘[01m[Kconst Eigen::Matrix<double, 3, 3>[m[K’} discards qualifiers
   97 |     b_vec.segment<3>(3) = I_body * (Kp_w * MakeMatrix2Skew(R_world_to_body, [01;31m[KR_des_world[m[K) - Kd_w * omega_body);
      |                                                                             [01;31m[K^~~~~~~~~~~[m[K
In file included from [01m[K/home/pth/pth/model/Go2_simulator/src/controls/go2_controller/include/Tools/SingleRigidBody.cpp:1[m[K:
[01m[K/home/pth/pth/model/Go2_simulator/src/controls/go2_controller/include/Tools/SingleRigidBody.hpp:54:75:[m[K [01;36m[Knote: [m[K  initializing argument 2 of ‘[01m[KEigen::Matrix3d SingleRigidBody::MakeMatrix2Skew(Eigen::Matrix3d&, Eigen::Matrix3d&)[m[K’
   54 |     Eigen::Matrix3d MakeMatrix2Skew(Eigen::Matrix3d &R1, [01;36m[KEigen::Matrix3d &R2[m[K);
      |                                                          [01;36m[K~~~~~~~~~~~~~~~~~^~[m[K
[01m[K/home/pth/pth/model/Go2_simulator/src/controls/go2_controller/include/Tools/SingleRigidBody.cpp:[m[K In member function ‘[01m[Kvoid SingleRigidBody::Solve_QP()[m[K’:
[01m[K/home/pth/pth/model/Go2_simulator/src/controls/go2_controller/include/Tools/SingleRigidBody.cpp:105:26:[m[K [01;31m[Kerror: [m[Kno matching function for call to ‘[01m[KSingleRigidBody::Compute_LinearMatrix()[m[K’
  105 |     Compute_LinearMatrix([01;31m[K)[m[K;
      |                          [01;31m[K^[m[K
In file included from [01m[K/home/pth/pth/model/Go2_simulator/src/controls/go2_controller/include/Tools/SingleRigidBody.cpp:1[m[K:
[01m[K/home/pth/pth/model/Go2_simulator/src/controls/go2_controller/include/Tools/SingleRigidBody.hpp:72:10:[m[K [01;36m[Knote: [m[Kcandidate: ‘[01m[Kvoid SingleRigidBody::Compute_LinearMatrix(double)[m[K’
   72 |     void [01;36m[KCompute_LinearMatrix[m[K(double friction_mu);
      |          [01;36m[K^~~~~~~~~~~~~~~~~~~~[m[K
[01m[K/home/pth/pth/model/Go2_simulator/src/controls/go2_controller/include/Tools/SingleRigidBody.hpp:72:10:[m[K [01;36m[Knote: [m[K  candidate expects 1 argument, 0 provided
[01m[K/home/pth/pth/model/Go2_simulator/src/controls/go2_controller/include/Tools/SingleRigidBody.cpp:113:47:[m[K [01;31m[Kerror: [m[K‘[01m[Knum_constraint[m[K’ was not declared in this scope; did you mean ‘[01m[Knum_of_constraints[m[K’?
  113 |         solver.data()->setNumberOfConstraints([01;31m[Knum_constraint[m[K * NUM_LEG);
      |                                               [01;31m[K^~~~~~~~~~~~~~[m[K
      |                                               [32m[Knum_of_constraints[m[K
[01m[K/home/pth/pth/model/Go2_simulator/src/controls/go2_controller/include/Tools/SingleRigidBody.cpp:[m[K At global scope:
[01m[K/home/pth/pth/model/Go2_simulator/src/controls/go2_controller/include/Tools/SingleRigidBody.cpp:161:6:[m[K [01;31m[Kerror: [m[Kdefault argument given for parameter 1 of ‘[01m[Kvoid SingleRigidBody::Compute_Constraint(double)[m[K’ [[01;31m[K-fpermissive[m[K]
  161 | void [01;31m[KSingleRigidBody[m[K::Compute_Constraint(double f_z_max = 200)
      |      [01;31m[K^~~~~~~~~~~~~~~[m[K
In file included from [01m[K/home/pth/pth/model/Go2_simulator/src/controls/go2_controller/include/Tools/SingleRigidBody.cpp:1[m[K:
[01m[K/home/pth/pth/model/Go2_simulator/src/controls/go2_controller/include/Tools/SingleRigidBody.hpp:73:10:[m[K [01;36m[Knote: [m[Kprevious specification in ‘[01m[Kvoid SingleRigidBody::Compute_Constraint(double)[m[K’ here
   73 |     void [01;36m[KCompute_Constraint[m[K(double f_z_max = 200);
      |          [01;36m[K^~~~~~~~~~~~~~~~~~[m[K
[01m[K/home/pth/pth/model/Go2_simulator/src/controls/go2_controller/include/Tools/SingleRigidBody.cpp:[m[K In member function ‘[01m[Kvoid SingleRigidBody::Compute_Constraint(double)[m[K’:
[01m[K/home/pth/pth/model/Go2_simulator/src/controls/go2_controller/include/Tools/SingleRigidBody.cpp:166:23:[m[K [01;31m[Kerror: [m[K‘[01m[Ki[m[K’ was not declared in this scope
  166 |     for (int leg = 0; [01;31m[Ki[m[K < NUM_LEG; leg++)
      |                       [01;31m[K^[m[K
In file included from [01m[K/usr/include/eigen3/Eigen/Core:366[m[K,
                 from [01m[K/usr/include/eigen3/Eigen/Dense:1[m[K,
                 from [01m[K/home/pth/pth/model/Go2_simulator/src/controls/go2_controller/include/Tools/SingleRigidBody.hpp:5[m[K,
                 from [01m[K/home/pth/pth/model/Go2_simulator/src/controls/go2_controller/include/Tools/SingleRigidBody.cpp:1[m[K:
/usr/include/eigen3/Eigen/src/Core/DenseBase.h: In instantiation of ‘[01m[Kvoid Eigen::DenseBase<Derived>::evalTo(Dest&) const [with Dest = Eigen::SparseMatrix<double, 0, int>; Derived = Eigen::Product<Eigen::CwiseBinaryOp<Eigen::internal::scalar_product_op<double, double>, const Eigen::CwiseNullaryOp<Eigen::internal::scalar_constant_op<double>, const Eigen::Matrix<double, 12, 6, 1, 12, 6> >, const Eigen::Transpose<Eigen::Matrix<double, 6, 12> > >, Eigen::Matrix<double, 6, 12>, 0>][m[K’:
[01m[K/usr/include/eigen3/Eigen/src/Core/AssignEvaluator.h:899:5:[m[K   required from ‘[01m[Kstatic void Eigen::internal::Assignment<DstXprType, SrcXprType, Functor, Eigen::internal::EigenBase2EigenBase, Weak>::run(DstXprType&, const SrcXprType&, const Eigen::internal::assign_op<typename DstXprType::Scalar, typename SrcXprType::Scalar>&) [with DstXprType = Eigen::SparseMatrix<double, 0, int>; SrcXprType = Eigen::Product<Eigen::CwiseBinaryOp<Eigen::internal::scalar_product_op<double, double>, const Eigen::CwiseNullaryOp<Eigen::internal::scalar_constant_op<double>, const Eigen::Matrix<double, 12, 6, 1, 12, 6> >, const Eigen::Transpose<Eigen::Matrix<double, 6, 12> > >, Eigen::Matrix<double, 6, 12>, 0>; Functor = Eigen::internal::assign_op<double, double>; Weak = void; typename SrcXprType::Scalar = double; typename DstXprType::Scalar = double][m[K’
[01m[K/usr/include/eigen3/Eigen/src/Core/AssignEvaluator.h:836:49:[m[K   required from ‘[01m[Kvoid Eigen::internal::call_assignment_no_alias(Dst&, const Src&, const Func&) [with Dst = Eigen::SparseMatrix<double, 0, int>; Src = Eigen::Product<Eigen::CwiseBinaryOp<Eigen::internal::scalar_product_op<double, double>, const Eigen::CwiseNullaryOp<Eigen::internal::scalar_constant_op<double>, const Eigen::Matrix<double, 12, 6, 1, 12, 6> >, const Eigen::Transpose<Eigen::Matrix<double, 6, 12> > >, Eigen::Matrix<double, 6, 12>, 0>; Func = Eigen::internal::assign_op<double, double>][m[K’
[01m[K/usr/include/eigen3/Eigen/src/Core/AssignEvaluator.h:842:27:[m[K   required from ‘[01m[Kvoid Eigen::internal::call_assignment_no_alias(Dst&, const Src&) [with Dst = Eigen::SparseMatrix<double, 0, int>; Src = Eigen::Product<Eigen::CwiseBinaryOp<Eigen::internal::scalar_product_op<double, double>, const Eigen::CwiseNullaryOp<Eigen::internal::scalar_constant_op<double>, const Eigen::Matrix<double, 12, 6, 1, 12, 6> >, const Eigen::Transpose<Eigen::Matrix<double, 6, 12> > >, Eigen::Matrix<double, 6, 12>, 0>][m[K’
[01m[K/usr/include/eigen3/Eigen/src/SparseCore/SparseAssign.h:19:37:[m[K   required from ‘[01m[KDerived& Eigen::SparseMatrixBase<Derived>::operator=(const Eigen::EigenBase<OtherDerived>&) [with OtherDerived = Eigen::Product<Eigen::CwiseBinaryOp<Eigen::internal::scalar_product_op<double, double>, const Eigen::CwiseNullaryOp<Eigen::internal::scalar_constant_op<double>, const Eigen::Matrix<double, 12, 6, 1, 12, 6> >, const Eigen::Transpose<Eigen::Matrix<double, 6, 12> > >, Eigen::Matrix<double, 6, 12>, 0>; Derived = Eigen::SparseMatrix<double, 0, int>][m[K’
[01m[K/usr/include/eigen3/Eigen/src/SparseCore/SparseMatrix.h:782:29:[m[K   required from ‘[01m[KEigen::SparseMatrix<_Scalar, _Flags, _StorageIndex>& Eigen::SparseMatrix<_Scalar, _Flags, _StorageIndex>::operator=(const Eigen::EigenBase<OtherDerived>&) [with OtherDerived = Eigen::Product<Eigen::CwiseBinaryOp<Eigen::internal::scalar_product_op<double, double>, const Eigen::CwiseNullaryOp<Eigen::internal::scalar_constant_op<double>, const Eigen::Matrix<double, 12, 6, 1, 12, 6> >, const Eigen::Transpose<Eigen::Matrix<double, 6, 12> > >, Eigen::Matrix<double, 6, 12>, 0>; _Scalar = double; int _Options = 0; _StorageIndex = int][m[K’
[01m[K/home/pth/pth/model/Go2_simulator/src/controls/go2_controller/include/Tools/SingleRigidBody.cpp:102:39:[m[K   required from here
[01m[K/usr/include/eigen3/Eigen/src/Core/DenseBase.h:586:58:[m[K [01;31m[Kerror: [m[Kstatic assertion failed: THE_EVAL_EVALTO_FUNCTION_SHOULD_NEVER_BE_CALLED_FOR_DENSE_OBJECTS
  586 |       EIGEN_STATIC_ASSERT([01;31m[K(internal::is_same<Dest,void>::value)[m[K,THE_EVAL_EVALTO_FUNCTION_SHOULD_NEVER_BE_CALLED_FOR_DENSE_OBJECTS);
      |                           [01;31m[K~~~~~~~~~~~~~~~~~~~~~~~~~~~~~~~^~~~~~[m[K
[01m[K/usr/include/eigen3/Eigen/src/Core/util/StaticAssert.h:33:54:[m[K [01;36m[Knote: [m[Kin definition of macro ‘[01m[KEIGEN_STATIC_ASSERT[m[K’
   33 |     #define EIGEN_STATIC_ASSERT(X,MSG) static_assert([01;36m[KX[m[K,#MSG);
      |                                                      [01;36m[K^[m[K
make[2]: *** [include/Tools/CMakeFiles/Tools.dir/build.make:79: include/Tools/CMakeFiles/Tools.dir/SingleRigidBody.cpp.o] Error 1
make[2]: *** Waiting for unfinished jobs....
[01m[K/home/pth/pth/model/Go2_simulator/src/controls/go2_controller/include/Tools/Trajectories.cpp:[m[K In member function ‘[01m[KTrajectoryPoint Trajectories::Quintic_Task(ros::Time&, double, const Vector3d&, const Vector3d&)[m[K’:
[01m[K/home/pth/pth/model/Go2_simulator/src/controls/go2_controller/include/Tools/Trajectories.cpp:71:41:[m[K [01;31m[Kerror: [m[K‘[01m[KEE_Pose_FL_desired[m[K’ was not declared in this scope
   71 |         Eigen::Vector3d initial_error = [01;31m[KEE_Pose_FL_desired[m[K - EE_Pose_FL;
      |                                         [01;31m[K^~~~~~~~~~~~~~~~~~[m[K
[01m[K/home/pth/pth/model/Go2_simulator/src/controls/go2_controller/include/Tools/Trajectories.cpp:71:62:[m[K [01;31m[Kerror: [m[K‘[01m[KEE_Pose_FL[m[K’ was not declared in this scope
   71 |         Eigen::Vector3d initial_error = EE_Pose_FL_desired - [01;31m[KEE_Pose_FL[m[K;
      |                                                              [01;31m[K^~~~~~~~~~[m[K
[01m[K/home/pth/pth/model/Go2_simulator/src/controls/go2_controller/include/Tools/Trajectories.cpp:[m[K At global scope:
[01m[K/home/pth/pth/model/Go2_simulator/src/controls/go2_controller/include/Tools/Trajectories.cpp:99:17:[m[K [01;31m[Kerror: [m[K‘[01m[Kgo2_controller[m[K’ has not been declared
   99 | TrajectoryPoint [01;31m[Kgo2_controller[m[K::Sinusoidal_Task(ros::Time &start_time, double period,
      |                 [01;31m[K^~~~~~~~~~~~~~[m[K
[01m[K/home/pth/pth/model/Go2_simulator/src/controls/go2_controller/include/Tools/Trajectories.cpp:[m[K In member function ‘[01m[KEigen::VectorXd Trajectories::Quintic_Joint(ros::Time&, double, const VectorXd&, const VectorXd&)[m[K’:
[01m[K/home/pth/pth/model/Go2_simulator/src/controls/go2_controller/include/Tools/Trajectories.cpp:159:9:[m[K [01;31m[Kerror: [m[K‘[01m[Kq_desired[m[K’ was not declared in this scope
  159 |         [01;31m[Kq_desired[m[K = q;
      |         [01;31m[K^~~~~~~~~[m[K
[01m[K/home/pth/pth/model/Go2_simulator/src/controls/go2_controller/include/Tools/Trajectories.cpp:172:9:[m[K [01;31m[Kerror: [m[K‘[01m[Kq_desired[m[K’ was not declared in this scope
  172 |         [01;31m[Kq_desired[m[K = (T_vec * A).transpose(); // 12 x 1 열벡터가 된다.
      |         [01;31m[K^~~~~~~~~[m[K
[01m[K/home/pth/pth/model/Go2_simulator/src/controls/go2_controller/include/Tools/Trajectories.cpp:[m[K At global scope:
[01m[K/home/pth/pth/model/Go2_simulator/src/controls/go2_controller/include/Tools/Trajectories.cpp:177:17:[m[K [01;31m[Kerror: [m[Kno declaration matches ‘[01m[KTrajectoryPoint Trajectories::Sinusoidal_Task()[m[K’
  177 | TrajectoryPoint [01;31m[KTrajectories[m[K::Sinusoidal_Task()
      |                 [01;31m[K^~~~~~~~~~~~[m[K
In file included from [01m[K/home/pth/pth/model/Go2_simulator/src/controls/go2_controller/include/Tools/Trajectories.cpp:1[m[K:
[01m[K/home/pth/pth/model/Go2_simulator/src/controls/go2_controller/include/Tools/Trajectories.hpp:47:21:[m[K [01;36m[Knote: [m[Kcandidate is: ‘[01m[KTrajectoryPoint Trajectories::Sinusoidal_Task(ros::Time&, double, const Vector3d&, const Vector3d&)[m[K’
   47 |     TrajectoryPoint [01;36m[KSinusoidal_Task[m[K(ros::Time &start_time, double period,
      |                     [01;36m[K^~~~~~~~~~~~~~~[m[K
In file included from [01m[K/home/pth/pth/model/Go2_simulator/src/controls/go2_controller/include/Tools/Trajectories.cpp:1[m[K:
[01m[K/home/pth/pth/model/Go2_simulator/src/controls/go2_controller/include/Tools/Trajectories.hpp:15:7:[m[K [01;36m[Knote: [m[K‘[01m[Kclass Trajectories[m[K’ defined here
   15 | class [01;36m[KTrajectories[m[K
      |       [01;36m[K^~~~~~~~~~~~[m[K
[01m[K/home/pth/pth/model/Go2_simulator/src/controls/go2_controller/include/Tools/Trajectories.cpp:[m[K In member function ‘[01m[KEigen::VectorXd Trajectories::Sinusoidal_Joint()[m[K’:
[01m[K/home/pth/pth/model/Go2_simulator/src/controls/go2_controller/include/Tools/Trajectories.cpp:184:5:[m[K [01;31m[Kerror: [m[Kreturn-statement with no value, in function returning ‘[01m[KEigen::VectorXd[m[K’ {aka ‘[01m[KEigen::Matrix<double, -1, 1>[m[K’} [[01;31m[K-fpermissive[m[K]
  184 |     [01;31m[Kreturn[m[K;
      |     [01;31m[K^~~~~~[m[K
make[2]: *** [include/Tools/CMakeFiles/Tools.dir/build.make:107: include/Tools/CMakeFiles/Tools.dir/Trajectories.cpp.o] Error 1
make[1]: *** [CMakeFiles/Makefile2:3113: include/Tools/CMakeFiles/Tools.dir/all] Error 2
make: *** [Makefile:146: all] Error 2
