[01m[K/home/pth/pth/model/Go2_simulator/src/controls/go2_controller/src/Trajectories.cpp:80:1:[m[K [01;31m[Kerror: [m[K‘[01m[KTrajectoryPoint[m[K’ does not name a type
   80 | [01;31m[KTrajectoryPoint[m[K go2_controller::Sinusoidal_Task(ros::Time& start_time, double period,
      | [01;31m[K^~~~~~~~~~~~~~~[m[K
[01m[K/home/pth/pth/model/Go2_simulator/src/controls/go2_controller/src/go2_controller.cpp:[m[K In member function ‘[01m[Kvoid go2_controller::Squating()[m[K’:
[01m[K/home/pth/pth/model/Go2_simulator/src/controls/go2_controller/src/go2_controller.cpp:184:112:[m[K [01;31m[Kerror: [m[Kno matching function for call to ‘[01m[Kgo2_controller::Sinusoidal_Task(ros::Time&, double&, Eigen::Vector3d&, Eigen::Vector3d&)[m[K’
  184 |     TrajectoryPoint fl_target = Sinusoidal_Task(motion_start_time_, motion_period, stand_pose_fl, squat_pose_fl[01;31m[K)[m[K;
      |                                                                                                                [01;31m[K^[m[K
In file included from [01m[K/home/pth/pth/model/Go2_simulator/src/controls/go2_controller/src/go2_controller.cpp:1[m[K:
[01m[K/home/pth/pth/model/Go2_simulator/src/controls/go2_controller/include/go2_controller.h:101:21:[m[K [01;36m[Knote: [m[Kcandidate: ‘[01m[KEigen::Vector3d go2_controller::Sinusoidal_Task()[m[K’
  101 |     Eigen::Vector3d [01;36m[KSinusoidal_Task[m[K();
      |                     [01;36m[K^~~~~~~~~~~~~~~[m[K
[01m[K/home/pth/pth/model/Go2_simulator/src/controls/go2_controller/include/go2_controller.h:101:21:[m[K [01;36m[Knote: [m[K  candidate expects 0 arguments, 4 provided
[01m[K/home/pth/pth/model/Go2_simulator/src/controls/go2_controller/src/Trajectories.cpp:[m[K In member function ‘[01m[KEigen::Vector3d go2_controller::Sinusoidal_Task()[m[K’:
[01m[K/home/pth/pth/model/Go2_simulator/src/controls/go2_controller/src/Trajectories.cpp:164:12:[m[K [01;31m[Kerror: [m[Kcould not convert ‘[01m[K0[m[K’ from ‘[01m[Kint[m[K’ to ‘[01m[KEigen::Vector3d[m[K’ {aka ‘[01m[KEigen::Matrix<double, 3, 1>[m[K’}
  164 |     return [01;31m[K0[m[K;
      |            [01;31m[K^[m[K
      |            [01;31m[K|[m[K
      |            [01;31m[Kint[m[K
[01m[K/home/pth/pth/model/Go2_simulator/src/controls/go2_controller/src/Trajectories.cpp:[m[K In member function ‘[01m[KEigen::VectorXd go2_controller::Sinusoidal_Joint()[m[K’:
[01m[K/home/pth/pth/model/Go2_simulator/src/controls/go2_controller/src/Trajectories.cpp:169:12:[m[K [01;31m[Kerror: [m[Kcould not convert ‘[01m[K0[m[K’ from ‘[01m[Kint[m[K’ to ‘[01m[KEigen::VectorXd[m[K’ {aka ‘[01m[KEigen::Matrix<double, -1, 1>[m[K’}
  169 |     return [01;31m[K0[m[K;
      |            [01;31m[K^[m[K
      |            [01;31m[K|[m[K
      |            [01;31m[Kint[m[K
[01m[K/home/pth/pth/model/Go2_simulator/src/controls/go2_controller/src/go2_controller.cpp:[m[K In member function ‘[01m[Kvoid go2_controller::Init()[m[K’:
[01m[K/home/pth/pth/model/Go2_simulator/src/controls/go2_controller/src/go2_controller.cpp:6:11:[m[K [01;35m[Kwarning: [m[Kignoring return value of ‘[01m[Kint system(const char*)[m[K’, declared with attribute warn_unused_result [[01;35m[K-Wunused-result[m[K]
    6 |     [01;35m[Ksystem("clear")[m[K;
      |     [01;35m[K~~~~~~^~~~~~~~~[m[K
[01m[K/home/pth/pth/model/Go2_simulator/src/controls/go2_controller/src/Trajectories.cpp:[m[K In member function ‘[01m[KEigen::Vector3d go2_controller::Quintic_Task(ros::Time&, double, Eigen::Vector3d&, Eigen::Vector3d&)[m[K’:
[01m[K/home/pth/pth/model/Go2_simulator/src/controls/go2_controller/src/Trajectories.cpp:77:1:[m[K [01;35m[Kwarning: [m[Kcontrol reaches end of non-void function [[01;35m[K-Wreturn-type[m[K]
   77 | [01;35m[K}[m[K
      | [01;35m[K^[m[K
make[2]: *** [CMakeFiles/go2_controller.dir/build.make:79: CMakeFiles/go2_controller.dir/src/go2_controller.cpp.o] Error 1
make[2]: *** Waiting for unfinished jobs....
make[2]: *** [CMakeFiles/go2_controller.dir/build.make:149: CMakeFiles/go2_controller.dir/src/Trajectories.cpp.o] Error 1
make[1]: *** [CMakeFiles/Makefile2:2729: CMakeFiles/go2_controller.dir/all] Error 2
make: *** [Makefile:146: all] Error 2
