[01m[K/home/pth/pth/model/Go2_simulator/src/controls/go2_controller/src/go2_controller.cpp:[m[K In member function ‘[01m[Kvoid go2_controller::Posture_Control()[m[K’:
[01m[K/home/pth/pth/model/Go2_simulator/src/controls/go2_controller/src/go2_controller.cpp:436:80:[m[K [01;31m[Kerror: [m[Kcannot convert ‘[01m[Kconst Eigen::Product<Eigen::Transpose<Eigen::Block<Eigen::Matrix<double, 6, 12>, 3, 3, false> >, Eigen::Matrix<double, 3, 1>, 0>[m[K’ to ‘[01m[KEigen::DenseCoeffsBase<Eigen::Matrix<double, -1, 1>, 1>::Scalar[m[K’ {aka ‘[01m[Kdouble[m[K’} in assignment
  436 |         torque_(3 * leg + 0) = [01;31m[Kjacobian.block<3,3>(0, 3 * leg + 0).transpose() * Leg_Force[leg][m[K;
      |                                [01;31m[K~~~~~~~~~~~~~~~~~~~~~~~~~~~~~~~~~~~~~~~~~~~~~~~~^~~~~~~~~~~~~~~~[m[K
      |                                                                                [01;31m[K|[m[K
      |                                                                                [01;31m[Kconst Eigen::Product<Eigen::Transpose<Eigen::Block<Eigen::Matrix<double, 6, 12>, 3, 3, false> >, Eigen::Matrix<double, 3, 1>, 0>[m[K
[01m[K/home/pth/pth/model/Go2_simulator/src/controls/go2_controller/src/go2_controller.cpp:437:80:[m[K [01;31m[Kerror: [m[Kcannot convert ‘[01m[Kconst Eigen::Product<Eigen::Transpose<Eigen::Block<Eigen::Matrix<double, 6, 12>, 3, 3, false> >, Eigen::Matrix<double, 3, 1>, 0>[m[K’ to ‘[01m[KEigen::DenseCoeffsBase<Eigen::Matrix<double, -1, 1>, 1>::Scalar[m[K’ {aka ‘[01m[Kdouble[m[K’} in assignment
  437 |         torque_(3 * leg + 1) = [01;31m[Kjacobian.block<3,3>(0, 3 * leg + 1).transpose() * Leg_Force[leg][m[K;
      |                                [01;31m[K~~~~~~~~~~~~~~~~~~~~~~~~~~~~~~~~~~~~~~~~~~~~~~~~^~~~~~~~~~~~~~~~[m[K
      |                                                                                [01;31m[K|[m[K
      |                                                                                [01;31m[Kconst Eigen::Product<Eigen::Transpose<Eigen::Block<Eigen::Matrix<double, 6, 12>, 3, 3, false> >, Eigen::Matrix<double, 3, 1>, 0>[m[K
[01m[K/home/pth/pth/model/Go2_simulator/src/controls/go2_controller/src/go2_controller.cpp:438:80:[m[K [01;31m[Kerror: [m[Kcannot convert ‘[01m[Kconst Eigen::Product<Eigen::Transpose<Eigen::Block<Eigen::Matrix<double, 6, 12>, 3, 3, false> >, Eigen::Matrix<double, 3, 1>, 0>[m[K’ to ‘[01m[KEigen::DenseCoeffsBase<Eigen::Matrix<double, -1, 1>, 1>::Scalar[m[K’ {aka ‘[01m[Kdouble[m[K’} in assignment
  438 |         torque_(3 * leg + 2) = [01;31m[Kjacobian.block<3,3>(0, 3 * leg + 2).transpose() * Leg_Force[leg][m[K;
      |                                [01;31m[K~~~~~~~~~~~~~~~~~~~~~~~~~~~~~~~~~~~~~~~~~~~~~~~~^~~~~~~~~~~~~~~~[m[K
      |                                                                                [01;31m[K|[m[K
      |                                                                                [01;31m[Kconst Eigen::Product<Eigen::Transpose<Eigen::Block<Eigen::Matrix<double, 6, 12>, 3, 3, false> >, Eigen::Matrix<double, 3, 1>, 0>[m[K
[01m[K/home/pth/pth/model/Go2_simulator/src/controls/go2_controller/src/go2_controller.cpp:[m[K In member function ‘[01m[Kvoid go2_controller::Init()[m[K’:
[01m[K/home/pth/pth/model/Go2_simulator/src/controls/go2_controller/src/go2_controller.cpp:7:11:[m[K [01;35m[Kwarning: [m[Kignoring return value of ‘[01m[Kint system(const char*)[m[K’, declared with attribute warn_unused_result [[01;35m[K-Wunused-result[m[K]
    7 |     [01;35m[Ksystem("clear")[m[K;
      |     [01;35m[K~~~~~~^~~~~~~~~[m[K
make[2]: *** [CMakeFiles/go2_controller.dir/build.make:79: CMakeFiles/go2_controller.dir/src/go2_controller.cpp.o] Error 1
make[1]: *** [CMakeFiles/Makefile2:2775: CMakeFiles/go2_controller.dir/all] Error 2
make: *** [Makefile:146: all] Error 2
