This file contains any messages produced by compilers while
running CMake, to aid debugging if configure makes a mistake.

It was created by pinocchio CMake configuration process 3.8.0, which was
generated by CMake 4.1.0.

## --------- ##
## Platform. ##
## --------- ##

hostname = pth
system = Linux-5.15.0-139-generic
processor = x86_64
generator = Unix Makefiles

PATH /opt/ros/noetic/bin
PATH /home/pth/.local/bin
PATH /home/pth/.local/bin
PATH /home/pth/.local/bin
PATH /home/pth/.local/bin
PATH /usr/local/sbin
PATH /usr/local/bin
PATH /usr/sbin
PATH /usr/bin
PATH /sbin
PATH /bin
PATH /usr/games
PATH /usr/local/games
PATH /snap/bin

PKG_CONFIG_PATH /home/pth/pth/model/Go2_simulator/devel/lib/pkgconfig
PKG_CONFIG_PATH /opt/ros/noetic/lib/pkgconfig

