Not searching for unused variables given on the command line.
[36m--[0m JRL cmakemodules not found. Let's fetch it.
[36m--[0m The CXX compiler identification is GNU 9.4.0
[36m--[0m Detecting CXX compiler ABI info
[36m--[0m Detecting CXX compiler ABI info - done
[36m--[0m Check for working CXX compiler: /usr/bin/c++ - skipped
[36m--[0m Detecting CXX compile features
[36m--[0m Detecting CXX compile features - done
[36m--[0m Configuring "pinocchio" (http://github.com/stack-of-tasks/pinocchio)
[36m--[0m Package version (ROS package.xml): 3.8.0
[36m--[0m Found PkgConfig: /usr/bin/pkg-config (found version "0.29.1")
[36m--[0m Performing Test res_-pedantic
[36m--[0m Performing Test res_-pedantic - Success
[36m--[0m Performing Test res_-Wno-long-long
[36m--[0m Performing Test res_-Wno-long-long - Success
[36m--[0m Performing Test res_-Wall
[36m--[0m Performing Test res_-Wall - Success
[36m--[0m Performing Test res_-Wextra
[36m--[0m Performing Test res_-Wextra - Success
[36m--[0m Performing Test res_-Wcast-align
[36m--[0m Performing Test res_-Wcast-align - Success
[36m--[0m Performing Test res_-Wcast-qual
[36m--[0m Performing Test res_-Wcast-qual - Success
[36m--[0m Performing Test res_-Wformat
[36m--[0m Performing Test res_-Wformat - Success
[36m--[0m Performing Test res_-Wwrite-strings
[36m--[0m Performing Test res_-Wwrite-strings - Success
[36m--[0m Performing Test res_-Wconversion
[36m--[0m Performing Test res_-Wconversion - Success
[36m--[0m Found Doxygen: /usr/bin/doxygen (found version "1.8.17") found components: doxygen dot
[36m--[0m Doxygen version inferior to 1.9.2. If MathJax is enabled, v2.7 will be used.
[36m--[0m Default C++ standard: 201402
[36m--[0m Minimal C++ standard upgraded to 11
[36m--[0m C++ standard sufficient: Minimal required 11, currently defined: 14
[36m--[0m CMAKE_CXX_STANDARD was not set: automatically set to currently defined standard 14
[31mCMake Error at CMakeLists.txt:161 (find_package):
  Could not find a package configuration file provided by
  "example-robot-data" with any of the following names:

    example-robot-dataConfig.cmake
    example-robot-data-config.cmake

  Add the installation prefix of "example-robot-data" to CMAKE_PREFIX_PATH or
  set "example-robot-data_DIR" to a directory containing one of the above
  files.  If "example-robot-data" provides a separate development package or
  SDK, be sure it has been installed.

[0m
[36m--[0m Configuring incomplete, errors occurred!
