Not searching for unused variables given on the command line.
[36m--[0m Found PkgConfig: /usr/bin/pkg-config (found version "0.29.1")
[36m--[0m Package version (ROS package.xml): 1.6.0
[36m--[0m The CXX compiler identification is GNU 9.4.0
[36m--[0m Detecting CXX compiler ABI info
[36m--[0m Detecting CXX compiler ABI info - done
[36m--[0m Check for working CXX compiler: /usr/bin/c++ - skipped
[36m--[0m Detecting CXX compile features
[36m--[0m Detecting CXX compile features - done
[36m--[0m Performing Test R-pedantic
[36m--[0m Performing Test R-pedantic - Success
[36m--[0m Performing Test R-Wno-long-long
[36m--[0m Performing Test R-Wno-long-long - Success
[36m--[0m Performing Test R-Wall
[36m--[0m Performing Test R-Wall - Success
[36m--[0m Performing Test R-Wextra
[36m--[0m Performing Test R-Wextra - Success
[36m--[0m Performing Test R-Wcast-align
[36m--[0m Performing Test R-Wcast-align - Success
[36m--[0m Performing Test R-Wcast-qual
[36m--[0m Performing Test R-Wcast-qual - Success
[36m--[0m Performing Test R-Wformat
[36m--[0m Performing Test R-Wformat - Success
[36m--[0m Performing Test R-Wwrite-strings
[36m--[0m Performing Test R-Wwrite-strings - Success
[36m--[0m Performing Test R-Wconversion
[36m--[0m Performing Test R-Wconversion - Success
[36m--[0m Could NOT find Doxygen (missing: DOXYGEN_EXECUTABLE)
[33mCMake Warning at cmake/doxygen.cmake:496 (MESSAGE):
  Failed to find Doxygen, documentation will not be generated.
[36mCall Stack (most recent call first):[0m
  cmake/post-project.cmake:58 (_SETUP_PROJECT_DOCUMENTATION)
  CMakeLists.txt:70 (PROJECT)

[0m
[36m--[0m Found Boost: /usr/include (found version "1.71.0")
[36m--[0m FCL uses Octomap
[36m--[0m Found asset importer library: /usr/lib/x86_64-linux-gnu/libassimp.so
[36m--[0m Configuring done
[36m--[0m Generating done
[36m--[0m Build files have been written to: /home/pth/pth/model/Go2_simulator/build/hpp-fcl
