/opt/cmake-3.22/bin/cmake -S/home/pth/pth/model/Go2_simulator/src/controls/hpp-fcl -B/home/pth/pth/model/Go2_simulator/build/hpp-fcl --check-build-system CMakeFiles/Makefile.cmake 0
/opt/cmake-3.22/bin/cmake -E cmake_progress_start /home/pth/pth/model/Go2_simulator/build/hpp-fcl/CMakeFiles /home/pth/pth/model/Go2_simulator/build/hpp-fcl//CMakeFiles/progress.marks
/usr/bin/make  -f CMakeFiles/Makefile2 all
make[1]: Entering directory '/home/pth/pth/model/Go2_simulator/build/hpp-fcl'
/usr/bin/make  -f src/CMakeFiles/hpp-fcl.dir/build.make src/CMakeFiles/hpp-fcl.dir/depend
make[2]: Entering directory '/home/pth/pth/model/Go2_simulator/build/hpp-fcl'
cd /home/pth/pth/model/Go2_simulator/build/hpp-fcl && /opt/cmake-3.22/bin/cmake -E cmake_depends "Unix Makefiles" /home/pth/pth/model/Go2_simulator/src/controls/hpp-fcl /home/pth/pth/model/Go2_simulator/src/controls/hpp-fcl/src /home/pth/pth/model/Go2_simulator/build/hpp-fcl /home/pth/pth/model/Go2_simulator/build/hpp-fcl/src /home/pth/pth/model/Go2_simulator/build/hpp-fcl/src/CMakeFiles/hpp-fcl.dir/DependInfo.cmake --color=
make[2]: Leaving directory '/home/pth/pth/model/Go2_simulator/build/hpp-fcl'
/usr/bin/make  -f src/CMakeFiles/hpp-fcl.dir/build.make src/CMakeFiles/hpp-fcl.dir/build
make[2]: Entering directory '/home/pth/pth/model/Go2_simulator/build/hpp-fcl'
make[2]: Nothing to be done for 'src/CMakeFiles/hpp-fcl.dir/build'.
make[2]: Leaving directory '/home/pth/pth/model/Go2_simulator/build/hpp-fcl'
[100%] Built target hpp-fcl
make[1]: Leaving directory '/home/pth/pth/model/Go2_simulator/build/hpp-fcl'
/opt/cmake-3.22/bin/cmake -E cmake_progress_start /home/pth/pth/model/Go2_simulator/build/hpp-fcl/CMakeFiles 0
/usr/bin/make  -f CMakeFiles/Makefile2 preinstall
make[1]: Entering directory '/home/pth/pth/model/Go2_simulator/build/hpp-fcl'
make[1]: Nothing to be done for 'preinstall'.
make[1]: Leaving directory '/home/pth/pth/model/Go2_simulator/build/hpp-fcl'
[36mInstall the project...[0m
/opt/cmake-3.22/bin/cmake -P cmake_install.cmake
-- Install configuration: ""
-- Up-to-date: /home/pth/pth/model/Go2_simulator/devel/include/hpp/fcl/config.hh
-- Up-to-date: /home/pth/pth/model/Go2_simulator/devel/include/hpp/fcl/deprecated.hh
-- Up-to-date: /home/pth/pth/model/Go2_simulator/devel/include/hpp/fcl/warning.hh
-- Up-to-date: /home/pth/pth/model/Go2_simulator/devel/share/hpp-fcl/package.xml
-- Up-to-date: /home/pth/pth/model/Go2_simulator/devel/lib/pkgconfig/hpp-fcl.pc
-- Up-to-date: /home/pth/pth/model/Go2_simulator/devel/include/hpp/fcl/collision_data.h
-- Up-to-date: /home/pth/pth/model/Go2_simulator/devel/include/hpp/fcl/BV/kIOS.h
-- Up-to-date: /home/pth/pth/model/Go2_simulator/devel/include/hpp/fcl/BV/BV.h
-- Up-to-date: /home/pth/pth/model/Go2_simulator/devel/include/hpp/fcl/BV/RSS.h
-- Up-to-date: /home/pth/pth/model/Go2_simulator/devel/include/hpp/fcl/BV/OBBRSS.h
-- Up-to-date: /home/pth/pth/model/Go2_simulator/devel/include/hpp/fcl/BV/BV_node.h
-- Up-to-date: /home/pth/pth/model/Go2_simulator/devel/include/hpp/fcl/BV/AABB.h
-- Up-to-date: /home/pth/pth/model/Go2_simulator/devel/include/hpp/fcl/BV/OBB.h
-- Up-to-date: /home/pth/pth/model/Go2_simulator/devel/include/hpp/fcl/BV/kDOP.h
-- Up-to-date: /home/pth/pth/model/Go2_simulator/devel/include/hpp/fcl/narrowphase/narrowphase.h
-- Up-to-date: /home/pth/pth/model/Go2_simulator/devel/include/hpp/fcl/narrowphase/gjk.h
-- Up-to-date: /home/pth/pth/model/Go2_simulator/devel/include/hpp/fcl/shape/convex.h
-- Up-to-date: /home/pth/pth/model/Go2_simulator/devel/include/hpp/fcl/shape/details/convex.hxx
-- Up-to-date: /home/pth/pth/model/Go2_simulator/devel/include/hpp/fcl/shape/geometric_shape_to_BVH_model.h
-- Up-to-date: /home/pth/pth/model/Go2_simulator/devel/include/hpp/fcl/shape/geometric_shapes.h
-- Up-to-date: /home/pth/pth/model/Go2_simulator/devel/include/hpp/fcl/shape/geometric_shapes_utility.h
-- Up-to-date: /home/pth/pth/model/Go2_simulator/devel/include/hpp/fcl/distance_func_matrix.h
-- Up-to-date: /home/pth/pth/model/Go2_simulator/devel/include/hpp/fcl/collision.h
-- Up-to-date: /home/pth/pth/model/Go2_simulator/devel/include/hpp/fcl/collision_func_matrix.h
-- Up-to-date: /home/pth/pth/model/Go2_simulator/devel/include/hpp/fcl/distance.h
-- Up-to-date: /home/pth/pth/model/Go2_simulator/devel/include/hpp/fcl/math/matrix_3f.h
-- Up-to-date: /home/pth/pth/model/Go2_simulator/devel/include/hpp/fcl/math/vec_3f.h
-- Up-to-date: /home/pth/pth/model/Go2_simulator/devel/include/hpp/fcl/math/types.h
-- Up-to-date: /home/pth/pth/model/Go2_simulator/devel/include/hpp/fcl/math/transform.h
-- Up-to-date: /home/pth/pth/model/Go2_simulator/devel/include/hpp/fcl/data_types.h
-- Up-to-date: /home/pth/pth/model/Go2_simulator/devel/include/hpp/fcl/BVH/BVH_internal.h
-- Up-to-date: /home/pth/pth/model/Go2_simulator/devel/include/hpp/fcl/BVH/BVH_model.h
-- Up-to-date: /home/pth/pth/model/Go2_simulator/devel/include/hpp/fcl/BVH/BVH_front.h
-- Up-to-date: /home/pth/pth/model/Go2_simulator/devel/include/hpp/fcl/BVH/BVH_utility.h
-- Up-to-date: /home/pth/pth/model/Go2_simulator/devel/include/hpp/fcl/collision_object.h
-- Up-to-date: /home/pth/pth/model/Go2_simulator/devel/include/hpp/fcl/collision_utility.h
-- Up-to-date: /home/pth/pth/model/Go2_simulator/devel/include/hpp/fcl/octree.h
-- Up-to-date: /home/pth/pth/model/Go2_simulator/devel/include/hpp/fcl/fwd.hh
-- Up-to-date: /home/pth/pth/model/Go2_simulator/devel/include/hpp/fcl/mesh_loader/assimp.h
-- Up-to-date: /home/pth/pth/model/Go2_simulator/devel/include/hpp/fcl/mesh_loader/loader.h
-- Up-to-date: /home/pth/pth/model/Go2_simulator/devel/include/hpp/fcl/internal/BV_fitter.h
-- Up-to-date: /home/pth/pth/model/Go2_simulator/devel/include/hpp/fcl/internal/BV_splitter.h
-- Up-to-date: /home/pth/pth/model/Go2_simulator/devel/include/hpp/fcl/internal/intersect.h
-- Up-to-date: /home/pth/pth/model/Go2_simulator/devel/include/hpp/fcl/internal/tools.h
-- Up-to-date: /home/pth/pth/model/Go2_simulator/devel/include/hpp/fcl/internal/traversal_node_base.h
-- Up-to-date: /home/pth/pth/model/Go2_simulator/devel/include/hpp/fcl/internal/traversal_node_bvh_shape.h
-- Up-to-date: /home/pth/pth/model/Go2_simulator/devel/include/hpp/fcl/internal/traversal_node_bvhs.h
-- Up-to-date: /home/pth/pth/model/Go2_simulator/devel/include/hpp/fcl/internal/traversal_node_octree.h
-- Up-to-date: /home/pth/pth/model/Go2_simulator/devel/include/hpp/fcl/internal/traversal_node_setup.h
-- Up-to-date: /home/pth/pth/model/Go2_simulator/devel/include/hpp/fcl/internal/traversal_node_shapes.h
-- Up-to-date: /home/pth/pth/model/Go2_simulator/devel/include/hpp/fcl/internal/traversal_recurse.h
-- Up-to-date: /home/pth/pth/model/Go2_simulator/devel/include/hpp/fcl/internal/traversal.h
-- Up-to-date: /home/pth/pth/model/Go2_simulator/devel/lib/cmake/hpp-fcl/hpp-fclConfig.cmake
-- Up-to-date: /home/pth/pth/model/Go2_simulator/devel/lib/cmake/hpp-fcl/hpp-fclConfigVersion.cmake
-- Up-to-date: /home/pth/pth/model/Go2_simulator/devel/lib/cmake/hpp-fcl/hpp-fclTargets.cmake
-- Up-to-date: /home/pth/pth/model/Go2_simulator/devel/lib/cmake/hpp-fcl/hpp-fclTargets-noconfig.cmake
-- Up-to-date: /home/pth/pth/model/Go2_simulator/devel/lib/libhpp-fcl.so
